

================================================================
== Vitis HLS Report for 'relu_ap_fixed_16_6_0_0_0_ap_fixed_9_4_0_0_0_relu_config11_s'
================================================================
* Date:           Mon Jun 19 04:06:22 2023

* Version:        2022.2 (Build 3670227 on Oct 13 2022)
* Project:        myproject_prj
* Solution:       solution1 (Vivado IP Flow Target)
* Product family: virtexuplus
* Target device:  xcvu9p-flga2104-2L-e


================================================================
== Performance Estimates
================================================================
+ Timing: 
    * Summary: 
    +--------+---------+----------+------------+
    |  Clock |  Target | Estimated| Uncertainty|
    +--------+---------+----------+------------+
    |ap_clk  |  5.00 ns|  2.437 ns|     0.62 ns|
    +--------+---------+----------+------------+

+ Latency: 
    * Summary: 
    +---------+---------+----------+----------+-----+-----+---------+
    |  Latency (cycles) |  Latency (absolute) |  Interval | Pipeline|
    |   min   |   max   |    min   |    max   | min | max |   Type  |
    +---------+---------+----------+----------+-----+-----+---------+
    |        0|        0|      0 ns|      0 ns|    1|    1|      yes|
    +---------+---------+----------+----------+-----+-----+---------+

    + Detail: 
        * Instance: 
        N/A

        * Loop: 
        N/A

============================================================
+ Verbose Summary: Synthesis Manager
============================================================
InlineROM: 1
ExposeGlobal: 0
============================================================
+ Verbose Summary: CDFG Model
============================================================
IsTopModel: 0
ResetActiveHigh: 1
IsCombinational: 2
IsDatapathOnly: 0
HasWiredReturn: 1
HasMFsm: 2
HasVarLatency: 0
IsPipeline: 1
IsRtlPipelined: 0
IsInstanceOverlapped: 0
IsDontTouch: 0
HasImplIP: 0
IsGatedGlobalClock: 0

+ Individual pipeline summary: 
  * Pipeline-0: initiation interval (II) = 1, depth = 1


============================================================
+ Verbose Summary: Schedule
============================================================
* Number of FSM states : 1
* Pipeline : 1
  Pipeline-0 : II = 1, D = 1, States = { 1 }
* Dataflow Pipeline: 0

* FSM state transitions: 
1 --> 

* FSM state operations: 

State 1 <SV = 0> <Delay = 2.43>
ST_1 : Operation 2 [1/1] (0.00ns)   --->   "%specpipeline_ln40 = specpipeline void @_ssdm_op_SpecPipeline, i32 4294967295, i32 0, i32 0, i32 0, void @empty_0" [firmware/nnet_utils/nnet_activation.h:40]   --->   Operation 2 'specpipeline' 'specpipeline_ln40' <Predicate = true> <Delay = 0.00>
ST_1 : Operation 3 [1/1] (1.42ns)   --->   "%p_read_242 = read i14 @_ssdm_op_Read.ap_auto.i14, i14 %p_read19" [firmware/nnet_utils/nnet_activation.h:42]   --->   Operation 3 'read' 'p_read_242' <Predicate = true> <Delay = 1.42> <CoreInst = "FIFO_SRL">   --->   Core 81 'FIFO_SRL' <Latency = 0> <II = 1> <Delay = 1.42> <Storage> <Opcode : 'read' 'write' 'nbread' 'nbwrite'> <Ports = 0> <Width = -1> <Depth = -1> <FIFO>
ST_1 : Operation 4 [1/1] (1.42ns)   --->   "%p_read_243 = read i14 @_ssdm_op_Read.ap_auto.i14, i14 %p_read18" [firmware/nnet_utils/nnet_activation.h:42]   --->   Operation 4 'read' 'p_read_243' <Predicate = true> <Delay = 1.42> <CoreInst = "FIFO_SRL">   --->   Core 81 'FIFO_SRL' <Latency = 0> <II = 1> <Delay = 1.42> <Storage> <Opcode : 'read' 'write' 'nbread' 'nbwrite'> <Ports = 0> <Width = -1> <Depth = -1> <FIFO>
ST_1 : Operation 5 [1/1] (1.42ns)   --->   "%p_read_244 = read i14 @_ssdm_op_Read.ap_auto.i14, i14 %p_read17" [firmware/nnet_utils/nnet_activation.h:42]   --->   Operation 5 'read' 'p_read_244' <Predicate = true> <Delay = 1.42> <CoreInst = "FIFO_SRL">   --->   Core 81 'FIFO_SRL' <Latency = 0> <II = 1> <Delay = 1.42> <Storage> <Opcode : 'read' 'write' 'nbread' 'nbwrite'> <Ports = 0> <Width = -1> <Depth = -1> <FIFO>
ST_1 : Operation 6 [1/1] (1.42ns)   --->   "%p_read_245 = read i14 @_ssdm_op_Read.ap_auto.i14, i14 %p_read16" [firmware/nnet_utils/nnet_activation.h:42]   --->   Operation 6 'read' 'p_read_245' <Predicate = true> <Delay = 1.42> <CoreInst = "FIFO_SRL">   --->   Core 81 'FIFO_SRL' <Latency = 0> <II = 1> <Delay = 1.42> <Storage> <Opcode : 'read' 'write' 'nbread' 'nbwrite'> <Ports = 0> <Width = -1> <Depth = -1> <FIFO>
ST_1 : Operation 7 [1/1] (1.42ns)   --->   "%p_read_246 = read i14 @_ssdm_op_Read.ap_auto.i14, i14 %p_read15" [firmware/nnet_utils/nnet_activation.h:42]   --->   Operation 7 'read' 'p_read_246' <Predicate = true> <Delay = 1.42> <CoreInst = "FIFO_SRL">   --->   Core 81 'FIFO_SRL' <Latency = 0> <II = 1> <Delay = 1.42> <Storage> <Opcode : 'read' 'write' 'nbread' 'nbwrite'> <Ports = 0> <Width = -1> <Depth = -1> <FIFO>
ST_1 : Operation 8 [1/1] (1.42ns)   --->   "%p_read_247 = read i14 @_ssdm_op_Read.ap_auto.i14, i14 %p_read14" [firmware/nnet_utils/nnet_activation.h:42]   --->   Operation 8 'read' 'p_read_247' <Predicate = true> <Delay = 1.42> <CoreInst = "FIFO_SRL">   --->   Core 81 'FIFO_SRL' <Latency = 0> <II = 1> <Delay = 1.42> <Storage> <Opcode : 'read' 'write' 'nbread' 'nbwrite'> <Ports = 0> <Width = -1> <Depth = -1> <FIFO>
ST_1 : Operation 9 [1/1] (1.42ns)   --->   "%p_read_248 = read i14 @_ssdm_op_Read.ap_auto.i14, i14 %p_read13" [firmware/nnet_utils/nnet_activation.h:42]   --->   Operation 9 'read' 'p_read_248' <Predicate = true> <Delay = 1.42> <CoreInst = "FIFO_SRL">   --->   Core 81 'FIFO_SRL' <Latency = 0> <II = 1> <Delay = 1.42> <Storage> <Opcode : 'read' 'write' 'nbread' 'nbwrite'> <Ports = 0> <Width = -1> <Depth = -1> <FIFO>
ST_1 : Operation 10 [1/1] (1.42ns)   --->   "%p_read1232 = read i14 @_ssdm_op_Read.ap_auto.i14, i14 %p_read12" [firmware/nnet_utils/nnet_activation.h:42]   --->   Operation 10 'read' 'p_read1232' <Predicate = true> <Delay = 1.42> <CoreInst = "FIFO_SRL">   --->   Core 81 'FIFO_SRL' <Latency = 0> <II = 1> <Delay = 1.42> <Storage> <Opcode : 'read' 'write' 'nbread' 'nbwrite'> <Ports = 0> <Width = -1> <Depth = -1> <FIFO>
ST_1 : Operation 11 [1/1] (1.42ns)   --->   "%p_read1131 = read i14 @_ssdm_op_Read.ap_auto.i14, i14 %p_read11" [firmware/nnet_utils/nnet_activation.h:42]   --->   Operation 11 'read' 'p_read1131' <Predicate = true> <Delay = 1.42> <CoreInst = "FIFO_SRL">   --->   Core 81 'FIFO_SRL' <Latency = 0> <II = 1> <Delay = 1.42> <Storage> <Opcode : 'read' 'write' 'nbread' 'nbwrite'> <Ports = 0> <Width = -1> <Depth = -1> <FIFO>
ST_1 : Operation 12 [1/1] (1.42ns)   --->   "%p_read1030 = read i14 @_ssdm_op_Read.ap_auto.i14, i14 %p_read10" [firmware/nnet_utils/nnet_activation.h:42]   --->   Operation 12 'read' 'p_read1030' <Predicate = true> <Delay = 1.42> <CoreInst = "FIFO_SRL">   --->   Core 81 'FIFO_SRL' <Latency = 0> <II = 1> <Delay = 1.42> <Storage> <Opcode : 'read' 'write' 'nbread' 'nbwrite'> <Ports = 0> <Width = -1> <Depth = -1> <FIFO>
ST_1 : Operation 13 [1/1] (1.42ns)   --->   "%p_read929 = read i14 @_ssdm_op_Read.ap_auto.i14, i14 %p_read9" [firmware/nnet_utils/nnet_activation.h:42]   --->   Operation 13 'read' 'p_read929' <Predicate = true> <Delay = 1.42> <CoreInst = "FIFO_SRL">   --->   Core 81 'FIFO_SRL' <Latency = 0> <II = 1> <Delay = 1.42> <Storage> <Opcode : 'read' 'write' 'nbread' 'nbwrite'> <Ports = 0> <Width = -1> <Depth = -1> <FIFO>
ST_1 : Operation 14 [1/1] (1.42ns)   --->   "%p_read828 = read i14 @_ssdm_op_Read.ap_auto.i14, i14 %p_read8" [firmware/nnet_utils/nnet_activation.h:42]   --->   Operation 14 'read' 'p_read828' <Predicate = true> <Delay = 1.42> <CoreInst = "FIFO_SRL">   --->   Core 81 'FIFO_SRL' <Latency = 0> <II = 1> <Delay = 1.42> <Storage> <Opcode : 'read' 'write' 'nbread' 'nbwrite'> <Ports = 0> <Width = -1> <Depth = -1> <FIFO>
ST_1 : Operation 15 [1/1] (1.42ns)   --->   "%p_read727 = read i14 @_ssdm_op_Read.ap_auto.i14, i14 %p_read7" [firmware/nnet_utils/nnet_activation.h:42]   --->   Operation 15 'read' 'p_read727' <Predicate = true> <Delay = 1.42> <CoreInst = "FIFO_SRL">   --->   Core 81 'FIFO_SRL' <Latency = 0> <II = 1> <Delay = 1.42> <Storage> <Opcode : 'read' 'write' 'nbread' 'nbwrite'> <Ports = 0> <Width = -1> <Depth = -1> <FIFO>
ST_1 : Operation 16 [1/1] (1.42ns)   --->   "%p_read626 = read i14 @_ssdm_op_Read.ap_auto.i14, i14 %p_read6" [firmware/nnet_utils/nnet_activation.h:42]   --->   Operation 16 'read' 'p_read626' <Predicate = true> <Delay = 1.42> <CoreInst = "FIFO_SRL">   --->   Core 81 'FIFO_SRL' <Latency = 0> <II = 1> <Delay = 1.42> <Storage> <Opcode : 'read' 'write' 'nbread' 'nbwrite'> <Ports = 0> <Width = -1> <Depth = -1> <FIFO>
ST_1 : Operation 17 [1/1] (1.42ns)   --->   "%p_read525 = read i14 @_ssdm_op_Read.ap_auto.i14, i14 %p_read5" [firmware/nnet_utils/nnet_activation.h:42]   --->   Operation 17 'read' 'p_read525' <Predicate = true> <Delay = 1.42> <CoreInst = "FIFO_SRL">   --->   Core 81 'FIFO_SRL' <Latency = 0> <II = 1> <Delay = 1.42> <Storage> <Opcode : 'read' 'write' 'nbread' 'nbwrite'> <Ports = 0> <Width = -1> <Depth = -1> <FIFO>
ST_1 : Operation 18 [1/1] (1.42ns)   --->   "%p_read424 = read i14 @_ssdm_op_Read.ap_auto.i14, i14 %p_read4" [firmware/nnet_utils/nnet_activation.h:42]   --->   Operation 18 'read' 'p_read424' <Predicate = true> <Delay = 1.42> <CoreInst = "FIFO_SRL">   --->   Core 81 'FIFO_SRL' <Latency = 0> <II = 1> <Delay = 1.42> <Storage> <Opcode : 'read' 'write' 'nbread' 'nbwrite'> <Ports = 0> <Width = -1> <Depth = -1> <FIFO>
ST_1 : Operation 19 [1/1] (1.42ns)   --->   "%p_read323 = read i14 @_ssdm_op_Read.ap_auto.i14, i14 %p_read3" [firmware/nnet_utils/nnet_activation.h:42]   --->   Operation 19 'read' 'p_read323' <Predicate = true> <Delay = 1.42> <CoreInst = "FIFO_SRL">   --->   Core 81 'FIFO_SRL' <Latency = 0> <II = 1> <Delay = 1.42> <Storage> <Opcode : 'read' 'write' 'nbread' 'nbwrite'> <Ports = 0> <Width = -1> <Depth = -1> <FIFO>
ST_1 : Operation 20 [1/1] (1.42ns)   --->   "%p_read222 = read i14 @_ssdm_op_Read.ap_auto.i14, i14 %p_read2" [firmware/nnet_utils/nnet_activation.h:42]   --->   Operation 20 'read' 'p_read222' <Predicate = true> <Delay = 1.42> <CoreInst = "FIFO_SRL">   --->   Core 81 'FIFO_SRL' <Latency = 0> <II = 1> <Delay = 1.42> <Storage> <Opcode : 'read' 'write' 'nbread' 'nbwrite'> <Ports = 0> <Width = -1> <Depth = -1> <FIFO>
ST_1 : Operation 21 [1/1] (1.42ns)   --->   "%p_read121 = read i14 @_ssdm_op_Read.ap_auto.i14, i14 %p_read1" [firmware/nnet_utils/nnet_activation.h:42]   --->   Operation 21 'read' 'p_read121' <Predicate = true> <Delay = 1.42> <CoreInst = "FIFO_SRL">   --->   Core 81 'FIFO_SRL' <Latency = 0> <II = 1> <Delay = 1.42> <Storage> <Opcode : 'read' 'write' 'nbread' 'nbwrite'> <Ports = 0> <Width = -1> <Depth = -1> <FIFO>
ST_1 : Operation 22 [1/1] (1.42ns)   --->   "%p_read_249 = read i14 @_ssdm_op_Read.ap_auto.i14, i14 %p_read" [firmware/nnet_utils/nnet_activation.h:42]   --->   Operation 22 'read' 'p_read_249' <Predicate = true> <Delay = 1.42> <CoreInst = "FIFO_SRL">   --->   Core 81 'FIFO_SRL' <Latency = 0> <II = 1> <Delay = 1.42> <Storage> <Opcode : 'read' 'write' 'nbread' 'nbwrite'> <Ports = 0> <Width = -1> <Depth = -1> <FIFO>
ST_1 : Operation 23 [1/1] (0.65ns)   --->   "%icmp_ln1649 = icmp_sgt  i14 %p_read_249, i14 0"   --->   Operation 23 'icmp' 'icmp_ln1649' <Predicate = true> <Delay = 0.65> <CoreInst = "Cmp">   --->   Core 9 'Cmp' <Latency = 0> <II = 1> <Delay = 0.65> <FuncUnit> <Opcode : 'icmp'> <InPorts = 2> <OutPorts = 1>
ST_1 : Operation 24 [1/1] (0.00ns)   --->   "%p_Val2_s = partselect i8 @_ssdm_op_PartSelect.i8.i14.i32.i32, i14 %p_read_249, i32 5, i32 12"   --->   Operation 24 'partselect' 'p_Val2_s' <Predicate = (icmp_ln1649)> <Delay = 0.00>
ST_1 : Operation 25 [1/1] (0.00ns)   --->   "%zext_ln818 = zext i8 %p_Val2_s"   --->   Operation 25 'zext' 'zext_ln818' <Predicate = (icmp_ln1649)> <Delay = 0.00>
ST_1 : Operation 26 [1/1] (0.00ns)   --->   "%tmp = bitselect i1 @_ssdm_op_BitSelect.i1.i14.i32, i14 %p_read_249, i32 4"   --->   Operation 26 'bitselect' 'tmp' <Predicate = (icmp_ln1649)> <Delay = 0.00>
ST_1 : Operation 27 [1/1] (0.00ns)   --->   "%zext_ln377 = zext i1 %tmp"   --->   Operation 27 'zext' 'zext_ln377' <Predicate = (icmp_ln1649)> <Delay = 0.00>
ST_1 : Operation 28 [1/1] (0.00ns)   --->   "%zext_ln377_449 = zext i1 %tmp"   --->   Operation 28 'zext' 'zext_ln377_449' <Predicate = (!overflow & icmp_ln1649)> <Delay = 0.00>
ST_1 : Operation 29 [1/1] (0.70ns)   --->   "%p_Val2_509 = add i9 %zext_ln818, i9 %zext_ln377"   --->   Operation 29 'add' 'p_Val2_509' <Predicate = (icmp_ln1649)> <Delay = 0.70> <CoreInst = "Adder">   --->   Core 1 'Adder' <Latency = 0> <II = 1> <Delay = 0.70> <FuncUnit> <Opcode : 'add' 'sub'> <InPorts = 2> <OutPorts = 1>
ST_1 : Operation 30 [1/1] (0.70ns)   --->   "%add_ln856 = add i8 %p_Val2_s, i8 %zext_ln377_449"   --->   Operation 30 'add' 'add_ln856' <Predicate = (!overflow & icmp_ln1649)> <Delay = 0.70> <CoreInst = "Adder">   --->   Core 1 'Adder' <Latency = 0> <II = 1> <Delay = 0.70> <FuncUnit> <Opcode : 'add' 'sub'> <InPorts = 2> <OutPorts = 1>
ST_1 : Operation 31 [1/1] (0.00ns) (grouped into LUT with out node select_ln1649)   --->   "%p_Result_s = bitselect i1 @_ssdm_op_BitSelect.i1.i9.i32, i9 %p_Val2_509, i32 8"   --->   Operation 31 'bitselect' 'p_Result_s' <Predicate = (icmp_ln1649)> <Delay = 0.00>
ST_1 : Operation 32 [1/1] (0.00ns) (grouped into LUT with out node select_ln1649)   --->   "%tmp_770 = bitselect i1 @_ssdm_op_BitSelect.i1.i14.i32, i14 %p_read_249, i32 13"   --->   Operation 32 'bitselect' 'tmp_770' <Predicate = (icmp_ln1649)> <Delay = 0.00>
ST_1 : Operation 33 [1/1] (0.00ns) (grouped into LUT with out node select_ln1649)   --->   "%overflow = or i1 %p_Result_s, i1 %tmp_770"   --->   Operation 33 'or' 'overflow' <Predicate = (icmp_ln1649)> <Delay = 0.00> <CoreInst = "LogicGate">   --->   Core 74 'LogicGate' <Latency = 0> <II = 1> <Delay = 0.12> <FuncUnit> <Opcode : 'and' 'or' 'xor'> <InPorts = 2> <OutPorts = 1>
ST_1 : Operation 34 [1/1] (0.00ns) (grouped into LUT with out node select_ln1649)   --->   "%select_ln346 = select i1 %overflow, i8 255, i8 %add_ln856"   --->   Operation 34 'select' 'select_ln346' <Predicate = (icmp_ln1649)> <Delay = 0.00> <CoreInst = "Sel">   --->   Core 73 'Sel' <Latency = 0> <II = 1> <Delay = 0.30> <FuncUnit> <Opcode : 'select'> <InPorts = 3> <OutPorts = 1>
ST_1 : Operation 35 [1/1] (0.30ns) (out node of the LUT)   --->   "%select_ln1649 = select i1 %icmp_ln1649, i8 %select_ln346, i8 0"   --->   Operation 35 'select' 'select_ln1649' <Predicate = true> <Delay = 0.30> <CoreInst = "Sel">   --->   Core 73 'Sel' <Latency = 0> <II = 1> <Delay = 0.30> <FuncUnit> <Opcode : 'select'> <InPorts = 3> <OutPorts = 1>
ST_1 : Operation 36 [1/1] (0.65ns)   --->   "%icmp_ln1649_258 = icmp_sgt  i14 %p_read121, i14 0"   --->   Operation 36 'icmp' 'icmp_ln1649_258' <Predicate = true> <Delay = 0.65> <CoreInst = "Cmp">   --->   Core 9 'Cmp' <Latency = 0> <II = 1> <Delay = 0.65> <FuncUnit> <Opcode : 'icmp'> <InPorts = 2> <OutPorts = 1>
ST_1 : Operation 37 [1/1] (0.00ns)   --->   "%p_Val2_510 = partselect i8 @_ssdm_op_PartSelect.i8.i14.i32.i32, i14 %p_read121, i32 5, i32 12"   --->   Operation 37 'partselect' 'p_Val2_510' <Predicate = (icmp_ln1649_258)> <Delay = 0.00>
ST_1 : Operation 38 [1/1] (0.00ns)   --->   "%zext_ln818_249 = zext i8 %p_Val2_510"   --->   Operation 38 'zext' 'zext_ln818_249' <Predicate = (icmp_ln1649_258)> <Delay = 0.00>
ST_1 : Operation 39 [1/1] (0.00ns)   --->   "%tmp_771 = bitselect i1 @_ssdm_op_BitSelect.i1.i14.i32, i14 %p_read121, i32 4"   --->   Operation 39 'bitselect' 'tmp_771' <Predicate = (icmp_ln1649_258)> <Delay = 0.00>
ST_1 : Operation 40 [1/1] (0.00ns)   --->   "%zext_ln377_258 = zext i1 %tmp_771"   --->   Operation 40 'zext' 'zext_ln377_258' <Predicate = (icmp_ln1649_258)> <Delay = 0.00>
ST_1 : Operation 41 [1/1] (0.00ns)   --->   "%zext_ln377_450 = zext i1 %tmp_771"   --->   Operation 41 'zext' 'zext_ln377_450' <Predicate = (!overflow_258 & icmp_ln1649_258)> <Delay = 0.00>
ST_1 : Operation 42 [1/1] (0.70ns)   --->   "%p_Val2_511 = add i9 %zext_ln818_249, i9 %zext_ln377_258"   --->   Operation 42 'add' 'p_Val2_511' <Predicate = (icmp_ln1649_258)> <Delay = 0.70> <CoreInst = "Adder">   --->   Core 1 'Adder' <Latency = 0> <II = 1> <Delay = 0.70> <FuncUnit> <Opcode : 'add' 'sub'> <InPorts = 2> <OutPorts = 1>
ST_1 : Operation 43 [1/1] (0.70ns)   --->   "%add_ln856_249 = add i8 %p_Val2_510, i8 %zext_ln377_450"   --->   Operation 43 'add' 'add_ln856_249' <Predicate = (!overflow_258 & icmp_ln1649_258)> <Delay = 0.70> <CoreInst = "Adder">   --->   Core 1 'Adder' <Latency = 0> <II = 1> <Delay = 0.70> <FuncUnit> <Opcode : 'add' 'sub'> <InPorts = 2> <OutPorts = 1>
ST_1 : Operation 44 [1/1] (0.00ns) (grouped into LUT with out node select_ln1649_258)   --->   "%p_Result_249 = bitselect i1 @_ssdm_op_BitSelect.i1.i9.i32, i9 %p_Val2_511, i32 8"   --->   Operation 44 'bitselect' 'p_Result_249' <Predicate = (icmp_ln1649_258)> <Delay = 0.00>
ST_1 : Operation 45 [1/1] (0.00ns) (grouped into LUT with out node select_ln1649_258)   --->   "%tmp_773 = bitselect i1 @_ssdm_op_BitSelect.i1.i14.i32, i14 %p_read121, i32 13"   --->   Operation 45 'bitselect' 'tmp_773' <Predicate = (icmp_ln1649_258)> <Delay = 0.00>
ST_1 : Operation 46 [1/1] (0.00ns) (grouped into LUT with out node select_ln1649_258)   --->   "%overflow_258 = or i1 %p_Result_249, i1 %tmp_773"   --->   Operation 46 'or' 'overflow_258' <Predicate = (icmp_ln1649_258)> <Delay = 0.00> <CoreInst = "LogicGate">   --->   Core 74 'LogicGate' <Latency = 0> <II = 1> <Delay = 0.12> <FuncUnit> <Opcode : 'and' 'or' 'xor'> <InPorts = 2> <OutPorts = 1>
ST_1 : Operation 47 [1/1] (0.00ns) (grouped into LUT with out node select_ln1649_258)   --->   "%select_ln346_258 = select i1 %overflow_258, i8 255, i8 %add_ln856_249"   --->   Operation 47 'select' 'select_ln346_258' <Predicate = (icmp_ln1649_258)> <Delay = 0.00> <CoreInst = "Sel">   --->   Core 73 'Sel' <Latency = 0> <II = 1> <Delay = 0.30> <FuncUnit> <Opcode : 'select'> <InPorts = 3> <OutPorts = 1>
ST_1 : Operation 48 [1/1] (0.30ns) (out node of the LUT)   --->   "%select_ln1649_258 = select i1 %icmp_ln1649_258, i8 %select_ln346_258, i8 0"   --->   Operation 48 'select' 'select_ln1649_258' <Predicate = true> <Delay = 0.30> <CoreInst = "Sel">   --->   Core 73 'Sel' <Latency = 0> <II = 1> <Delay = 0.30> <FuncUnit> <Opcode : 'select'> <InPorts = 3> <OutPorts = 1>
ST_1 : Operation 49 [1/1] (0.65ns)   --->   "%icmp_ln1649_259 = icmp_sgt  i14 %p_read222, i14 0"   --->   Operation 49 'icmp' 'icmp_ln1649_259' <Predicate = true> <Delay = 0.65> <CoreInst = "Cmp">   --->   Core 9 'Cmp' <Latency = 0> <II = 1> <Delay = 0.65> <FuncUnit> <Opcode : 'icmp'> <InPorts = 2> <OutPorts = 1>
ST_1 : Operation 50 [1/1] (0.00ns)   --->   "%p_Val2_512 = partselect i8 @_ssdm_op_PartSelect.i8.i14.i32.i32, i14 %p_read222, i32 5, i32 12"   --->   Operation 50 'partselect' 'p_Val2_512' <Predicate = (icmp_ln1649_259)> <Delay = 0.00>
ST_1 : Operation 51 [1/1] (0.00ns)   --->   "%zext_ln818_250 = zext i8 %p_Val2_512"   --->   Operation 51 'zext' 'zext_ln818_250' <Predicate = (icmp_ln1649_259)> <Delay = 0.00>
ST_1 : Operation 52 [1/1] (0.00ns)   --->   "%tmp_774 = bitselect i1 @_ssdm_op_BitSelect.i1.i14.i32, i14 %p_read222, i32 4"   --->   Operation 52 'bitselect' 'tmp_774' <Predicate = (icmp_ln1649_259)> <Delay = 0.00>
ST_1 : Operation 53 [1/1] (0.00ns)   --->   "%zext_ln377_259 = zext i1 %tmp_774"   --->   Operation 53 'zext' 'zext_ln377_259' <Predicate = (icmp_ln1649_259)> <Delay = 0.00>
ST_1 : Operation 54 [1/1] (0.00ns)   --->   "%zext_ln377_451 = zext i1 %tmp_774"   --->   Operation 54 'zext' 'zext_ln377_451' <Predicate = (!overflow_259 & icmp_ln1649_259)> <Delay = 0.00>
ST_1 : Operation 55 [1/1] (0.70ns)   --->   "%p_Val2_513 = add i9 %zext_ln818_250, i9 %zext_ln377_259"   --->   Operation 55 'add' 'p_Val2_513' <Predicate = (icmp_ln1649_259)> <Delay = 0.70> <CoreInst = "Adder">   --->   Core 1 'Adder' <Latency = 0> <II = 1> <Delay = 0.70> <FuncUnit> <Opcode : 'add' 'sub'> <InPorts = 2> <OutPorts = 1>
ST_1 : Operation 56 [1/1] (0.70ns)   --->   "%add_ln856_250 = add i8 %p_Val2_512, i8 %zext_ln377_451"   --->   Operation 56 'add' 'add_ln856_250' <Predicate = (!overflow_259 & icmp_ln1649_259)> <Delay = 0.70> <CoreInst = "Adder">   --->   Core 1 'Adder' <Latency = 0> <II = 1> <Delay = 0.70> <FuncUnit> <Opcode : 'add' 'sub'> <InPorts = 2> <OutPorts = 1>
ST_1 : Operation 57 [1/1] (0.00ns) (grouped into LUT with out node select_ln1649_259)   --->   "%p_Result_250 = bitselect i1 @_ssdm_op_BitSelect.i1.i9.i32, i9 %p_Val2_513, i32 8"   --->   Operation 57 'bitselect' 'p_Result_250' <Predicate = (icmp_ln1649_259)> <Delay = 0.00>
ST_1 : Operation 58 [1/1] (0.00ns) (grouped into LUT with out node select_ln1649_259)   --->   "%tmp_776 = bitselect i1 @_ssdm_op_BitSelect.i1.i14.i32, i14 %p_read222, i32 13"   --->   Operation 58 'bitselect' 'tmp_776' <Predicate = (icmp_ln1649_259)> <Delay = 0.00>
ST_1 : Operation 59 [1/1] (0.00ns) (grouped into LUT with out node select_ln1649_259)   --->   "%overflow_259 = or i1 %p_Result_250, i1 %tmp_776"   --->   Operation 59 'or' 'overflow_259' <Predicate = (icmp_ln1649_259)> <Delay = 0.00> <CoreInst = "LogicGate">   --->   Core 74 'LogicGate' <Latency = 0> <II = 1> <Delay = 0.12> <FuncUnit> <Opcode : 'and' 'or' 'xor'> <InPorts = 2> <OutPorts = 1>
ST_1 : Operation 60 [1/1] (0.00ns) (grouped into LUT with out node select_ln1649_259)   --->   "%select_ln346_259 = select i1 %overflow_259, i8 255, i8 %add_ln856_250"   --->   Operation 60 'select' 'select_ln346_259' <Predicate = (icmp_ln1649_259)> <Delay = 0.00> <CoreInst = "Sel">   --->   Core 73 'Sel' <Latency = 0> <II = 1> <Delay = 0.30> <FuncUnit> <Opcode : 'select'> <InPorts = 3> <OutPorts = 1>
ST_1 : Operation 61 [1/1] (0.30ns) (out node of the LUT)   --->   "%select_ln1649_259 = select i1 %icmp_ln1649_259, i8 %select_ln346_259, i8 0"   --->   Operation 61 'select' 'select_ln1649_259' <Predicate = true> <Delay = 0.30> <CoreInst = "Sel">   --->   Core 73 'Sel' <Latency = 0> <II = 1> <Delay = 0.30> <FuncUnit> <Opcode : 'select'> <InPorts = 3> <OutPorts = 1>
ST_1 : Operation 62 [1/1] (0.65ns)   --->   "%icmp_ln1649_260 = icmp_sgt  i14 %p_read323, i14 0"   --->   Operation 62 'icmp' 'icmp_ln1649_260' <Predicate = true> <Delay = 0.65> <CoreInst = "Cmp">   --->   Core 9 'Cmp' <Latency = 0> <II = 1> <Delay = 0.65> <FuncUnit> <Opcode : 'icmp'> <InPorts = 2> <OutPorts = 1>
ST_1 : Operation 63 [1/1] (0.00ns)   --->   "%p_Val2_514 = partselect i8 @_ssdm_op_PartSelect.i8.i14.i32.i32, i14 %p_read323, i32 5, i32 12"   --->   Operation 63 'partselect' 'p_Val2_514' <Predicate = (icmp_ln1649_260)> <Delay = 0.00>
ST_1 : Operation 64 [1/1] (0.00ns)   --->   "%zext_ln818_251 = zext i8 %p_Val2_514"   --->   Operation 64 'zext' 'zext_ln818_251' <Predicate = (icmp_ln1649_260)> <Delay = 0.00>
ST_1 : Operation 65 [1/1] (0.00ns)   --->   "%tmp_777 = bitselect i1 @_ssdm_op_BitSelect.i1.i14.i32, i14 %p_read323, i32 4"   --->   Operation 65 'bitselect' 'tmp_777' <Predicate = (icmp_ln1649_260)> <Delay = 0.00>
ST_1 : Operation 66 [1/1] (0.00ns)   --->   "%zext_ln377_260 = zext i1 %tmp_777"   --->   Operation 66 'zext' 'zext_ln377_260' <Predicate = (icmp_ln1649_260)> <Delay = 0.00>
ST_1 : Operation 67 [1/1] (0.00ns)   --->   "%zext_ln377_452 = zext i1 %tmp_777"   --->   Operation 67 'zext' 'zext_ln377_452' <Predicate = (!overflow_260 & icmp_ln1649_260)> <Delay = 0.00>
ST_1 : Operation 68 [1/1] (0.70ns)   --->   "%p_Val2_515 = add i9 %zext_ln818_251, i9 %zext_ln377_260"   --->   Operation 68 'add' 'p_Val2_515' <Predicate = (icmp_ln1649_260)> <Delay = 0.70> <CoreInst = "Adder">   --->   Core 1 'Adder' <Latency = 0> <II = 1> <Delay = 0.70> <FuncUnit> <Opcode : 'add' 'sub'> <InPorts = 2> <OutPorts = 1>
ST_1 : Operation 69 [1/1] (0.70ns)   --->   "%add_ln856_251 = add i8 %p_Val2_514, i8 %zext_ln377_452"   --->   Operation 69 'add' 'add_ln856_251' <Predicate = (!overflow_260 & icmp_ln1649_260)> <Delay = 0.70> <CoreInst = "Adder">   --->   Core 1 'Adder' <Latency = 0> <II = 1> <Delay = 0.70> <FuncUnit> <Opcode : 'add' 'sub'> <InPorts = 2> <OutPorts = 1>
ST_1 : Operation 70 [1/1] (0.00ns) (grouped into LUT with out node select_ln1649_260)   --->   "%p_Result_251 = bitselect i1 @_ssdm_op_BitSelect.i1.i9.i32, i9 %p_Val2_515, i32 8"   --->   Operation 70 'bitselect' 'p_Result_251' <Predicate = (icmp_ln1649_260)> <Delay = 0.00>
ST_1 : Operation 71 [1/1] (0.00ns) (grouped into LUT with out node select_ln1649_260)   --->   "%tmp_779 = bitselect i1 @_ssdm_op_BitSelect.i1.i14.i32, i14 %p_read323, i32 13"   --->   Operation 71 'bitselect' 'tmp_779' <Predicate = (icmp_ln1649_260)> <Delay = 0.00>
ST_1 : Operation 72 [1/1] (0.00ns) (grouped into LUT with out node select_ln1649_260)   --->   "%overflow_260 = or i1 %p_Result_251, i1 %tmp_779"   --->   Operation 72 'or' 'overflow_260' <Predicate = (icmp_ln1649_260)> <Delay = 0.00> <CoreInst = "LogicGate">   --->   Core 74 'LogicGate' <Latency = 0> <II = 1> <Delay = 0.12> <FuncUnit> <Opcode : 'and' 'or' 'xor'> <InPorts = 2> <OutPorts = 1>
ST_1 : Operation 73 [1/1] (0.00ns) (grouped into LUT with out node select_ln1649_260)   --->   "%select_ln346_260 = select i1 %overflow_260, i8 255, i8 %add_ln856_251"   --->   Operation 73 'select' 'select_ln346_260' <Predicate = (icmp_ln1649_260)> <Delay = 0.00> <CoreInst = "Sel">   --->   Core 73 'Sel' <Latency = 0> <II = 1> <Delay = 0.30> <FuncUnit> <Opcode : 'select'> <InPorts = 3> <OutPorts = 1>
ST_1 : Operation 74 [1/1] (0.30ns) (out node of the LUT)   --->   "%select_ln1649_260 = select i1 %icmp_ln1649_260, i8 %select_ln346_260, i8 0"   --->   Operation 74 'select' 'select_ln1649_260' <Predicate = true> <Delay = 0.30> <CoreInst = "Sel">   --->   Core 73 'Sel' <Latency = 0> <II = 1> <Delay = 0.30> <FuncUnit> <Opcode : 'select'> <InPorts = 3> <OutPorts = 1>
ST_1 : Operation 75 [1/1] (0.65ns)   --->   "%icmp_ln1649_261 = icmp_sgt  i14 %p_read424, i14 0"   --->   Operation 75 'icmp' 'icmp_ln1649_261' <Predicate = true> <Delay = 0.65> <CoreInst = "Cmp">   --->   Core 9 'Cmp' <Latency = 0> <II = 1> <Delay = 0.65> <FuncUnit> <Opcode : 'icmp'> <InPorts = 2> <OutPorts = 1>
ST_1 : Operation 76 [1/1] (0.00ns)   --->   "%p_Val2_516 = partselect i8 @_ssdm_op_PartSelect.i8.i14.i32.i32, i14 %p_read424, i32 5, i32 12"   --->   Operation 76 'partselect' 'p_Val2_516' <Predicate = (icmp_ln1649_261)> <Delay = 0.00>
ST_1 : Operation 77 [1/1] (0.00ns)   --->   "%zext_ln818_252 = zext i8 %p_Val2_516"   --->   Operation 77 'zext' 'zext_ln818_252' <Predicate = (icmp_ln1649_261)> <Delay = 0.00>
ST_1 : Operation 78 [1/1] (0.00ns)   --->   "%tmp_780 = bitselect i1 @_ssdm_op_BitSelect.i1.i14.i32, i14 %p_read424, i32 4"   --->   Operation 78 'bitselect' 'tmp_780' <Predicate = (icmp_ln1649_261)> <Delay = 0.00>
ST_1 : Operation 79 [1/1] (0.00ns)   --->   "%zext_ln377_261 = zext i1 %tmp_780"   --->   Operation 79 'zext' 'zext_ln377_261' <Predicate = (icmp_ln1649_261)> <Delay = 0.00>
ST_1 : Operation 80 [1/1] (0.00ns)   --->   "%zext_ln377_453 = zext i1 %tmp_780"   --->   Operation 80 'zext' 'zext_ln377_453' <Predicate = (!overflow_261 & icmp_ln1649_261)> <Delay = 0.00>
ST_1 : Operation 81 [1/1] (0.70ns)   --->   "%p_Val2_517 = add i9 %zext_ln818_252, i9 %zext_ln377_261"   --->   Operation 81 'add' 'p_Val2_517' <Predicate = (icmp_ln1649_261)> <Delay = 0.70> <CoreInst = "Adder">   --->   Core 1 'Adder' <Latency = 0> <II = 1> <Delay = 0.70> <FuncUnit> <Opcode : 'add' 'sub'> <InPorts = 2> <OutPorts = 1>
ST_1 : Operation 82 [1/1] (0.70ns)   --->   "%add_ln856_252 = add i8 %p_Val2_516, i8 %zext_ln377_453"   --->   Operation 82 'add' 'add_ln856_252' <Predicate = (!overflow_261 & icmp_ln1649_261)> <Delay = 0.70> <CoreInst = "Adder">   --->   Core 1 'Adder' <Latency = 0> <II = 1> <Delay = 0.70> <FuncUnit> <Opcode : 'add' 'sub'> <InPorts = 2> <OutPorts = 1>
ST_1 : Operation 83 [1/1] (0.00ns) (grouped into LUT with out node select_ln1649_261)   --->   "%p_Result_252 = bitselect i1 @_ssdm_op_BitSelect.i1.i9.i32, i9 %p_Val2_517, i32 8"   --->   Operation 83 'bitselect' 'p_Result_252' <Predicate = (icmp_ln1649_261)> <Delay = 0.00>
ST_1 : Operation 84 [1/1] (0.00ns) (grouped into LUT with out node select_ln1649_261)   --->   "%tmp_782 = bitselect i1 @_ssdm_op_BitSelect.i1.i14.i32, i14 %p_read424, i32 13"   --->   Operation 84 'bitselect' 'tmp_782' <Predicate = (icmp_ln1649_261)> <Delay = 0.00>
ST_1 : Operation 85 [1/1] (0.00ns) (grouped into LUT with out node select_ln1649_261)   --->   "%overflow_261 = or i1 %p_Result_252, i1 %tmp_782"   --->   Operation 85 'or' 'overflow_261' <Predicate = (icmp_ln1649_261)> <Delay = 0.00> <CoreInst = "LogicGate">   --->   Core 74 'LogicGate' <Latency = 0> <II = 1> <Delay = 0.12> <FuncUnit> <Opcode : 'and' 'or' 'xor'> <InPorts = 2> <OutPorts = 1>
ST_1 : Operation 86 [1/1] (0.00ns) (grouped into LUT with out node select_ln1649_261)   --->   "%select_ln346_261 = select i1 %overflow_261, i8 255, i8 %add_ln856_252"   --->   Operation 86 'select' 'select_ln346_261' <Predicate = (icmp_ln1649_261)> <Delay = 0.00> <CoreInst = "Sel">   --->   Core 73 'Sel' <Latency = 0> <II = 1> <Delay = 0.30> <FuncUnit> <Opcode : 'select'> <InPorts = 3> <OutPorts = 1>
ST_1 : Operation 87 [1/1] (0.30ns) (out node of the LUT)   --->   "%select_ln1649_261 = select i1 %icmp_ln1649_261, i8 %select_ln346_261, i8 0"   --->   Operation 87 'select' 'select_ln1649_261' <Predicate = true> <Delay = 0.30> <CoreInst = "Sel">   --->   Core 73 'Sel' <Latency = 0> <II = 1> <Delay = 0.30> <FuncUnit> <Opcode : 'select'> <InPorts = 3> <OutPorts = 1>
ST_1 : Operation 88 [1/1] (0.65ns)   --->   "%icmp_ln1649_262 = icmp_sgt  i14 %p_read525, i14 0"   --->   Operation 88 'icmp' 'icmp_ln1649_262' <Predicate = true> <Delay = 0.65> <CoreInst = "Cmp">   --->   Core 9 'Cmp' <Latency = 0> <II = 1> <Delay = 0.65> <FuncUnit> <Opcode : 'icmp'> <InPorts = 2> <OutPorts = 1>
ST_1 : Operation 89 [1/1] (0.00ns)   --->   "%p_Val2_518 = partselect i8 @_ssdm_op_PartSelect.i8.i14.i32.i32, i14 %p_read525, i32 5, i32 12"   --->   Operation 89 'partselect' 'p_Val2_518' <Predicate = (icmp_ln1649_262)> <Delay = 0.00>
ST_1 : Operation 90 [1/1] (0.00ns)   --->   "%zext_ln818_253 = zext i8 %p_Val2_518"   --->   Operation 90 'zext' 'zext_ln818_253' <Predicate = (icmp_ln1649_262)> <Delay = 0.00>
ST_1 : Operation 91 [1/1] (0.00ns)   --->   "%tmp_783 = bitselect i1 @_ssdm_op_BitSelect.i1.i14.i32, i14 %p_read525, i32 4"   --->   Operation 91 'bitselect' 'tmp_783' <Predicate = (icmp_ln1649_262)> <Delay = 0.00>
ST_1 : Operation 92 [1/1] (0.00ns)   --->   "%zext_ln377_262 = zext i1 %tmp_783"   --->   Operation 92 'zext' 'zext_ln377_262' <Predicate = (icmp_ln1649_262)> <Delay = 0.00>
ST_1 : Operation 93 [1/1] (0.00ns)   --->   "%zext_ln377_454 = zext i1 %tmp_783"   --->   Operation 93 'zext' 'zext_ln377_454' <Predicate = (!overflow_262 & icmp_ln1649_262)> <Delay = 0.00>
ST_1 : Operation 94 [1/1] (0.70ns)   --->   "%p_Val2_519 = add i9 %zext_ln818_253, i9 %zext_ln377_262"   --->   Operation 94 'add' 'p_Val2_519' <Predicate = (icmp_ln1649_262)> <Delay = 0.70> <CoreInst = "Adder">   --->   Core 1 'Adder' <Latency = 0> <II = 1> <Delay = 0.70> <FuncUnit> <Opcode : 'add' 'sub'> <InPorts = 2> <OutPorts = 1>
ST_1 : Operation 95 [1/1] (0.70ns)   --->   "%add_ln856_253 = add i8 %p_Val2_518, i8 %zext_ln377_454"   --->   Operation 95 'add' 'add_ln856_253' <Predicate = (!overflow_262 & icmp_ln1649_262)> <Delay = 0.70> <CoreInst = "Adder">   --->   Core 1 'Adder' <Latency = 0> <II = 1> <Delay = 0.70> <FuncUnit> <Opcode : 'add' 'sub'> <InPorts = 2> <OutPorts = 1>
ST_1 : Operation 96 [1/1] (0.00ns) (grouped into LUT with out node select_ln1649_262)   --->   "%p_Result_253 = bitselect i1 @_ssdm_op_BitSelect.i1.i9.i32, i9 %p_Val2_519, i32 8"   --->   Operation 96 'bitselect' 'p_Result_253' <Predicate = (icmp_ln1649_262)> <Delay = 0.00>
ST_1 : Operation 97 [1/1] (0.00ns) (grouped into LUT with out node select_ln1649_262)   --->   "%tmp_785 = bitselect i1 @_ssdm_op_BitSelect.i1.i14.i32, i14 %p_read525, i32 13"   --->   Operation 97 'bitselect' 'tmp_785' <Predicate = (icmp_ln1649_262)> <Delay = 0.00>
ST_1 : Operation 98 [1/1] (0.00ns) (grouped into LUT with out node select_ln1649_262)   --->   "%overflow_262 = or i1 %p_Result_253, i1 %tmp_785"   --->   Operation 98 'or' 'overflow_262' <Predicate = (icmp_ln1649_262)> <Delay = 0.00> <CoreInst = "LogicGate">   --->   Core 74 'LogicGate' <Latency = 0> <II = 1> <Delay = 0.12> <FuncUnit> <Opcode : 'and' 'or' 'xor'> <InPorts = 2> <OutPorts = 1>
ST_1 : Operation 99 [1/1] (0.00ns) (grouped into LUT with out node select_ln1649_262)   --->   "%select_ln346_262 = select i1 %overflow_262, i8 255, i8 %add_ln856_253"   --->   Operation 99 'select' 'select_ln346_262' <Predicate = (icmp_ln1649_262)> <Delay = 0.00> <CoreInst = "Sel">   --->   Core 73 'Sel' <Latency = 0> <II = 1> <Delay = 0.30> <FuncUnit> <Opcode : 'select'> <InPorts = 3> <OutPorts = 1>
ST_1 : Operation 100 [1/1] (0.30ns) (out node of the LUT)   --->   "%select_ln1649_262 = select i1 %icmp_ln1649_262, i8 %select_ln346_262, i8 0"   --->   Operation 100 'select' 'select_ln1649_262' <Predicate = true> <Delay = 0.30> <CoreInst = "Sel">   --->   Core 73 'Sel' <Latency = 0> <II = 1> <Delay = 0.30> <FuncUnit> <Opcode : 'select'> <InPorts = 3> <OutPorts = 1>
ST_1 : Operation 101 [1/1] (0.65ns)   --->   "%icmp_ln1649_263 = icmp_sgt  i14 %p_read626, i14 0"   --->   Operation 101 'icmp' 'icmp_ln1649_263' <Predicate = true> <Delay = 0.65> <CoreInst = "Cmp">   --->   Core 9 'Cmp' <Latency = 0> <II = 1> <Delay = 0.65> <FuncUnit> <Opcode : 'icmp'> <InPorts = 2> <OutPorts = 1>
ST_1 : Operation 102 [1/1] (0.00ns)   --->   "%p_Val2_520 = partselect i8 @_ssdm_op_PartSelect.i8.i14.i32.i32, i14 %p_read626, i32 5, i32 12"   --->   Operation 102 'partselect' 'p_Val2_520' <Predicate = (icmp_ln1649_263)> <Delay = 0.00>
ST_1 : Operation 103 [1/1] (0.00ns)   --->   "%zext_ln818_254 = zext i8 %p_Val2_520"   --->   Operation 103 'zext' 'zext_ln818_254' <Predicate = (icmp_ln1649_263)> <Delay = 0.00>
ST_1 : Operation 104 [1/1] (0.00ns)   --->   "%tmp_786 = bitselect i1 @_ssdm_op_BitSelect.i1.i14.i32, i14 %p_read626, i32 4"   --->   Operation 104 'bitselect' 'tmp_786' <Predicate = (icmp_ln1649_263)> <Delay = 0.00>
ST_1 : Operation 105 [1/1] (0.00ns)   --->   "%zext_ln377_263 = zext i1 %tmp_786"   --->   Operation 105 'zext' 'zext_ln377_263' <Predicate = (icmp_ln1649_263)> <Delay = 0.00>
ST_1 : Operation 106 [1/1] (0.00ns)   --->   "%zext_ln377_455 = zext i1 %tmp_786"   --->   Operation 106 'zext' 'zext_ln377_455' <Predicate = (!overflow_263 & icmp_ln1649_263)> <Delay = 0.00>
ST_1 : Operation 107 [1/1] (0.70ns)   --->   "%p_Val2_521 = add i9 %zext_ln818_254, i9 %zext_ln377_263"   --->   Operation 107 'add' 'p_Val2_521' <Predicate = (icmp_ln1649_263)> <Delay = 0.70> <CoreInst = "Adder">   --->   Core 1 'Adder' <Latency = 0> <II = 1> <Delay = 0.70> <FuncUnit> <Opcode : 'add' 'sub'> <InPorts = 2> <OutPorts = 1>
ST_1 : Operation 108 [1/1] (0.70ns)   --->   "%add_ln856_254 = add i8 %p_Val2_520, i8 %zext_ln377_455"   --->   Operation 108 'add' 'add_ln856_254' <Predicate = (!overflow_263 & icmp_ln1649_263)> <Delay = 0.70> <CoreInst = "Adder">   --->   Core 1 'Adder' <Latency = 0> <II = 1> <Delay = 0.70> <FuncUnit> <Opcode : 'add' 'sub'> <InPorts = 2> <OutPorts = 1>
ST_1 : Operation 109 [1/1] (0.00ns) (grouped into LUT with out node select_ln1649_263)   --->   "%p_Result_254 = bitselect i1 @_ssdm_op_BitSelect.i1.i9.i32, i9 %p_Val2_521, i32 8"   --->   Operation 109 'bitselect' 'p_Result_254' <Predicate = (icmp_ln1649_263)> <Delay = 0.00>
ST_1 : Operation 110 [1/1] (0.00ns) (grouped into LUT with out node select_ln1649_263)   --->   "%tmp_788 = bitselect i1 @_ssdm_op_BitSelect.i1.i14.i32, i14 %p_read626, i32 13"   --->   Operation 110 'bitselect' 'tmp_788' <Predicate = (icmp_ln1649_263)> <Delay = 0.00>
ST_1 : Operation 111 [1/1] (0.00ns) (grouped into LUT with out node select_ln1649_263)   --->   "%overflow_263 = or i1 %p_Result_254, i1 %tmp_788"   --->   Operation 111 'or' 'overflow_263' <Predicate = (icmp_ln1649_263)> <Delay = 0.00> <CoreInst = "LogicGate">   --->   Core 74 'LogicGate' <Latency = 0> <II = 1> <Delay = 0.12> <FuncUnit> <Opcode : 'and' 'or' 'xor'> <InPorts = 2> <OutPorts = 1>
ST_1 : Operation 112 [1/1] (0.00ns) (grouped into LUT with out node select_ln1649_263)   --->   "%select_ln346_263 = select i1 %overflow_263, i8 255, i8 %add_ln856_254"   --->   Operation 112 'select' 'select_ln346_263' <Predicate = (icmp_ln1649_263)> <Delay = 0.00> <CoreInst = "Sel">   --->   Core 73 'Sel' <Latency = 0> <II = 1> <Delay = 0.30> <FuncUnit> <Opcode : 'select'> <InPorts = 3> <OutPorts = 1>
ST_1 : Operation 113 [1/1] (0.30ns) (out node of the LUT)   --->   "%select_ln1649_263 = select i1 %icmp_ln1649_263, i8 %select_ln346_263, i8 0"   --->   Operation 113 'select' 'select_ln1649_263' <Predicate = true> <Delay = 0.30> <CoreInst = "Sel">   --->   Core 73 'Sel' <Latency = 0> <II = 1> <Delay = 0.30> <FuncUnit> <Opcode : 'select'> <InPorts = 3> <OutPorts = 1>
ST_1 : Operation 114 [1/1] (0.65ns)   --->   "%icmp_ln1649_264 = icmp_sgt  i14 %p_read727, i14 0"   --->   Operation 114 'icmp' 'icmp_ln1649_264' <Predicate = true> <Delay = 0.65> <CoreInst = "Cmp">   --->   Core 9 'Cmp' <Latency = 0> <II = 1> <Delay = 0.65> <FuncUnit> <Opcode : 'icmp'> <InPorts = 2> <OutPorts = 1>
ST_1 : Operation 115 [1/1] (0.00ns)   --->   "%p_Val2_522 = partselect i8 @_ssdm_op_PartSelect.i8.i14.i32.i32, i14 %p_read727, i32 5, i32 12"   --->   Operation 115 'partselect' 'p_Val2_522' <Predicate = (icmp_ln1649_264)> <Delay = 0.00>
ST_1 : Operation 116 [1/1] (0.00ns)   --->   "%zext_ln818_255 = zext i8 %p_Val2_522"   --->   Operation 116 'zext' 'zext_ln818_255' <Predicate = (icmp_ln1649_264)> <Delay = 0.00>
ST_1 : Operation 117 [1/1] (0.00ns)   --->   "%tmp_789 = bitselect i1 @_ssdm_op_BitSelect.i1.i14.i32, i14 %p_read727, i32 4"   --->   Operation 117 'bitselect' 'tmp_789' <Predicate = (icmp_ln1649_264)> <Delay = 0.00>
ST_1 : Operation 118 [1/1] (0.00ns)   --->   "%zext_ln377_264 = zext i1 %tmp_789"   --->   Operation 118 'zext' 'zext_ln377_264' <Predicate = (icmp_ln1649_264)> <Delay = 0.00>
ST_1 : Operation 119 [1/1] (0.00ns)   --->   "%zext_ln377_456 = zext i1 %tmp_789"   --->   Operation 119 'zext' 'zext_ln377_456' <Predicate = (!overflow_264 & icmp_ln1649_264)> <Delay = 0.00>
ST_1 : Operation 120 [1/1] (0.70ns)   --->   "%p_Val2_523 = add i9 %zext_ln818_255, i9 %zext_ln377_264"   --->   Operation 120 'add' 'p_Val2_523' <Predicate = (icmp_ln1649_264)> <Delay = 0.70> <CoreInst = "Adder">   --->   Core 1 'Adder' <Latency = 0> <II = 1> <Delay = 0.70> <FuncUnit> <Opcode : 'add' 'sub'> <InPorts = 2> <OutPorts = 1>
ST_1 : Operation 121 [1/1] (0.70ns)   --->   "%add_ln856_255 = add i8 %p_Val2_522, i8 %zext_ln377_456"   --->   Operation 121 'add' 'add_ln856_255' <Predicate = (!overflow_264 & icmp_ln1649_264)> <Delay = 0.70> <CoreInst = "Adder">   --->   Core 1 'Adder' <Latency = 0> <II = 1> <Delay = 0.70> <FuncUnit> <Opcode : 'add' 'sub'> <InPorts = 2> <OutPorts = 1>
ST_1 : Operation 122 [1/1] (0.00ns) (grouped into LUT with out node select_ln1649_264)   --->   "%p_Result_255 = bitselect i1 @_ssdm_op_BitSelect.i1.i9.i32, i9 %p_Val2_523, i32 8"   --->   Operation 122 'bitselect' 'p_Result_255' <Predicate = (icmp_ln1649_264)> <Delay = 0.00>
ST_1 : Operation 123 [1/1] (0.00ns) (grouped into LUT with out node select_ln1649_264)   --->   "%tmp_791 = bitselect i1 @_ssdm_op_BitSelect.i1.i14.i32, i14 %p_read727, i32 13"   --->   Operation 123 'bitselect' 'tmp_791' <Predicate = (icmp_ln1649_264)> <Delay = 0.00>
ST_1 : Operation 124 [1/1] (0.00ns) (grouped into LUT with out node select_ln1649_264)   --->   "%overflow_264 = or i1 %p_Result_255, i1 %tmp_791"   --->   Operation 124 'or' 'overflow_264' <Predicate = (icmp_ln1649_264)> <Delay = 0.00> <CoreInst = "LogicGate">   --->   Core 74 'LogicGate' <Latency = 0> <II = 1> <Delay = 0.12> <FuncUnit> <Opcode : 'and' 'or' 'xor'> <InPorts = 2> <OutPorts = 1>
ST_1 : Operation 125 [1/1] (0.00ns) (grouped into LUT with out node select_ln1649_264)   --->   "%select_ln346_264 = select i1 %overflow_264, i8 255, i8 %add_ln856_255"   --->   Operation 125 'select' 'select_ln346_264' <Predicate = (icmp_ln1649_264)> <Delay = 0.00> <CoreInst = "Sel">   --->   Core 73 'Sel' <Latency = 0> <II = 1> <Delay = 0.30> <FuncUnit> <Opcode : 'select'> <InPorts = 3> <OutPorts = 1>
ST_1 : Operation 126 [1/1] (0.30ns) (out node of the LUT)   --->   "%select_ln1649_264 = select i1 %icmp_ln1649_264, i8 %select_ln346_264, i8 0"   --->   Operation 126 'select' 'select_ln1649_264' <Predicate = true> <Delay = 0.30> <CoreInst = "Sel">   --->   Core 73 'Sel' <Latency = 0> <II = 1> <Delay = 0.30> <FuncUnit> <Opcode : 'select'> <InPorts = 3> <OutPorts = 1>
ST_1 : Operation 127 [1/1] (0.65ns)   --->   "%icmp_ln1649_265 = icmp_sgt  i14 %p_read828, i14 0"   --->   Operation 127 'icmp' 'icmp_ln1649_265' <Predicate = true> <Delay = 0.65> <CoreInst = "Cmp">   --->   Core 9 'Cmp' <Latency = 0> <II = 1> <Delay = 0.65> <FuncUnit> <Opcode : 'icmp'> <InPorts = 2> <OutPorts = 1>
ST_1 : Operation 128 [1/1] (0.00ns)   --->   "%p_Val2_524 = partselect i8 @_ssdm_op_PartSelect.i8.i14.i32.i32, i14 %p_read828, i32 5, i32 12"   --->   Operation 128 'partselect' 'p_Val2_524' <Predicate = (icmp_ln1649_265)> <Delay = 0.00>
ST_1 : Operation 129 [1/1] (0.00ns)   --->   "%zext_ln818_256 = zext i8 %p_Val2_524"   --->   Operation 129 'zext' 'zext_ln818_256' <Predicate = (icmp_ln1649_265)> <Delay = 0.00>
ST_1 : Operation 130 [1/1] (0.00ns)   --->   "%tmp_792 = bitselect i1 @_ssdm_op_BitSelect.i1.i14.i32, i14 %p_read828, i32 4"   --->   Operation 130 'bitselect' 'tmp_792' <Predicate = (icmp_ln1649_265)> <Delay = 0.00>
ST_1 : Operation 131 [1/1] (0.00ns)   --->   "%zext_ln377_265 = zext i1 %tmp_792"   --->   Operation 131 'zext' 'zext_ln377_265' <Predicate = (icmp_ln1649_265)> <Delay = 0.00>
ST_1 : Operation 132 [1/1] (0.00ns)   --->   "%zext_ln377_457 = zext i1 %tmp_792"   --->   Operation 132 'zext' 'zext_ln377_457' <Predicate = (!overflow_265 & icmp_ln1649_265)> <Delay = 0.00>
ST_1 : Operation 133 [1/1] (0.70ns)   --->   "%p_Val2_525 = add i9 %zext_ln818_256, i9 %zext_ln377_265"   --->   Operation 133 'add' 'p_Val2_525' <Predicate = (icmp_ln1649_265)> <Delay = 0.70> <CoreInst = "Adder">   --->   Core 1 'Adder' <Latency = 0> <II = 1> <Delay = 0.70> <FuncUnit> <Opcode : 'add' 'sub'> <InPorts = 2> <OutPorts = 1>
ST_1 : Operation 134 [1/1] (0.70ns)   --->   "%add_ln856_256 = add i8 %p_Val2_524, i8 %zext_ln377_457"   --->   Operation 134 'add' 'add_ln856_256' <Predicate = (!overflow_265 & icmp_ln1649_265)> <Delay = 0.70> <CoreInst = "Adder">   --->   Core 1 'Adder' <Latency = 0> <II = 1> <Delay = 0.70> <FuncUnit> <Opcode : 'add' 'sub'> <InPorts = 2> <OutPorts = 1>
ST_1 : Operation 135 [1/1] (0.00ns) (grouped into LUT with out node select_ln1649_265)   --->   "%p_Result_256 = bitselect i1 @_ssdm_op_BitSelect.i1.i9.i32, i9 %p_Val2_525, i32 8"   --->   Operation 135 'bitselect' 'p_Result_256' <Predicate = (icmp_ln1649_265)> <Delay = 0.00>
ST_1 : Operation 136 [1/1] (0.00ns) (grouped into LUT with out node select_ln1649_265)   --->   "%tmp_794 = bitselect i1 @_ssdm_op_BitSelect.i1.i14.i32, i14 %p_read828, i32 13"   --->   Operation 136 'bitselect' 'tmp_794' <Predicate = (icmp_ln1649_265)> <Delay = 0.00>
ST_1 : Operation 137 [1/1] (0.00ns) (grouped into LUT with out node select_ln1649_265)   --->   "%overflow_265 = or i1 %p_Result_256, i1 %tmp_794"   --->   Operation 137 'or' 'overflow_265' <Predicate = (icmp_ln1649_265)> <Delay = 0.00> <CoreInst = "LogicGate">   --->   Core 74 'LogicGate' <Latency = 0> <II = 1> <Delay = 0.12> <FuncUnit> <Opcode : 'and' 'or' 'xor'> <InPorts = 2> <OutPorts = 1>
ST_1 : Operation 138 [1/1] (0.00ns) (grouped into LUT with out node select_ln1649_265)   --->   "%select_ln346_265 = select i1 %overflow_265, i8 255, i8 %add_ln856_256"   --->   Operation 138 'select' 'select_ln346_265' <Predicate = (icmp_ln1649_265)> <Delay = 0.00> <CoreInst = "Sel">   --->   Core 73 'Sel' <Latency = 0> <II = 1> <Delay = 0.30> <FuncUnit> <Opcode : 'select'> <InPorts = 3> <OutPorts = 1>
ST_1 : Operation 139 [1/1] (0.30ns) (out node of the LUT)   --->   "%select_ln1649_265 = select i1 %icmp_ln1649_265, i8 %select_ln346_265, i8 0"   --->   Operation 139 'select' 'select_ln1649_265' <Predicate = true> <Delay = 0.30> <CoreInst = "Sel">   --->   Core 73 'Sel' <Latency = 0> <II = 1> <Delay = 0.30> <FuncUnit> <Opcode : 'select'> <InPorts = 3> <OutPorts = 1>
ST_1 : Operation 140 [1/1] (0.65ns)   --->   "%icmp_ln1649_266 = icmp_sgt  i14 %p_read929, i14 0"   --->   Operation 140 'icmp' 'icmp_ln1649_266' <Predicate = true> <Delay = 0.65> <CoreInst = "Cmp">   --->   Core 9 'Cmp' <Latency = 0> <II = 1> <Delay = 0.65> <FuncUnit> <Opcode : 'icmp'> <InPorts = 2> <OutPorts = 1>
ST_1 : Operation 141 [1/1] (0.00ns)   --->   "%p_Val2_526 = partselect i8 @_ssdm_op_PartSelect.i8.i14.i32.i32, i14 %p_read929, i32 5, i32 12"   --->   Operation 141 'partselect' 'p_Val2_526' <Predicate = (icmp_ln1649_266)> <Delay = 0.00>
ST_1 : Operation 142 [1/1] (0.00ns)   --->   "%zext_ln818_257 = zext i8 %p_Val2_526"   --->   Operation 142 'zext' 'zext_ln818_257' <Predicate = (icmp_ln1649_266)> <Delay = 0.00>
ST_1 : Operation 143 [1/1] (0.00ns)   --->   "%tmp_795 = bitselect i1 @_ssdm_op_BitSelect.i1.i14.i32, i14 %p_read929, i32 4"   --->   Operation 143 'bitselect' 'tmp_795' <Predicate = (icmp_ln1649_266)> <Delay = 0.00>
ST_1 : Operation 144 [1/1] (0.00ns)   --->   "%zext_ln377_266 = zext i1 %tmp_795"   --->   Operation 144 'zext' 'zext_ln377_266' <Predicate = (icmp_ln1649_266)> <Delay = 0.00>
ST_1 : Operation 145 [1/1] (0.00ns)   --->   "%zext_ln377_458 = zext i1 %tmp_795"   --->   Operation 145 'zext' 'zext_ln377_458' <Predicate = (!overflow_266 & icmp_ln1649_266)> <Delay = 0.00>
ST_1 : Operation 146 [1/1] (0.70ns)   --->   "%p_Val2_527 = add i9 %zext_ln818_257, i9 %zext_ln377_266"   --->   Operation 146 'add' 'p_Val2_527' <Predicate = (icmp_ln1649_266)> <Delay = 0.70> <CoreInst = "Adder">   --->   Core 1 'Adder' <Latency = 0> <II = 1> <Delay = 0.70> <FuncUnit> <Opcode : 'add' 'sub'> <InPorts = 2> <OutPorts = 1>
ST_1 : Operation 147 [1/1] (0.70ns)   --->   "%add_ln856_257 = add i8 %p_Val2_526, i8 %zext_ln377_458"   --->   Operation 147 'add' 'add_ln856_257' <Predicate = (!overflow_266 & icmp_ln1649_266)> <Delay = 0.70> <CoreInst = "Adder">   --->   Core 1 'Adder' <Latency = 0> <II = 1> <Delay = 0.70> <FuncUnit> <Opcode : 'add' 'sub'> <InPorts = 2> <OutPorts = 1>
ST_1 : Operation 148 [1/1] (0.00ns) (grouped into LUT with out node select_ln1649_266)   --->   "%p_Result_257 = bitselect i1 @_ssdm_op_BitSelect.i1.i9.i32, i9 %p_Val2_527, i32 8"   --->   Operation 148 'bitselect' 'p_Result_257' <Predicate = (icmp_ln1649_266)> <Delay = 0.00>
ST_1 : Operation 149 [1/1] (0.00ns) (grouped into LUT with out node select_ln1649_266)   --->   "%tmp_797 = bitselect i1 @_ssdm_op_BitSelect.i1.i14.i32, i14 %p_read929, i32 13"   --->   Operation 149 'bitselect' 'tmp_797' <Predicate = (icmp_ln1649_266)> <Delay = 0.00>
ST_1 : Operation 150 [1/1] (0.00ns) (grouped into LUT with out node select_ln1649_266)   --->   "%overflow_266 = or i1 %p_Result_257, i1 %tmp_797"   --->   Operation 150 'or' 'overflow_266' <Predicate = (icmp_ln1649_266)> <Delay = 0.00> <CoreInst = "LogicGate">   --->   Core 74 'LogicGate' <Latency = 0> <II = 1> <Delay = 0.12> <FuncUnit> <Opcode : 'and' 'or' 'xor'> <InPorts = 2> <OutPorts = 1>
ST_1 : Operation 151 [1/1] (0.00ns) (grouped into LUT with out node select_ln1649_266)   --->   "%select_ln346_266 = select i1 %overflow_266, i8 255, i8 %add_ln856_257"   --->   Operation 151 'select' 'select_ln346_266' <Predicate = (icmp_ln1649_266)> <Delay = 0.00> <CoreInst = "Sel">   --->   Core 73 'Sel' <Latency = 0> <II = 1> <Delay = 0.30> <FuncUnit> <Opcode : 'select'> <InPorts = 3> <OutPorts = 1>
ST_1 : Operation 152 [1/1] (0.30ns) (out node of the LUT)   --->   "%select_ln1649_266 = select i1 %icmp_ln1649_266, i8 %select_ln346_266, i8 0"   --->   Operation 152 'select' 'select_ln1649_266' <Predicate = true> <Delay = 0.30> <CoreInst = "Sel">   --->   Core 73 'Sel' <Latency = 0> <II = 1> <Delay = 0.30> <FuncUnit> <Opcode : 'select'> <InPorts = 3> <OutPorts = 1>
ST_1 : Operation 153 [1/1] (0.65ns)   --->   "%icmp_ln1649_267 = icmp_sgt  i14 %p_read1030, i14 0"   --->   Operation 153 'icmp' 'icmp_ln1649_267' <Predicate = true> <Delay = 0.65> <CoreInst = "Cmp">   --->   Core 9 'Cmp' <Latency = 0> <II = 1> <Delay = 0.65> <FuncUnit> <Opcode : 'icmp'> <InPorts = 2> <OutPorts = 1>
ST_1 : Operation 154 [1/1] (0.00ns)   --->   "%p_Val2_528 = partselect i8 @_ssdm_op_PartSelect.i8.i14.i32.i32, i14 %p_read1030, i32 5, i32 12"   --->   Operation 154 'partselect' 'p_Val2_528' <Predicate = (icmp_ln1649_267)> <Delay = 0.00>
ST_1 : Operation 155 [1/1] (0.00ns)   --->   "%zext_ln818_258 = zext i8 %p_Val2_528"   --->   Operation 155 'zext' 'zext_ln818_258' <Predicate = (icmp_ln1649_267)> <Delay = 0.00>
ST_1 : Operation 156 [1/1] (0.00ns)   --->   "%tmp_798 = bitselect i1 @_ssdm_op_BitSelect.i1.i14.i32, i14 %p_read1030, i32 4"   --->   Operation 156 'bitselect' 'tmp_798' <Predicate = (icmp_ln1649_267)> <Delay = 0.00>
ST_1 : Operation 157 [1/1] (0.00ns)   --->   "%zext_ln377_267 = zext i1 %tmp_798"   --->   Operation 157 'zext' 'zext_ln377_267' <Predicate = (icmp_ln1649_267)> <Delay = 0.00>
ST_1 : Operation 158 [1/1] (0.00ns)   --->   "%zext_ln377_459 = zext i1 %tmp_798"   --->   Operation 158 'zext' 'zext_ln377_459' <Predicate = (!overflow_267 & icmp_ln1649_267)> <Delay = 0.00>
ST_1 : Operation 159 [1/1] (0.70ns)   --->   "%p_Val2_529 = add i9 %zext_ln818_258, i9 %zext_ln377_267"   --->   Operation 159 'add' 'p_Val2_529' <Predicate = (icmp_ln1649_267)> <Delay = 0.70> <CoreInst = "Adder">   --->   Core 1 'Adder' <Latency = 0> <II = 1> <Delay = 0.70> <FuncUnit> <Opcode : 'add' 'sub'> <InPorts = 2> <OutPorts = 1>
ST_1 : Operation 160 [1/1] (0.70ns)   --->   "%add_ln856_258 = add i8 %p_Val2_528, i8 %zext_ln377_459"   --->   Operation 160 'add' 'add_ln856_258' <Predicate = (!overflow_267 & icmp_ln1649_267)> <Delay = 0.70> <CoreInst = "Adder">   --->   Core 1 'Adder' <Latency = 0> <II = 1> <Delay = 0.70> <FuncUnit> <Opcode : 'add' 'sub'> <InPorts = 2> <OutPorts = 1>
ST_1 : Operation 161 [1/1] (0.00ns) (grouped into LUT with out node select_ln1649_267)   --->   "%p_Result_258 = bitselect i1 @_ssdm_op_BitSelect.i1.i9.i32, i9 %p_Val2_529, i32 8"   --->   Operation 161 'bitselect' 'p_Result_258' <Predicate = (icmp_ln1649_267)> <Delay = 0.00>
ST_1 : Operation 162 [1/1] (0.00ns) (grouped into LUT with out node select_ln1649_267)   --->   "%tmp_800 = bitselect i1 @_ssdm_op_BitSelect.i1.i14.i32, i14 %p_read1030, i32 13"   --->   Operation 162 'bitselect' 'tmp_800' <Predicate = (icmp_ln1649_267)> <Delay = 0.00>
ST_1 : Operation 163 [1/1] (0.00ns) (grouped into LUT with out node select_ln1649_267)   --->   "%overflow_267 = or i1 %p_Result_258, i1 %tmp_800"   --->   Operation 163 'or' 'overflow_267' <Predicate = (icmp_ln1649_267)> <Delay = 0.00> <CoreInst = "LogicGate">   --->   Core 74 'LogicGate' <Latency = 0> <II = 1> <Delay = 0.12> <FuncUnit> <Opcode : 'and' 'or' 'xor'> <InPorts = 2> <OutPorts = 1>
ST_1 : Operation 164 [1/1] (0.00ns) (grouped into LUT with out node select_ln1649_267)   --->   "%select_ln346_267 = select i1 %overflow_267, i8 255, i8 %add_ln856_258"   --->   Operation 164 'select' 'select_ln346_267' <Predicate = (icmp_ln1649_267)> <Delay = 0.00> <CoreInst = "Sel">   --->   Core 73 'Sel' <Latency = 0> <II = 1> <Delay = 0.30> <FuncUnit> <Opcode : 'select'> <InPorts = 3> <OutPorts = 1>
ST_1 : Operation 165 [1/1] (0.30ns) (out node of the LUT)   --->   "%select_ln1649_267 = select i1 %icmp_ln1649_267, i8 %select_ln346_267, i8 0"   --->   Operation 165 'select' 'select_ln1649_267' <Predicate = true> <Delay = 0.30> <CoreInst = "Sel">   --->   Core 73 'Sel' <Latency = 0> <II = 1> <Delay = 0.30> <FuncUnit> <Opcode : 'select'> <InPorts = 3> <OutPorts = 1>
ST_1 : Operation 166 [1/1] (0.65ns)   --->   "%icmp_ln1649_268 = icmp_sgt  i14 %p_read1131, i14 0"   --->   Operation 166 'icmp' 'icmp_ln1649_268' <Predicate = true> <Delay = 0.65> <CoreInst = "Cmp">   --->   Core 9 'Cmp' <Latency = 0> <II = 1> <Delay = 0.65> <FuncUnit> <Opcode : 'icmp'> <InPorts = 2> <OutPorts = 1>
ST_1 : Operation 167 [1/1] (0.00ns)   --->   "%p_Val2_530 = partselect i8 @_ssdm_op_PartSelect.i8.i14.i32.i32, i14 %p_read1131, i32 5, i32 12"   --->   Operation 167 'partselect' 'p_Val2_530' <Predicate = (icmp_ln1649_268)> <Delay = 0.00>
ST_1 : Operation 168 [1/1] (0.00ns)   --->   "%zext_ln818_259 = zext i8 %p_Val2_530"   --->   Operation 168 'zext' 'zext_ln818_259' <Predicate = (icmp_ln1649_268)> <Delay = 0.00>
ST_1 : Operation 169 [1/1] (0.00ns)   --->   "%tmp_801 = bitselect i1 @_ssdm_op_BitSelect.i1.i14.i32, i14 %p_read1131, i32 4"   --->   Operation 169 'bitselect' 'tmp_801' <Predicate = (icmp_ln1649_268)> <Delay = 0.00>
ST_1 : Operation 170 [1/1] (0.00ns)   --->   "%zext_ln377_268 = zext i1 %tmp_801"   --->   Operation 170 'zext' 'zext_ln377_268' <Predicate = (icmp_ln1649_268)> <Delay = 0.00>
ST_1 : Operation 171 [1/1] (0.00ns)   --->   "%zext_ln377_460 = zext i1 %tmp_801"   --->   Operation 171 'zext' 'zext_ln377_460' <Predicate = (!overflow_268 & icmp_ln1649_268)> <Delay = 0.00>
ST_1 : Operation 172 [1/1] (0.70ns)   --->   "%p_Val2_531 = add i9 %zext_ln818_259, i9 %zext_ln377_268"   --->   Operation 172 'add' 'p_Val2_531' <Predicate = (icmp_ln1649_268)> <Delay = 0.70> <CoreInst = "Adder">   --->   Core 1 'Adder' <Latency = 0> <II = 1> <Delay = 0.70> <FuncUnit> <Opcode : 'add' 'sub'> <InPorts = 2> <OutPorts = 1>
ST_1 : Operation 173 [1/1] (0.70ns)   --->   "%add_ln856_259 = add i8 %p_Val2_530, i8 %zext_ln377_460"   --->   Operation 173 'add' 'add_ln856_259' <Predicate = (!overflow_268 & icmp_ln1649_268)> <Delay = 0.70> <CoreInst = "Adder">   --->   Core 1 'Adder' <Latency = 0> <II = 1> <Delay = 0.70> <FuncUnit> <Opcode : 'add' 'sub'> <InPorts = 2> <OutPorts = 1>
ST_1 : Operation 174 [1/1] (0.00ns) (grouped into LUT with out node select_ln1649_268)   --->   "%p_Result_259 = bitselect i1 @_ssdm_op_BitSelect.i1.i9.i32, i9 %p_Val2_531, i32 8"   --->   Operation 174 'bitselect' 'p_Result_259' <Predicate = (icmp_ln1649_268)> <Delay = 0.00>
ST_1 : Operation 175 [1/1] (0.00ns) (grouped into LUT with out node select_ln1649_268)   --->   "%tmp_803 = bitselect i1 @_ssdm_op_BitSelect.i1.i14.i32, i14 %p_read1131, i32 13"   --->   Operation 175 'bitselect' 'tmp_803' <Predicate = (icmp_ln1649_268)> <Delay = 0.00>
ST_1 : Operation 176 [1/1] (0.00ns) (grouped into LUT with out node select_ln1649_268)   --->   "%overflow_268 = or i1 %p_Result_259, i1 %tmp_803"   --->   Operation 176 'or' 'overflow_268' <Predicate = (icmp_ln1649_268)> <Delay = 0.00> <CoreInst = "LogicGate">   --->   Core 74 'LogicGate' <Latency = 0> <II = 1> <Delay = 0.12> <FuncUnit> <Opcode : 'and' 'or' 'xor'> <InPorts = 2> <OutPorts = 1>
ST_1 : Operation 177 [1/1] (0.00ns) (grouped into LUT with out node select_ln1649_268)   --->   "%select_ln346_268 = select i1 %overflow_268, i8 255, i8 %add_ln856_259"   --->   Operation 177 'select' 'select_ln346_268' <Predicate = (icmp_ln1649_268)> <Delay = 0.00> <CoreInst = "Sel">   --->   Core 73 'Sel' <Latency = 0> <II = 1> <Delay = 0.30> <FuncUnit> <Opcode : 'select'> <InPorts = 3> <OutPorts = 1>
ST_1 : Operation 178 [1/1] (0.30ns) (out node of the LUT)   --->   "%select_ln1649_268 = select i1 %icmp_ln1649_268, i8 %select_ln346_268, i8 0"   --->   Operation 178 'select' 'select_ln1649_268' <Predicate = true> <Delay = 0.30> <CoreInst = "Sel">   --->   Core 73 'Sel' <Latency = 0> <II = 1> <Delay = 0.30> <FuncUnit> <Opcode : 'select'> <InPorts = 3> <OutPorts = 1>
ST_1 : Operation 179 [1/1] (0.65ns)   --->   "%icmp_ln1649_269 = icmp_sgt  i14 %p_read1232, i14 0"   --->   Operation 179 'icmp' 'icmp_ln1649_269' <Predicate = true> <Delay = 0.65> <CoreInst = "Cmp">   --->   Core 9 'Cmp' <Latency = 0> <II = 1> <Delay = 0.65> <FuncUnit> <Opcode : 'icmp'> <InPorts = 2> <OutPorts = 1>
ST_1 : Operation 180 [1/1] (0.00ns)   --->   "%p_Val2_532 = partselect i8 @_ssdm_op_PartSelect.i8.i14.i32.i32, i14 %p_read1232, i32 5, i32 12"   --->   Operation 180 'partselect' 'p_Val2_532' <Predicate = (icmp_ln1649_269)> <Delay = 0.00>
ST_1 : Operation 181 [1/1] (0.00ns)   --->   "%zext_ln818_260 = zext i8 %p_Val2_532"   --->   Operation 181 'zext' 'zext_ln818_260' <Predicate = (icmp_ln1649_269)> <Delay = 0.00>
ST_1 : Operation 182 [1/1] (0.00ns)   --->   "%tmp_804 = bitselect i1 @_ssdm_op_BitSelect.i1.i14.i32, i14 %p_read1232, i32 4"   --->   Operation 182 'bitselect' 'tmp_804' <Predicate = (icmp_ln1649_269)> <Delay = 0.00>
ST_1 : Operation 183 [1/1] (0.00ns)   --->   "%zext_ln377_269 = zext i1 %tmp_804"   --->   Operation 183 'zext' 'zext_ln377_269' <Predicate = (icmp_ln1649_269)> <Delay = 0.00>
ST_1 : Operation 184 [1/1] (0.00ns)   --->   "%zext_ln377_461 = zext i1 %tmp_804"   --->   Operation 184 'zext' 'zext_ln377_461' <Predicate = (!overflow_269 & icmp_ln1649_269)> <Delay = 0.00>
ST_1 : Operation 185 [1/1] (0.70ns)   --->   "%p_Val2_533 = add i9 %zext_ln818_260, i9 %zext_ln377_269"   --->   Operation 185 'add' 'p_Val2_533' <Predicate = (icmp_ln1649_269)> <Delay = 0.70> <CoreInst = "Adder">   --->   Core 1 'Adder' <Latency = 0> <II = 1> <Delay = 0.70> <FuncUnit> <Opcode : 'add' 'sub'> <InPorts = 2> <OutPorts = 1>
ST_1 : Operation 186 [1/1] (0.70ns)   --->   "%add_ln856_260 = add i8 %p_Val2_532, i8 %zext_ln377_461"   --->   Operation 186 'add' 'add_ln856_260' <Predicate = (!overflow_269 & icmp_ln1649_269)> <Delay = 0.70> <CoreInst = "Adder">   --->   Core 1 'Adder' <Latency = 0> <II = 1> <Delay = 0.70> <FuncUnit> <Opcode : 'add' 'sub'> <InPorts = 2> <OutPorts = 1>
ST_1 : Operation 187 [1/1] (0.00ns) (grouped into LUT with out node select_ln1649_269)   --->   "%p_Result_260 = bitselect i1 @_ssdm_op_BitSelect.i1.i9.i32, i9 %p_Val2_533, i32 8"   --->   Operation 187 'bitselect' 'p_Result_260' <Predicate = (icmp_ln1649_269)> <Delay = 0.00>
ST_1 : Operation 188 [1/1] (0.00ns) (grouped into LUT with out node select_ln1649_269)   --->   "%tmp_806 = bitselect i1 @_ssdm_op_BitSelect.i1.i14.i32, i14 %p_read1232, i32 13"   --->   Operation 188 'bitselect' 'tmp_806' <Predicate = (icmp_ln1649_269)> <Delay = 0.00>
ST_1 : Operation 189 [1/1] (0.00ns) (grouped into LUT with out node select_ln1649_269)   --->   "%overflow_269 = or i1 %p_Result_260, i1 %tmp_806"   --->   Operation 189 'or' 'overflow_269' <Predicate = (icmp_ln1649_269)> <Delay = 0.00> <CoreInst = "LogicGate">   --->   Core 74 'LogicGate' <Latency = 0> <II = 1> <Delay = 0.12> <FuncUnit> <Opcode : 'and' 'or' 'xor'> <InPorts = 2> <OutPorts = 1>
ST_1 : Operation 190 [1/1] (0.00ns) (grouped into LUT with out node select_ln1649_269)   --->   "%select_ln346_269 = select i1 %overflow_269, i8 255, i8 %add_ln856_260"   --->   Operation 190 'select' 'select_ln346_269' <Predicate = (icmp_ln1649_269)> <Delay = 0.00> <CoreInst = "Sel">   --->   Core 73 'Sel' <Latency = 0> <II = 1> <Delay = 0.30> <FuncUnit> <Opcode : 'select'> <InPorts = 3> <OutPorts = 1>
ST_1 : Operation 191 [1/1] (0.30ns) (out node of the LUT)   --->   "%select_ln1649_269 = select i1 %icmp_ln1649_269, i8 %select_ln346_269, i8 0"   --->   Operation 191 'select' 'select_ln1649_269' <Predicate = true> <Delay = 0.30> <CoreInst = "Sel">   --->   Core 73 'Sel' <Latency = 0> <II = 1> <Delay = 0.30> <FuncUnit> <Opcode : 'select'> <InPorts = 3> <OutPorts = 1>
ST_1 : Operation 192 [1/1] (0.65ns)   --->   "%icmp_ln1649_270 = icmp_sgt  i14 %p_read_248, i14 0"   --->   Operation 192 'icmp' 'icmp_ln1649_270' <Predicate = true> <Delay = 0.65> <CoreInst = "Cmp">   --->   Core 9 'Cmp' <Latency = 0> <II = 1> <Delay = 0.65> <FuncUnit> <Opcode : 'icmp'> <InPorts = 2> <OutPorts = 1>
ST_1 : Operation 193 [1/1] (0.00ns)   --->   "%p_Val2_534 = partselect i8 @_ssdm_op_PartSelect.i8.i14.i32.i32, i14 %p_read_248, i32 5, i32 12"   --->   Operation 193 'partselect' 'p_Val2_534' <Predicate = (icmp_ln1649_270)> <Delay = 0.00>
ST_1 : Operation 194 [1/1] (0.00ns)   --->   "%zext_ln818_261 = zext i8 %p_Val2_534"   --->   Operation 194 'zext' 'zext_ln818_261' <Predicate = (icmp_ln1649_270)> <Delay = 0.00>
ST_1 : Operation 195 [1/1] (0.00ns)   --->   "%tmp_807 = bitselect i1 @_ssdm_op_BitSelect.i1.i14.i32, i14 %p_read_248, i32 4"   --->   Operation 195 'bitselect' 'tmp_807' <Predicate = (icmp_ln1649_270)> <Delay = 0.00>
ST_1 : Operation 196 [1/1] (0.00ns)   --->   "%zext_ln377_270 = zext i1 %tmp_807"   --->   Operation 196 'zext' 'zext_ln377_270' <Predicate = (icmp_ln1649_270)> <Delay = 0.00>
ST_1 : Operation 197 [1/1] (0.00ns)   --->   "%zext_ln377_462 = zext i1 %tmp_807"   --->   Operation 197 'zext' 'zext_ln377_462' <Predicate = (!overflow_270 & icmp_ln1649_270)> <Delay = 0.00>
ST_1 : Operation 198 [1/1] (0.70ns)   --->   "%p_Val2_535 = add i9 %zext_ln818_261, i9 %zext_ln377_270"   --->   Operation 198 'add' 'p_Val2_535' <Predicate = (icmp_ln1649_270)> <Delay = 0.70> <CoreInst = "Adder">   --->   Core 1 'Adder' <Latency = 0> <II = 1> <Delay = 0.70> <FuncUnit> <Opcode : 'add' 'sub'> <InPorts = 2> <OutPorts = 1>
ST_1 : Operation 199 [1/1] (0.70ns)   --->   "%add_ln856_261 = add i8 %p_Val2_534, i8 %zext_ln377_462"   --->   Operation 199 'add' 'add_ln856_261' <Predicate = (!overflow_270 & icmp_ln1649_270)> <Delay = 0.70> <CoreInst = "Adder">   --->   Core 1 'Adder' <Latency = 0> <II = 1> <Delay = 0.70> <FuncUnit> <Opcode : 'add' 'sub'> <InPorts = 2> <OutPorts = 1>
ST_1 : Operation 200 [1/1] (0.00ns) (grouped into LUT with out node select_ln1649_270)   --->   "%p_Result_261 = bitselect i1 @_ssdm_op_BitSelect.i1.i9.i32, i9 %p_Val2_535, i32 8"   --->   Operation 200 'bitselect' 'p_Result_261' <Predicate = (icmp_ln1649_270)> <Delay = 0.00>
ST_1 : Operation 201 [1/1] (0.00ns) (grouped into LUT with out node select_ln1649_270)   --->   "%tmp_809 = bitselect i1 @_ssdm_op_BitSelect.i1.i14.i32, i14 %p_read_248, i32 13"   --->   Operation 201 'bitselect' 'tmp_809' <Predicate = (icmp_ln1649_270)> <Delay = 0.00>
ST_1 : Operation 202 [1/1] (0.00ns) (grouped into LUT with out node select_ln1649_270)   --->   "%overflow_270 = or i1 %p_Result_261, i1 %tmp_809"   --->   Operation 202 'or' 'overflow_270' <Predicate = (icmp_ln1649_270)> <Delay = 0.00> <CoreInst = "LogicGate">   --->   Core 74 'LogicGate' <Latency = 0> <II = 1> <Delay = 0.12> <FuncUnit> <Opcode : 'and' 'or' 'xor'> <InPorts = 2> <OutPorts = 1>
ST_1 : Operation 203 [1/1] (0.00ns) (grouped into LUT with out node select_ln1649_270)   --->   "%select_ln346_270 = select i1 %overflow_270, i8 255, i8 %add_ln856_261"   --->   Operation 203 'select' 'select_ln346_270' <Predicate = (icmp_ln1649_270)> <Delay = 0.00> <CoreInst = "Sel">   --->   Core 73 'Sel' <Latency = 0> <II = 1> <Delay = 0.30> <FuncUnit> <Opcode : 'select'> <InPorts = 3> <OutPorts = 1>
ST_1 : Operation 204 [1/1] (0.30ns) (out node of the LUT)   --->   "%select_ln1649_270 = select i1 %icmp_ln1649_270, i8 %select_ln346_270, i8 0"   --->   Operation 204 'select' 'select_ln1649_270' <Predicate = true> <Delay = 0.30> <CoreInst = "Sel">   --->   Core 73 'Sel' <Latency = 0> <II = 1> <Delay = 0.30> <FuncUnit> <Opcode : 'select'> <InPorts = 3> <OutPorts = 1>
ST_1 : Operation 205 [1/1] (0.65ns)   --->   "%icmp_ln1649_271 = icmp_sgt  i14 %p_read_247, i14 0"   --->   Operation 205 'icmp' 'icmp_ln1649_271' <Predicate = true> <Delay = 0.65> <CoreInst = "Cmp">   --->   Core 9 'Cmp' <Latency = 0> <II = 1> <Delay = 0.65> <FuncUnit> <Opcode : 'icmp'> <InPorts = 2> <OutPorts = 1>
ST_1 : Operation 206 [1/1] (0.00ns)   --->   "%p_Val2_536 = partselect i8 @_ssdm_op_PartSelect.i8.i14.i32.i32, i14 %p_read_247, i32 5, i32 12"   --->   Operation 206 'partselect' 'p_Val2_536' <Predicate = (icmp_ln1649_271)> <Delay = 0.00>
ST_1 : Operation 207 [1/1] (0.00ns)   --->   "%zext_ln818_262 = zext i8 %p_Val2_536"   --->   Operation 207 'zext' 'zext_ln818_262' <Predicate = (icmp_ln1649_271)> <Delay = 0.00>
ST_1 : Operation 208 [1/1] (0.00ns)   --->   "%tmp_810 = bitselect i1 @_ssdm_op_BitSelect.i1.i14.i32, i14 %p_read_247, i32 4"   --->   Operation 208 'bitselect' 'tmp_810' <Predicate = (icmp_ln1649_271)> <Delay = 0.00>
ST_1 : Operation 209 [1/1] (0.00ns)   --->   "%zext_ln377_271 = zext i1 %tmp_810"   --->   Operation 209 'zext' 'zext_ln377_271' <Predicate = (icmp_ln1649_271)> <Delay = 0.00>
ST_1 : Operation 210 [1/1] (0.00ns)   --->   "%zext_ln377_463 = zext i1 %tmp_810"   --->   Operation 210 'zext' 'zext_ln377_463' <Predicate = (!overflow_271 & icmp_ln1649_271)> <Delay = 0.00>
ST_1 : Operation 211 [1/1] (0.70ns)   --->   "%p_Val2_537 = add i9 %zext_ln818_262, i9 %zext_ln377_271"   --->   Operation 211 'add' 'p_Val2_537' <Predicate = (icmp_ln1649_271)> <Delay = 0.70> <CoreInst = "Adder">   --->   Core 1 'Adder' <Latency = 0> <II = 1> <Delay = 0.70> <FuncUnit> <Opcode : 'add' 'sub'> <InPorts = 2> <OutPorts = 1>
ST_1 : Operation 212 [1/1] (0.70ns)   --->   "%add_ln856_262 = add i8 %p_Val2_536, i8 %zext_ln377_463"   --->   Operation 212 'add' 'add_ln856_262' <Predicate = (!overflow_271 & icmp_ln1649_271)> <Delay = 0.70> <CoreInst = "Adder">   --->   Core 1 'Adder' <Latency = 0> <II = 1> <Delay = 0.70> <FuncUnit> <Opcode : 'add' 'sub'> <InPorts = 2> <OutPorts = 1>
ST_1 : Operation 213 [1/1] (0.00ns) (grouped into LUT with out node select_ln1649_271)   --->   "%p_Result_262 = bitselect i1 @_ssdm_op_BitSelect.i1.i9.i32, i9 %p_Val2_537, i32 8"   --->   Operation 213 'bitselect' 'p_Result_262' <Predicate = (icmp_ln1649_271)> <Delay = 0.00>
ST_1 : Operation 214 [1/1] (0.00ns) (grouped into LUT with out node select_ln1649_271)   --->   "%tmp_812 = bitselect i1 @_ssdm_op_BitSelect.i1.i14.i32, i14 %p_read_247, i32 13"   --->   Operation 214 'bitselect' 'tmp_812' <Predicate = (icmp_ln1649_271)> <Delay = 0.00>
ST_1 : Operation 215 [1/1] (0.00ns) (grouped into LUT with out node select_ln1649_271)   --->   "%overflow_271 = or i1 %p_Result_262, i1 %tmp_812"   --->   Operation 215 'or' 'overflow_271' <Predicate = (icmp_ln1649_271)> <Delay = 0.00> <CoreInst = "LogicGate">   --->   Core 74 'LogicGate' <Latency = 0> <II = 1> <Delay = 0.12> <FuncUnit> <Opcode : 'and' 'or' 'xor'> <InPorts = 2> <OutPorts = 1>
ST_1 : Operation 216 [1/1] (0.00ns) (grouped into LUT with out node select_ln1649_271)   --->   "%select_ln346_271 = select i1 %overflow_271, i8 255, i8 %add_ln856_262"   --->   Operation 216 'select' 'select_ln346_271' <Predicate = (icmp_ln1649_271)> <Delay = 0.00> <CoreInst = "Sel">   --->   Core 73 'Sel' <Latency = 0> <II = 1> <Delay = 0.30> <FuncUnit> <Opcode : 'select'> <InPorts = 3> <OutPorts = 1>
ST_1 : Operation 217 [1/1] (0.30ns) (out node of the LUT)   --->   "%select_ln1649_271 = select i1 %icmp_ln1649_271, i8 %select_ln346_271, i8 0"   --->   Operation 217 'select' 'select_ln1649_271' <Predicate = true> <Delay = 0.30> <CoreInst = "Sel">   --->   Core 73 'Sel' <Latency = 0> <II = 1> <Delay = 0.30> <FuncUnit> <Opcode : 'select'> <InPorts = 3> <OutPorts = 1>
ST_1 : Operation 218 [1/1] (0.65ns)   --->   "%icmp_ln1649_272 = icmp_sgt  i14 %p_read_246, i14 0"   --->   Operation 218 'icmp' 'icmp_ln1649_272' <Predicate = true> <Delay = 0.65> <CoreInst = "Cmp">   --->   Core 9 'Cmp' <Latency = 0> <II = 1> <Delay = 0.65> <FuncUnit> <Opcode : 'icmp'> <InPorts = 2> <OutPorts = 1>
ST_1 : Operation 219 [1/1] (0.00ns)   --->   "%p_Val2_538 = partselect i8 @_ssdm_op_PartSelect.i8.i14.i32.i32, i14 %p_read_246, i32 5, i32 12"   --->   Operation 219 'partselect' 'p_Val2_538' <Predicate = (icmp_ln1649_272)> <Delay = 0.00>
ST_1 : Operation 220 [1/1] (0.00ns)   --->   "%zext_ln818_263 = zext i8 %p_Val2_538"   --->   Operation 220 'zext' 'zext_ln818_263' <Predicate = (icmp_ln1649_272)> <Delay = 0.00>
ST_1 : Operation 221 [1/1] (0.00ns)   --->   "%tmp_813 = bitselect i1 @_ssdm_op_BitSelect.i1.i14.i32, i14 %p_read_246, i32 4"   --->   Operation 221 'bitselect' 'tmp_813' <Predicate = (icmp_ln1649_272)> <Delay = 0.00>
ST_1 : Operation 222 [1/1] (0.00ns)   --->   "%zext_ln377_272 = zext i1 %tmp_813"   --->   Operation 222 'zext' 'zext_ln377_272' <Predicate = (icmp_ln1649_272)> <Delay = 0.00>
ST_1 : Operation 223 [1/1] (0.00ns)   --->   "%zext_ln377_464 = zext i1 %tmp_813"   --->   Operation 223 'zext' 'zext_ln377_464' <Predicate = (!overflow_272 & icmp_ln1649_272)> <Delay = 0.00>
ST_1 : Operation 224 [1/1] (0.70ns)   --->   "%p_Val2_539 = add i9 %zext_ln818_263, i9 %zext_ln377_272"   --->   Operation 224 'add' 'p_Val2_539' <Predicate = (icmp_ln1649_272)> <Delay = 0.70> <CoreInst = "Adder">   --->   Core 1 'Adder' <Latency = 0> <II = 1> <Delay = 0.70> <FuncUnit> <Opcode : 'add' 'sub'> <InPorts = 2> <OutPorts = 1>
ST_1 : Operation 225 [1/1] (0.70ns)   --->   "%add_ln856_263 = add i8 %p_Val2_538, i8 %zext_ln377_464"   --->   Operation 225 'add' 'add_ln856_263' <Predicate = (!overflow_272 & icmp_ln1649_272)> <Delay = 0.70> <CoreInst = "Adder">   --->   Core 1 'Adder' <Latency = 0> <II = 1> <Delay = 0.70> <FuncUnit> <Opcode : 'add' 'sub'> <InPorts = 2> <OutPorts = 1>
ST_1 : Operation 226 [1/1] (0.00ns) (grouped into LUT with out node select_ln1649_272)   --->   "%p_Result_263 = bitselect i1 @_ssdm_op_BitSelect.i1.i9.i32, i9 %p_Val2_539, i32 8"   --->   Operation 226 'bitselect' 'p_Result_263' <Predicate = (icmp_ln1649_272)> <Delay = 0.00>
ST_1 : Operation 227 [1/1] (0.00ns) (grouped into LUT with out node select_ln1649_272)   --->   "%tmp_815 = bitselect i1 @_ssdm_op_BitSelect.i1.i14.i32, i14 %p_read_246, i32 13"   --->   Operation 227 'bitselect' 'tmp_815' <Predicate = (icmp_ln1649_272)> <Delay = 0.00>
ST_1 : Operation 228 [1/1] (0.00ns) (grouped into LUT with out node select_ln1649_272)   --->   "%overflow_272 = or i1 %p_Result_263, i1 %tmp_815"   --->   Operation 228 'or' 'overflow_272' <Predicate = (icmp_ln1649_272)> <Delay = 0.00> <CoreInst = "LogicGate">   --->   Core 74 'LogicGate' <Latency = 0> <II = 1> <Delay = 0.12> <FuncUnit> <Opcode : 'and' 'or' 'xor'> <InPorts = 2> <OutPorts = 1>
ST_1 : Operation 229 [1/1] (0.00ns) (grouped into LUT with out node select_ln1649_272)   --->   "%select_ln346_272 = select i1 %overflow_272, i8 255, i8 %add_ln856_263"   --->   Operation 229 'select' 'select_ln346_272' <Predicate = (icmp_ln1649_272)> <Delay = 0.00> <CoreInst = "Sel">   --->   Core 73 'Sel' <Latency = 0> <II = 1> <Delay = 0.30> <FuncUnit> <Opcode : 'select'> <InPorts = 3> <OutPorts = 1>
ST_1 : Operation 230 [1/1] (0.30ns) (out node of the LUT)   --->   "%select_ln1649_272 = select i1 %icmp_ln1649_272, i8 %select_ln346_272, i8 0"   --->   Operation 230 'select' 'select_ln1649_272' <Predicate = true> <Delay = 0.30> <CoreInst = "Sel">   --->   Core 73 'Sel' <Latency = 0> <II = 1> <Delay = 0.30> <FuncUnit> <Opcode : 'select'> <InPorts = 3> <OutPorts = 1>
ST_1 : Operation 231 [1/1] (0.65ns)   --->   "%icmp_ln1649_273 = icmp_sgt  i14 %p_read_245, i14 0"   --->   Operation 231 'icmp' 'icmp_ln1649_273' <Predicate = true> <Delay = 0.65> <CoreInst = "Cmp">   --->   Core 9 'Cmp' <Latency = 0> <II = 1> <Delay = 0.65> <FuncUnit> <Opcode : 'icmp'> <InPorts = 2> <OutPorts = 1>
ST_1 : Operation 232 [1/1] (0.00ns)   --->   "%p_Val2_540 = partselect i8 @_ssdm_op_PartSelect.i8.i14.i32.i32, i14 %p_read_245, i32 5, i32 12"   --->   Operation 232 'partselect' 'p_Val2_540' <Predicate = (icmp_ln1649_273)> <Delay = 0.00>
ST_1 : Operation 233 [1/1] (0.00ns)   --->   "%zext_ln818_264 = zext i8 %p_Val2_540"   --->   Operation 233 'zext' 'zext_ln818_264' <Predicate = (icmp_ln1649_273)> <Delay = 0.00>
ST_1 : Operation 234 [1/1] (0.00ns)   --->   "%tmp_816 = bitselect i1 @_ssdm_op_BitSelect.i1.i14.i32, i14 %p_read_245, i32 4"   --->   Operation 234 'bitselect' 'tmp_816' <Predicate = (icmp_ln1649_273)> <Delay = 0.00>
ST_1 : Operation 235 [1/1] (0.00ns)   --->   "%zext_ln377_273 = zext i1 %tmp_816"   --->   Operation 235 'zext' 'zext_ln377_273' <Predicate = (icmp_ln1649_273)> <Delay = 0.00>
ST_1 : Operation 236 [1/1] (0.00ns)   --->   "%zext_ln377_465 = zext i1 %tmp_816"   --->   Operation 236 'zext' 'zext_ln377_465' <Predicate = (!overflow_273 & icmp_ln1649_273)> <Delay = 0.00>
ST_1 : Operation 237 [1/1] (0.70ns)   --->   "%p_Val2_541 = add i9 %zext_ln818_264, i9 %zext_ln377_273"   --->   Operation 237 'add' 'p_Val2_541' <Predicate = (icmp_ln1649_273)> <Delay = 0.70> <CoreInst = "Adder">   --->   Core 1 'Adder' <Latency = 0> <II = 1> <Delay = 0.70> <FuncUnit> <Opcode : 'add' 'sub'> <InPorts = 2> <OutPorts = 1>
ST_1 : Operation 238 [1/1] (0.70ns)   --->   "%add_ln856_264 = add i8 %p_Val2_540, i8 %zext_ln377_465"   --->   Operation 238 'add' 'add_ln856_264' <Predicate = (!overflow_273 & icmp_ln1649_273)> <Delay = 0.70> <CoreInst = "Adder">   --->   Core 1 'Adder' <Latency = 0> <II = 1> <Delay = 0.70> <FuncUnit> <Opcode : 'add' 'sub'> <InPorts = 2> <OutPorts = 1>
ST_1 : Operation 239 [1/1] (0.00ns) (grouped into LUT with out node select_ln1649_273)   --->   "%p_Result_264 = bitselect i1 @_ssdm_op_BitSelect.i1.i9.i32, i9 %p_Val2_541, i32 8"   --->   Operation 239 'bitselect' 'p_Result_264' <Predicate = (icmp_ln1649_273)> <Delay = 0.00>
ST_1 : Operation 240 [1/1] (0.00ns) (grouped into LUT with out node select_ln1649_273)   --->   "%tmp_818 = bitselect i1 @_ssdm_op_BitSelect.i1.i14.i32, i14 %p_read_245, i32 13"   --->   Operation 240 'bitselect' 'tmp_818' <Predicate = (icmp_ln1649_273)> <Delay = 0.00>
ST_1 : Operation 241 [1/1] (0.00ns) (grouped into LUT with out node select_ln1649_273)   --->   "%overflow_273 = or i1 %p_Result_264, i1 %tmp_818"   --->   Operation 241 'or' 'overflow_273' <Predicate = (icmp_ln1649_273)> <Delay = 0.00> <CoreInst = "LogicGate">   --->   Core 74 'LogicGate' <Latency = 0> <II = 1> <Delay = 0.12> <FuncUnit> <Opcode : 'and' 'or' 'xor'> <InPorts = 2> <OutPorts = 1>
ST_1 : Operation 242 [1/1] (0.00ns) (grouped into LUT with out node select_ln1649_273)   --->   "%select_ln346_273 = select i1 %overflow_273, i8 255, i8 %add_ln856_264"   --->   Operation 242 'select' 'select_ln346_273' <Predicate = (icmp_ln1649_273)> <Delay = 0.00> <CoreInst = "Sel">   --->   Core 73 'Sel' <Latency = 0> <II = 1> <Delay = 0.30> <FuncUnit> <Opcode : 'select'> <InPorts = 3> <OutPorts = 1>
ST_1 : Operation 243 [1/1] (0.30ns) (out node of the LUT)   --->   "%select_ln1649_273 = select i1 %icmp_ln1649_273, i8 %select_ln346_273, i8 0"   --->   Operation 243 'select' 'select_ln1649_273' <Predicate = true> <Delay = 0.30> <CoreInst = "Sel">   --->   Core 73 'Sel' <Latency = 0> <II = 1> <Delay = 0.30> <FuncUnit> <Opcode : 'select'> <InPorts = 3> <OutPorts = 1>
ST_1 : Operation 244 [1/1] (0.65ns)   --->   "%icmp_ln1649_274 = icmp_sgt  i14 %p_read_244, i14 0"   --->   Operation 244 'icmp' 'icmp_ln1649_274' <Predicate = true> <Delay = 0.65> <CoreInst = "Cmp">   --->   Core 9 'Cmp' <Latency = 0> <II = 1> <Delay = 0.65> <FuncUnit> <Opcode : 'icmp'> <InPorts = 2> <OutPorts = 1>
ST_1 : Operation 245 [1/1] (0.00ns)   --->   "%p_Val2_542 = partselect i8 @_ssdm_op_PartSelect.i8.i14.i32.i32, i14 %p_read_244, i32 5, i32 12"   --->   Operation 245 'partselect' 'p_Val2_542' <Predicate = (icmp_ln1649_274)> <Delay = 0.00>
ST_1 : Operation 246 [1/1] (0.00ns)   --->   "%zext_ln818_265 = zext i8 %p_Val2_542"   --->   Operation 246 'zext' 'zext_ln818_265' <Predicate = (icmp_ln1649_274)> <Delay = 0.00>
ST_1 : Operation 247 [1/1] (0.00ns)   --->   "%tmp_819 = bitselect i1 @_ssdm_op_BitSelect.i1.i14.i32, i14 %p_read_244, i32 4"   --->   Operation 247 'bitselect' 'tmp_819' <Predicate = (icmp_ln1649_274)> <Delay = 0.00>
ST_1 : Operation 248 [1/1] (0.00ns)   --->   "%zext_ln377_274 = zext i1 %tmp_819"   --->   Operation 248 'zext' 'zext_ln377_274' <Predicate = (icmp_ln1649_274)> <Delay = 0.00>
ST_1 : Operation 249 [1/1] (0.00ns)   --->   "%zext_ln377_466 = zext i1 %tmp_819"   --->   Operation 249 'zext' 'zext_ln377_466' <Predicate = (!overflow_274 & icmp_ln1649_274)> <Delay = 0.00>
ST_1 : Operation 250 [1/1] (0.70ns)   --->   "%p_Val2_543 = add i9 %zext_ln818_265, i9 %zext_ln377_274"   --->   Operation 250 'add' 'p_Val2_543' <Predicate = (icmp_ln1649_274)> <Delay = 0.70> <CoreInst = "Adder">   --->   Core 1 'Adder' <Latency = 0> <II = 1> <Delay = 0.70> <FuncUnit> <Opcode : 'add' 'sub'> <InPorts = 2> <OutPorts = 1>
ST_1 : Operation 251 [1/1] (0.70ns)   --->   "%add_ln856_265 = add i8 %p_Val2_542, i8 %zext_ln377_466"   --->   Operation 251 'add' 'add_ln856_265' <Predicate = (!overflow_274 & icmp_ln1649_274)> <Delay = 0.70> <CoreInst = "Adder">   --->   Core 1 'Adder' <Latency = 0> <II = 1> <Delay = 0.70> <FuncUnit> <Opcode : 'add' 'sub'> <InPorts = 2> <OutPorts = 1>
ST_1 : Operation 252 [1/1] (0.00ns) (grouped into LUT with out node select_ln1649_274)   --->   "%p_Result_265 = bitselect i1 @_ssdm_op_BitSelect.i1.i9.i32, i9 %p_Val2_543, i32 8"   --->   Operation 252 'bitselect' 'p_Result_265' <Predicate = (icmp_ln1649_274)> <Delay = 0.00>
ST_1 : Operation 253 [1/1] (0.00ns) (grouped into LUT with out node select_ln1649_274)   --->   "%tmp_821 = bitselect i1 @_ssdm_op_BitSelect.i1.i14.i32, i14 %p_read_244, i32 13"   --->   Operation 253 'bitselect' 'tmp_821' <Predicate = (icmp_ln1649_274)> <Delay = 0.00>
ST_1 : Operation 254 [1/1] (0.00ns) (grouped into LUT with out node select_ln1649_274)   --->   "%overflow_274 = or i1 %p_Result_265, i1 %tmp_821"   --->   Operation 254 'or' 'overflow_274' <Predicate = (icmp_ln1649_274)> <Delay = 0.00> <CoreInst = "LogicGate">   --->   Core 74 'LogicGate' <Latency = 0> <II = 1> <Delay = 0.12> <FuncUnit> <Opcode : 'and' 'or' 'xor'> <InPorts = 2> <OutPorts = 1>
ST_1 : Operation 255 [1/1] (0.00ns) (grouped into LUT with out node select_ln1649_274)   --->   "%select_ln346_274 = select i1 %overflow_274, i8 255, i8 %add_ln856_265"   --->   Operation 255 'select' 'select_ln346_274' <Predicate = (icmp_ln1649_274)> <Delay = 0.00> <CoreInst = "Sel">   --->   Core 73 'Sel' <Latency = 0> <II = 1> <Delay = 0.30> <FuncUnit> <Opcode : 'select'> <InPorts = 3> <OutPorts = 1>
ST_1 : Operation 256 [1/1] (0.30ns) (out node of the LUT)   --->   "%select_ln1649_274 = select i1 %icmp_ln1649_274, i8 %select_ln346_274, i8 0"   --->   Operation 256 'select' 'select_ln1649_274' <Predicate = true> <Delay = 0.30> <CoreInst = "Sel">   --->   Core 73 'Sel' <Latency = 0> <II = 1> <Delay = 0.30> <FuncUnit> <Opcode : 'select'> <InPorts = 3> <OutPorts = 1>
ST_1 : Operation 257 [1/1] (0.65ns)   --->   "%icmp_ln1649_275 = icmp_sgt  i14 %p_read_243, i14 0"   --->   Operation 257 'icmp' 'icmp_ln1649_275' <Predicate = true> <Delay = 0.65> <CoreInst = "Cmp">   --->   Core 9 'Cmp' <Latency = 0> <II = 1> <Delay = 0.65> <FuncUnit> <Opcode : 'icmp'> <InPorts = 2> <OutPorts = 1>
ST_1 : Operation 258 [1/1] (0.00ns)   --->   "%p_Val2_544 = partselect i8 @_ssdm_op_PartSelect.i8.i14.i32.i32, i14 %p_read_243, i32 5, i32 12"   --->   Operation 258 'partselect' 'p_Val2_544' <Predicate = (icmp_ln1649_275)> <Delay = 0.00>
ST_1 : Operation 259 [1/1] (0.00ns)   --->   "%zext_ln818_266 = zext i8 %p_Val2_544"   --->   Operation 259 'zext' 'zext_ln818_266' <Predicate = (icmp_ln1649_275)> <Delay = 0.00>
ST_1 : Operation 260 [1/1] (0.00ns)   --->   "%tmp_822 = bitselect i1 @_ssdm_op_BitSelect.i1.i14.i32, i14 %p_read_243, i32 4"   --->   Operation 260 'bitselect' 'tmp_822' <Predicate = (icmp_ln1649_275)> <Delay = 0.00>
ST_1 : Operation 261 [1/1] (0.00ns)   --->   "%zext_ln377_275 = zext i1 %tmp_822"   --->   Operation 261 'zext' 'zext_ln377_275' <Predicate = (icmp_ln1649_275)> <Delay = 0.00>
ST_1 : Operation 262 [1/1] (0.00ns)   --->   "%zext_ln377_467 = zext i1 %tmp_822"   --->   Operation 262 'zext' 'zext_ln377_467' <Predicate = (!overflow_275 & icmp_ln1649_275)> <Delay = 0.00>
ST_1 : Operation 263 [1/1] (0.70ns)   --->   "%p_Val2_545 = add i9 %zext_ln818_266, i9 %zext_ln377_275"   --->   Operation 263 'add' 'p_Val2_545' <Predicate = (icmp_ln1649_275)> <Delay = 0.70> <CoreInst = "Adder">   --->   Core 1 'Adder' <Latency = 0> <II = 1> <Delay = 0.70> <FuncUnit> <Opcode : 'add' 'sub'> <InPorts = 2> <OutPorts = 1>
ST_1 : Operation 264 [1/1] (0.70ns)   --->   "%add_ln856_266 = add i8 %p_Val2_544, i8 %zext_ln377_467"   --->   Operation 264 'add' 'add_ln856_266' <Predicate = (!overflow_275 & icmp_ln1649_275)> <Delay = 0.70> <CoreInst = "Adder">   --->   Core 1 'Adder' <Latency = 0> <II = 1> <Delay = 0.70> <FuncUnit> <Opcode : 'add' 'sub'> <InPorts = 2> <OutPorts = 1>
ST_1 : Operation 265 [1/1] (0.00ns) (grouped into LUT with out node select_ln1649_275)   --->   "%p_Result_266 = bitselect i1 @_ssdm_op_BitSelect.i1.i9.i32, i9 %p_Val2_545, i32 8"   --->   Operation 265 'bitselect' 'p_Result_266' <Predicate = (icmp_ln1649_275)> <Delay = 0.00>
ST_1 : Operation 266 [1/1] (0.00ns) (grouped into LUT with out node select_ln1649_275)   --->   "%tmp_824 = bitselect i1 @_ssdm_op_BitSelect.i1.i14.i32, i14 %p_read_243, i32 13"   --->   Operation 266 'bitselect' 'tmp_824' <Predicate = (icmp_ln1649_275)> <Delay = 0.00>
ST_1 : Operation 267 [1/1] (0.00ns) (grouped into LUT with out node select_ln1649_275)   --->   "%overflow_275 = or i1 %p_Result_266, i1 %tmp_824"   --->   Operation 267 'or' 'overflow_275' <Predicate = (icmp_ln1649_275)> <Delay = 0.00> <CoreInst = "LogicGate">   --->   Core 74 'LogicGate' <Latency = 0> <II = 1> <Delay = 0.12> <FuncUnit> <Opcode : 'and' 'or' 'xor'> <InPorts = 2> <OutPorts = 1>
ST_1 : Operation 268 [1/1] (0.00ns) (grouped into LUT with out node select_ln1649_275)   --->   "%select_ln346_275 = select i1 %overflow_275, i8 255, i8 %add_ln856_266"   --->   Operation 268 'select' 'select_ln346_275' <Predicate = (icmp_ln1649_275)> <Delay = 0.00> <CoreInst = "Sel">   --->   Core 73 'Sel' <Latency = 0> <II = 1> <Delay = 0.30> <FuncUnit> <Opcode : 'select'> <InPorts = 3> <OutPorts = 1>
ST_1 : Operation 269 [1/1] (0.30ns) (out node of the LUT)   --->   "%select_ln1649_275 = select i1 %icmp_ln1649_275, i8 %select_ln346_275, i8 0"   --->   Operation 269 'select' 'select_ln1649_275' <Predicate = true> <Delay = 0.30> <CoreInst = "Sel">   --->   Core 73 'Sel' <Latency = 0> <II = 1> <Delay = 0.30> <FuncUnit> <Opcode : 'select'> <InPorts = 3> <OutPorts = 1>
ST_1 : Operation 270 [1/1] (0.65ns)   --->   "%icmp_ln1649_276 = icmp_sgt  i14 %p_read_242, i14 0"   --->   Operation 270 'icmp' 'icmp_ln1649_276' <Predicate = true> <Delay = 0.65> <CoreInst = "Cmp">   --->   Core 9 'Cmp' <Latency = 0> <II = 1> <Delay = 0.65> <FuncUnit> <Opcode : 'icmp'> <InPorts = 2> <OutPorts = 1>
ST_1 : Operation 271 [1/1] (0.00ns)   --->   "%p_Val2_546 = partselect i8 @_ssdm_op_PartSelect.i8.i14.i32.i32, i14 %p_read_242, i32 5, i32 12"   --->   Operation 271 'partselect' 'p_Val2_546' <Predicate = (icmp_ln1649_276)> <Delay = 0.00>
ST_1 : Operation 272 [1/1] (0.00ns)   --->   "%zext_ln818_267 = zext i8 %p_Val2_546"   --->   Operation 272 'zext' 'zext_ln818_267' <Predicate = (icmp_ln1649_276)> <Delay = 0.00>
ST_1 : Operation 273 [1/1] (0.00ns)   --->   "%tmp_825 = bitselect i1 @_ssdm_op_BitSelect.i1.i14.i32, i14 %p_read_242, i32 4"   --->   Operation 273 'bitselect' 'tmp_825' <Predicate = (icmp_ln1649_276)> <Delay = 0.00>
ST_1 : Operation 274 [1/1] (0.00ns)   --->   "%zext_ln377_276 = zext i1 %tmp_825"   --->   Operation 274 'zext' 'zext_ln377_276' <Predicate = (icmp_ln1649_276)> <Delay = 0.00>
ST_1 : Operation 275 [1/1] (0.00ns)   --->   "%zext_ln377_468 = zext i1 %tmp_825"   --->   Operation 275 'zext' 'zext_ln377_468' <Predicate = (!overflow_276 & icmp_ln1649_276)> <Delay = 0.00>
ST_1 : Operation 276 [1/1] (0.70ns)   --->   "%p_Val2_547 = add i9 %zext_ln818_267, i9 %zext_ln377_276"   --->   Operation 276 'add' 'p_Val2_547' <Predicate = (icmp_ln1649_276)> <Delay = 0.70> <CoreInst = "Adder">   --->   Core 1 'Adder' <Latency = 0> <II = 1> <Delay = 0.70> <FuncUnit> <Opcode : 'add' 'sub'> <InPorts = 2> <OutPorts = 1>
ST_1 : Operation 277 [1/1] (0.70ns)   --->   "%add_ln856_267 = add i8 %p_Val2_546, i8 %zext_ln377_468"   --->   Operation 277 'add' 'add_ln856_267' <Predicate = (!overflow_276 & icmp_ln1649_276)> <Delay = 0.70> <CoreInst = "Adder">   --->   Core 1 'Adder' <Latency = 0> <II = 1> <Delay = 0.70> <FuncUnit> <Opcode : 'add' 'sub'> <InPorts = 2> <OutPorts = 1>
ST_1 : Operation 278 [1/1] (0.00ns) (grouped into LUT with out node select_ln1649_276)   --->   "%p_Result_267 = bitselect i1 @_ssdm_op_BitSelect.i1.i9.i32, i9 %p_Val2_547, i32 8"   --->   Operation 278 'bitselect' 'p_Result_267' <Predicate = (icmp_ln1649_276)> <Delay = 0.00>
ST_1 : Operation 279 [1/1] (0.00ns) (grouped into LUT with out node select_ln1649_276)   --->   "%tmp_827 = bitselect i1 @_ssdm_op_BitSelect.i1.i14.i32, i14 %p_read_242, i32 13"   --->   Operation 279 'bitselect' 'tmp_827' <Predicate = (icmp_ln1649_276)> <Delay = 0.00>
ST_1 : Operation 280 [1/1] (0.00ns) (grouped into LUT with out node select_ln1649_276)   --->   "%overflow_276 = or i1 %p_Result_267, i1 %tmp_827"   --->   Operation 280 'or' 'overflow_276' <Predicate = (icmp_ln1649_276)> <Delay = 0.00> <CoreInst = "LogicGate">   --->   Core 74 'LogicGate' <Latency = 0> <II = 1> <Delay = 0.12> <FuncUnit> <Opcode : 'and' 'or' 'xor'> <InPorts = 2> <OutPorts = 1>
ST_1 : Operation 281 [1/1] (0.00ns) (grouped into LUT with out node select_ln1649_276)   --->   "%select_ln346_276 = select i1 %overflow_276, i8 255, i8 %add_ln856_267"   --->   Operation 281 'select' 'select_ln346_276' <Predicate = (icmp_ln1649_276)> <Delay = 0.00> <CoreInst = "Sel">   --->   Core 73 'Sel' <Latency = 0> <II = 1> <Delay = 0.30> <FuncUnit> <Opcode : 'select'> <InPorts = 3> <OutPorts = 1>
ST_1 : Operation 282 [1/1] (0.30ns) (out node of the LUT)   --->   "%select_ln1649_276 = select i1 %icmp_ln1649_276, i8 %select_ln346_276, i8 0"   --->   Operation 282 'select' 'select_ln1649_276' <Predicate = true> <Delay = 0.30> <CoreInst = "Sel">   --->   Core 73 'Sel' <Latency = 0> <II = 1> <Delay = 0.30> <FuncUnit> <Opcode : 'select'> <InPorts = 3> <OutPorts = 1>
ST_1 : Operation 283 [1/1] (0.00ns)   --->   "%mrv = insertvalue i160 <undef>, i8 %select_ln1649" [firmware/nnet_utils/nnet_activation.h:50]   --->   Operation 283 'insertvalue' 'mrv' <Predicate = true> <Delay = 0.00>
ST_1 : Operation 284 [1/1] (0.00ns)   --->   "%mrv_1 = insertvalue i160 %mrv, i8 %select_ln1649_258" [firmware/nnet_utils/nnet_activation.h:50]   --->   Operation 284 'insertvalue' 'mrv_1' <Predicate = true> <Delay = 0.00>
ST_1 : Operation 285 [1/1] (0.00ns)   --->   "%mrv_2 = insertvalue i160 %mrv_1, i8 %select_ln1649_259" [firmware/nnet_utils/nnet_activation.h:50]   --->   Operation 285 'insertvalue' 'mrv_2' <Predicate = true> <Delay = 0.00>
ST_1 : Operation 286 [1/1] (0.00ns)   --->   "%mrv_3 = insertvalue i160 %mrv_2, i8 %select_ln1649_260" [firmware/nnet_utils/nnet_activation.h:50]   --->   Operation 286 'insertvalue' 'mrv_3' <Predicate = true> <Delay = 0.00>
ST_1 : Operation 287 [1/1] (0.00ns)   --->   "%mrv_4 = insertvalue i160 %mrv_3, i8 %select_ln1649_261" [firmware/nnet_utils/nnet_activation.h:50]   --->   Operation 287 'insertvalue' 'mrv_4' <Predicate = true> <Delay = 0.00>
ST_1 : Operation 288 [1/1] (0.00ns)   --->   "%mrv_5 = insertvalue i160 %mrv_4, i8 %select_ln1649_262" [firmware/nnet_utils/nnet_activation.h:50]   --->   Operation 288 'insertvalue' 'mrv_5' <Predicate = true> <Delay = 0.00>
ST_1 : Operation 289 [1/1] (0.00ns)   --->   "%mrv_6 = insertvalue i160 %mrv_5, i8 %select_ln1649_263" [firmware/nnet_utils/nnet_activation.h:50]   --->   Operation 289 'insertvalue' 'mrv_6' <Predicate = true> <Delay = 0.00>
ST_1 : Operation 290 [1/1] (0.00ns)   --->   "%mrv_7 = insertvalue i160 %mrv_6, i8 %select_ln1649_264" [firmware/nnet_utils/nnet_activation.h:50]   --->   Operation 290 'insertvalue' 'mrv_7' <Predicate = true> <Delay = 0.00>
ST_1 : Operation 291 [1/1] (0.00ns)   --->   "%mrv_8 = insertvalue i160 %mrv_7, i8 %select_ln1649_265" [firmware/nnet_utils/nnet_activation.h:50]   --->   Operation 291 'insertvalue' 'mrv_8' <Predicate = true> <Delay = 0.00>
ST_1 : Operation 292 [1/1] (0.00ns)   --->   "%mrv_9 = insertvalue i160 %mrv_8, i8 %select_ln1649_266" [firmware/nnet_utils/nnet_activation.h:50]   --->   Operation 292 'insertvalue' 'mrv_9' <Predicate = true> <Delay = 0.00>
ST_1 : Operation 293 [1/1] (0.00ns)   --->   "%mrv_10 = insertvalue i160 %mrv_9, i8 %select_ln1649_267" [firmware/nnet_utils/nnet_activation.h:50]   --->   Operation 293 'insertvalue' 'mrv_10' <Predicate = true> <Delay = 0.00>
ST_1 : Operation 294 [1/1] (0.00ns)   --->   "%mrv_11 = insertvalue i160 %mrv_10, i8 %select_ln1649_268" [firmware/nnet_utils/nnet_activation.h:50]   --->   Operation 294 'insertvalue' 'mrv_11' <Predicate = true> <Delay = 0.00>
ST_1 : Operation 295 [1/1] (0.00ns)   --->   "%mrv_12 = insertvalue i160 %mrv_11, i8 %select_ln1649_269" [firmware/nnet_utils/nnet_activation.h:50]   --->   Operation 295 'insertvalue' 'mrv_12' <Predicate = true> <Delay = 0.00>
ST_1 : Operation 296 [1/1] (0.00ns)   --->   "%mrv_13 = insertvalue i160 %mrv_12, i8 %select_ln1649_270" [firmware/nnet_utils/nnet_activation.h:50]   --->   Operation 296 'insertvalue' 'mrv_13' <Predicate = true> <Delay = 0.00>
ST_1 : Operation 297 [1/1] (0.00ns)   --->   "%mrv_14 = insertvalue i160 %mrv_13, i8 %select_ln1649_271" [firmware/nnet_utils/nnet_activation.h:50]   --->   Operation 297 'insertvalue' 'mrv_14' <Predicate = true> <Delay = 0.00>
ST_1 : Operation 298 [1/1] (0.00ns)   --->   "%mrv_15 = insertvalue i160 %mrv_14, i8 %select_ln1649_272" [firmware/nnet_utils/nnet_activation.h:50]   --->   Operation 298 'insertvalue' 'mrv_15' <Predicate = true> <Delay = 0.00>
ST_1 : Operation 299 [1/1] (0.00ns)   --->   "%mrv_16 = insertvalue i160 %mrv_15, i8 %select_ln1649_273" [firmware/nnet_utils/nnet_activation.h:50]   --->   Operation 299 'insertvalue' 'mrv_16' <Predicate = true> <Delay = 0.00>
ST_1 : Operation 300 [1/1] (0.00ns)   --->   "%mrv_17 = insertvalue i160 %mrv_16, i8 %select_ln1649_274" [firmware/nnet_utils/nnet_activation.h:50]   --->   Operation 300 'insertvalue' 'mrv_17' <Predicate = true> <Delay = 0.00>
ST_1 : Operation 301 [1/1] (0.00ns)   --->   "%mrv_18 = insertvalue i160 %mrv_17, i8 %select_ln1649_275" [firmware/nnet_utils/nnet_activation.h:50]   --->   Operation 301 'insertvalue' 'mrv_18' <Predicate = true> <Delay = 0.00>
ST_1 : Operation 302 [1/1] (0.00ns)   --->   "%mrv_19 = insertvalue i160 %mrv_18, i8 %select_ln1649_276" [firmware/nnet_utils/nnet_activation.h:50]   --->   Operation 302 'insertvalue' 'mrv_19' <Predicate = true> <Delay = 0.00>
ST_1 : Operation 303 [1/1] (0.00ns)   --->   "%ret_ln50 = ret i160 %mrv_19" [firmware/nnet_utils/nnet_activation.h:50]   --->   Operation 303 'ret' 'ret_ln50' <Predicate = true> <Delay = 0.00>


============================================================
+ Verbose Summary: Timing violations
============================================================
Target clock period: 5ns, clock uncertainty: 0.625ns.

 <State 1>: 2.44ns
The critical path consists of the following:
	wire read operation ('p_read_249', firmware/nnet_utils/nnet_activation.h:42) on port 'p_read' (firmware/nnet_utils/nnet_activation.h:42) [41]  (1.43 ns)
	'add' operation ('add_ln856') [49]  (0.705 ns)
	'select' operation ('select_ln346') [53]  (0 ns)
	'select' operation ('select_ln1649') [54]  (0.303 ns)


============================================================
+ Verbose Summary: Binding
============================================================
N/A
* FSMD analyzer results:
  - Output states:
 - Input state : 
  - Chain level:
	State 1


============================================================
+ Verbose Summary: Datapath Resource usage 
============================================================
N/A
