

================================================================
== Vitis HLS Report for 'relu_ap_fixed_16_6_0_0_0_ap_fixed_9_4_0_0_0_relu_config11_s'
================================================================
* Date:           Mon Jun 19 05:17:43 2023

* Version:        2022.2 (Build 3670227 on Oct 13 2022)
* Project:        myproject_prj
* Solution:       solution1 (Vivado IP Flow Target)
* Product family: virtexuplus
* Target device:  xcvu9p-flga2104-2L-e


================================================================
== Performance Estimates
================================================================
+ Timing: 
    * Summary: 
    +--------+---------+----------+------------+
    |  Clock |  Target | Estimated| Uncertainty|
    +--------+---------+----------+------------+
    |ap_clk  |  5.00 ns|  2.437 ns|     0.62 ns|
    +--------+---------+----------+------------+

+ Latency: 
    * Summary: 
    +---------+---------+----------+----------+-----+-----+---------+
    |  Latency (cycles) |  Latency (absolute) |  Interval | Pipeline|
    |   min   |   max   |    min   |    max   | min | max |   Type  |
    +---------+---------+----------+----------+-----+-----+---------+
    |        0|        0|      0 ns|      0 ns|    1|    1|      yes|
    +---------+---------+----------+----------+-----+-----+---------+

    + Detail: 
        * Instance: 
        N/A

        * Loop: 
        N/A



================================================================
== Utilization Estimates
================================================================
* Summary: 
+---------------------+---------+------+---------+---------+-----+
|         Name        | BRAM_18K|  DSP |    FF   |   LUT   | URAM|
+---------------------+---------+------+---------+---------+-----+
|DSP                  |        -|     -|        -|        -|    -|
|Expression           |        -|     -|        0|     1222|    -|
|FIFO                 |        -|     -|        -|        -|    -|
|Instance             |        -|     -|        -|        -|    -|
|Memory               |        -|     -|        -|        -|    -|
|Multiplexer          |        -|     -|        -|      189|    -|
|Register             |        -|     -|      162|        -|    -|
+---------------------+---------+------+---------+---------+-----+
|Total                |        0|     0|      162|     1411|    0|
+---------------------+---------+------+---------+---------+-----+
|Available SLR        |     1440|  2280|   788160|   394080|  320|
+---------------------+---------+------+---------+---------+-----+
|Utilization SLR (%)  |        0|     0|       ~0|       ~0|    0|
+---------------------+---------+------+---------+---------+-----+
|Available            |     4320|  6840|  2364480|  1182240|  960|
+---------------------+---------+------+---------+---------+-----+
|Utilization (%)      |        0|     0|       ~0|       ~0|    0|
+---------------------+---------+------+---------+---------+-----+

+ Detail: 
    * Instance: 
    N/A

    * DSP: 
    N/A

    * Memory: 
    N/A

    * FIFO: 
    N/A

    * Expression: 
    +------------------------------+----------+----+---+----+------------+------------+
    |         Variable Name        | Operation| DSP| FF| LUT| Bitwidth P0| Bitwidth P1|
    +------------------------------+----------+----+---+----+------------+------------+
    |add_ln856_249_fu_322_p2       |         +|   0|  0|  15|           8|           8|
    |add_ln856_250_fu_408_p2       |         +|   0|  0|  15|           8|           8|
    |add_ln856_251_fu_494_p2       |         +|   0|  0|  15|           8|           8|
    |add_ln856_252_fu_580_p2       |         +|   0|  0|  15|           8|           8|
    |add_ln856_253_fu_666_p2       |         +|   0|  0|  15|           8|           8|
    |add_ln856_254_fu_752_p2       |         +|   0|  0|  15|           8|           8|
    |add_ln856_255_fu_838_p2       |         +|   0|  0|  15|           8|           8|
    |add_ln856_256_fu_924_p2       |         +|   0|  0|  15|           8|           8|
    |add_ln856_257_fu_1010_p2      |         +|   0|  0|  15|           8|           8|
    |add_ln856_258_fu_1096_p2      |         +|   0|  0|  15|           8|           8|
    |add_ln856_259_fu_1182_p2      |         +|   0|  0|  15|           8|           8|
    |add_ln856_260_fu_1268_p2      |         +|   0|  0|  15|           8|           8|
    |add_ln856_261_fu_1354_p2      |         +|   0|  0|  15|           8|           8|
    |add_ln856_262_fu_1440_p2      |         +|   0|  0|  15|           8|           8|
    |add_ln856_263_fu_1526_p2      |         +|   0|  0|  15|           8|           8|
    |add_ln856_264_fu_1612_p2      |         +|   0|  0|  15|           8|           8|
    |add_ln856_265_fu_1698_p2      |         +|   0|  0|  15|           8|           8|
    |add_ln856_266_fu_1784_p2      |         +|   0|  0|  15|           8|           8|
    |add_ln856_267_fu_1870_p2      |         +|   0|  0|  15|           8|           8|
    |add_ln856_fu_236_p2           |         +|   0|  0|  15|           8|           8|
    |p_Val2_509_fu_230_p2          |         +|   0|  0|  16|           9|           9|
    |p_Val2_511_fu_316_p2          |         +|   0|  0|  16|           9|           9|
    |p_Val2_513_fu_402_p2          |         +|   0|  0|  16|           9|           9|
    |p_Val2_515_fu_488_p2          |         +|   0|  0|  16|           9|           9|
    |p_Val2_517_fu_574_p2          |         +|   0|  0|  16|           9|           9|
    |p_Val2_519_fu_660_p2          |         +|   0|  0|  16|           9|           9|
    |p_Val2_521_fu_746_p2          |         +|   0|  0|  16|           9|           9|
    |p_Val2_523_fu_832_p2          |         +|   0|  0|  16|           9|           9|
    |p_Val2_525_fu_918_p2          |         +|   0|  0|  16|           9|           9|
    |p_Val2_527_fu_1004_p2         |         +|   0|  0|  16|           9|           9|
    |p_Val2_529_fu_1090_p2         |         +|   0|  0|  16|           9|           9|
    |p_Val2_531_fu_1176_p2         |         +|   0|  0|  16|           9|           9|
    |p_Val2_533_fu_1262_p2         |         +|   0|  0|  16|           9|           9|
    |p_Val2_535_fu_1348_p2         |         +|   0|  0|  16|           9|           9|
    |p_Val2_537_fu_1434_p2         |         +|   0|  0|  16|           9|           9|
    |p_Val2_539_fu_1520_p2         |         +|   0|  0|  16|           9|           9|
    |p_Val2_541_fu_1606_p2         |         +|   0|  0|  16|           9|           9|
    |p_Val2_543_fu_1692_p2         |         +|   0|  0|  16|           9|           9|
    |p_Val2_545_fu_1778_p2         |         +|   0|  0|  16|           9|           9|
    |p_Val2_547_fu_1864_p2         |         +|   0|  0|  16|           9|           9|
    |icmp_ln1649_258_fu_280_p2     |      icmp|   0|  0|  12|          14|           1|
    |icmp_ln1649_259_fu_366_p2     |      icmp|   0|  0|  12|          14|           1|
    |icmp_ln1649_260_fu_452_p2     |      icmp|   0|  0|  12|          14|           1|
    |icmp_ln1649_261_fu_538_p2     |      icmp|   0|  0|  12|          14|           1|
    |icmp_ln1649_262_fu_624_p2     |      icmp|   0|  0|  12|          14|           1|
    |icmp_ln1649_263_fu_710_p2     |      icmp|   0|  0|  12|          14|           1|
    |icmp_ln1649_264_fu_796_p2     |      icmp|   0|  0|  12|          14|           1|
    |icmp_ln1649_265_fu_882_p2     |      icmp|   0|  0|  12|          14|           1|
    |icmp_ln1649_266_fu_968_p2     |      icmp|   0|  0|  12|          14|           1|
    |icmp_ln1649_267_fu_1054_p2    |      icmp|   0|  0|  12|          14|           1|
    |icmp_ln1649_268_fu_1140_p2    |      icmp|   0|  0|  12|          14|           1|
    |icmp_ln1649_269_fu_1226_p2    |      icmp|   0|  0|  12|          14|           1|
    |icmp_ln1649_270_fu_1312_p2    |      icmp|   0|  0|  12|          14|           1|
    |icmp_ln1649_271_fu_1398_p2    |      icmp|   0|  0|  12|          14|           1|
    |icmp_ln1649_272_fu_1484_p2    |      icmp|   0|  0|  12|          14|           1|
    |icmp_ln1649_273_fu_1570_p2    |      icmp|   0|  0|  12|          14|           1|
    |icmp_ln1649_274_fu_1656_p2    |      icmp|   0|  0|  12|          14|           1|
    |icmp_ln1649_275_fu_1742_p2    |      icmp|   0|  0|  12|          14|           1|
    |icmp_ln1649_276_fu_1828_p2    |      icmp|   0|  0|  12|          14|           1|
    |icmp_ln1649_fu_194_p2         |      icmp|   0|  0|  12|          14|           1|
    |ap_block_state1               |        or|   0|  0|   2|           1|           1|
    |overflow_258_fu_344_p2        |        or|   0|  0|   2|           1|           1|
    |overflow_259_fu_430_p2        |        or|   0|  0|   2|           1|           1|
    |overflow_260_fu_516_p2        |        or|   0|  0|   2|           1|           1|
    |overflow_261_fu_602_p2        |        or|   0|  0|   2|           1|           1|
    |overflow_262_fu_688_p2        |        or|   0|  0|   2|           1|           1|
    |overflow_263_fu_774_p2        |        or|   0|  0|   2|           1|           1|
    |overflow_264_fu_860_p2        |        or|   0|  0|   2|           1|           1|
    |overflow_265_fu_946_p2        |        or|   0|  0|   2|           1|           1|
    |overflow_266_fu_1032_p2       |        or|   0|  0|   2|           1|           1|
    |overflow_267_fu_1118_p2       |        or|   0|  0|   2|           1|           1|
    |overflow_268_fu_1204_p2       |        or|   0|  0|   2|           1|           1|
    |overflow_269_fu_1290_p2       |        or|   0|  0|   2|           1|           1|
    |overflow_270_fu_1376_p2       |        or|   0|  0|   2|           1|           1|
    |overflow_271_fu_1462_p2       |        or|   0|  0|   2|           1|           1|
    |overflow_272_fu_1548_p2       |        or|   0|  0|   2|           1|           1|
    |overflow_273_fu_1634_p2       |        or|   0|  0|   2|           1|           1|
    |overflow_274_fu_1720_p2       |        or|   0|  0|   2|           1|           1|
    |overflow_275_fu_1806_p2       |        or|   0|  0|   2|           1|           1|
    |overflow_276_fu_1892_p2       |        or|   0|  0|   2|           1|           1|
    |overflow_fu_258_p2            |        or|   0|  0|   2|           1|           1|
    |select_ln1649_258_fu_358_p3   |    select|   0|  0|   8|           1|           8|
    |select_ln1649_259_fu_444_p3   |    select|   0|  0|   8|           1|           8|
    |select_ln1649_260_fu_530_p3   |    select|   0|  0|   8|           1|           8|
    |select_ln1649_261_fu_616_p3   |    select|   0|  0|   8|           1|           8|
    |select_ln1649_262_fu_702_p3   |    select|   0|  0|   8|           1|           8|
    |select_ln1649_263_fu_788_p3   |    select|   0|  0|   8|           1|           8|
    |select_ln1649_264_fu_874_p3   |    select|   0|  0|   8|           1|           8|
    |select_ln1649_265_fu_960_p3   |    select|   0|  0|   8|           1|           8|
    |select_ln1649_266_fu_1046_p3  |    select|   0|  0|   8|           1|           8|
    |select_ln1649_267_fu_1132_p3  |    select|   0|  0|   8|           1|           8|
    |select_ln1649_268_fu_1218_p3  |    select|   0|  0|   8|           1|           8|
    |select_ln1649_269_fu_1304_p3  |    select|   0|  0|   8|           1|           8|
    |select_ln1649_270_fu_1390_p3  |    select|   0|  0|   8|           1|           8|
    |select_ln1649_271_fu_1476_p3  |    select|   0|  0|   8|           1|           8|
    |select_ln1649_272_fu_1562_p3  |    select|   0|  0|   8|           1|           8|
    |select_ln1649_273_fu_1648_p3  |    select|   0|  0|   8|           1|           8|
    |select_ln1649_274_fu_1734_p3  |    select|   0|  0|   8|           1|           8|
    |select_ln1649_275_fu_1820_p3  |    select|   0|  0|   8|           1|           8|
    |select_ln1649_276_fu_1906_p3  |    select|   0|  0|   8|           1|           8|
    |select_ln1649_fu_272_p3       |    select|   0|  0|   8|           1|           8|
    |select_ln346_258_fu_350_p3    |    select|   0|  0|   8|           1|           2|
    |select_ln346_259_fu_436_p3    |    select|   0|  0|   8|           1|           2|
    |select_ln346_260_fu_522_p3    |    select|   0|  0|   8|           1|           2|
    |select_ln346_261_fu_608_p3    |    select|   0|  0|   8|           1|           2|
    |select_ln346_262_fu_694_p3    |    select|   0|  0|   8|           1|           2|
    |select_ln346_263_fu_780_p3    |    select|   0|  0|   8|           1|           2|
    |select_ln346_264_fu_866_p3    |    select|   0|  0|   8|           1|           2|
    |select_ln346_265_fu_952_p3    |    select|   0|  0|   8|           1|           2|
    |select_ln346_266_fu_1038_p3   |    select|   0|  0|   8|           1|           2|
    |select_ln346_267_fu_1124_p3   |    select|   0|  0|   8|           1|           2|
    |select_ln346_268_fu_1210_p3   |    select|   0|  0|   8|           1|           2|
    |select_ln346_269_fu_1296_p3   |    select|   0|  0|   8|           1|           2|
    |select_ln346_270_fu_1382_p3   |    select|   0|  0|   8|           1|           2|
    |select_ln346_271_fu_1468_p3   |    select|   0|  0|   8|           1|           2|
    |select_ln346_272_fu_1554_p3   |    select|   0|  0|   8|           1|           2|
    |select_ln346_273_fu_1640_p3   |    select|   0|  0|   8|           1|           2|
    |select_ln346_274_fu_1726_p3   |    select|   0|  0|   8|           1|           2|
    |select_ln346_275_fu_1812_p3   |    select|   0|  0|   8|           1|           2|
    |select_ln346_276_fu_1898_p3   |    select|   0|  0|   8|           1|           2|
    |select_ln346_fu_264_p3        |    select|   0|  0|   8|           1|           2|
    +------------------------------+----------+----+---+----+------------+------------+
    |Total                         |          |   0|  0|1222|         681|         581|
    +------------------------------+----------+----+---+----+------------+------------+

    * Multiplexer: 
    +--------------+----+-----------+-----+-----------+
    |     Name     | LUT| Input Size| Bits| Total Bits|
    +--------------+----+-----------+-----+-----------+
    |ap_done       |   9|          2|    1|          2|
    |ap_return_0   |   9|          2|    8|         16|
    |ap_return_1   |   9|          2|    8|         16|
    |ap_return_10  |   9|          2|    8|         16|
    |ap_return_11  |   9|          2|    8|         16|
    |ap_return_12  |   9|          2|    8|         16|
    |ap_return_13  |   9|          2|    8|         16|
    |ap_return_14  |   9|          2|    8|         16|
    |ap_return_15  |   9|          2|    8|         16|
    |ap_return_16  |   9|          2|    8|         16|
    |ap_return_17  |   9|          2|    8|         16|
    |ap_return_18  |   9|          2|    8|         16|
    |ap_return_19  |   9|          2|    8|         16|
    |ap_return_2   |   9|          2|    8|         16|
    |ap_return_3   |   9|          2|    8|         16|
    |ap_return_4   |   9|          2|    8|         16|
    |ap_return_5   |   9|          2|    8|         16|
    |ap_return_6   |   9|          2|    8|         16|
    |ap_return_7   |   9|          2|    8|         16|
    |ap_return_8   |   9|          2|    8|         16|
    |ap_return_9   |   9|          2|    8|         16|
    +--------------+----+-----------+-----+-----------+
    |Total         | 189|         42|  161|        322|
    +--------------+----+-----------+-----+-----------+

    * Register: 
    +-------------------+---+----+-----+-----------+
    |        Name       | FF| LUT| Bits| Const Bits|
    +-------------------+---+----+-----+-----------+
    |ap_CS_fsm          |  1|   0|    1|          0|
    |ap_done_reg        |  1|   0|    1|          0|
    |ap_return_0_preg   |  8|   0|    8|          0|
    |ap_return_10_preg  |  8|   0|    8|          0|
    |ap_return_11_preg  |  8|   0|    8|          0|
    |ap_return_12_preg  |  8|   0|    8|          0|
    |ap_return_13_preg  |  8|   0|    8|          0|
    |ap_return_14_preg  |  8|   0|    8|          0|
    |ap_return_15_preg  |  8|   0|    8|          0|
    |ap_return_16_preg  |  8|   0|    8|          0|
    |ap_return_17_preg  |  8|   0|    8|          0|
    |ap_return_18_preg  |  8|   0|    8|          0|
    |ap_return_19_preg  |  8|   0|    8|          0|
    |ap_return_1_preg   |  8|   0|    8|          0|
    |ap_return_2_preg   |  8|   0|    8|          0|
    |ap_return_3_preg   |  8|   0|    8|          0|
    |ap_return_4_preg   |  8|   0|    8|          0|
    |ap_return_5_preg   |  8|   0|    8|          0|
    |ap_return_6_preg   |  8|   0|    8|          0|
    |ap_return_7_preg   |  8|   0|    8|          0|
    |ap_return_8_preg   |  8|   0|    8|          0|
    |ap_return_9_preg   |  8|   0|    8|          0|
    +-------------------+---+----+-----+-----------+
    |Total              |162|   0|  162|          0|
    +-------------------+---+----+-----+-----------+



================================================================
== Interface
================================================================
* Summary: 
+--------------+-----+-----+------------+------------------------------------------------------------------------+--------------+
|   RTL Ports  | Dir | Bits|  Protocol  |                              Source Object                             |    C Type    |
+--------------+-----+-----+------------+------------------------------------------------------------------------+--------------+
|ap_clk        |   in|    1|  ap_ctrl_hs|  relu<ap_fixed<16, 6, 0, 0, 0>, ap_fixed<9, 4, 0, 0, 0>, relu_config11>|  return value|
|ap_rst        |   in|    1|  ap_ctrl_hs|  relu<ap_fixed<16, 6, 0, 0, 0>, ap_fixed<9, 4, 0, 0, 0>, relu_config11>|  return value|
|ap_start      |   in|    1|  ap_ctrl_hs|  relu<ap_fixed<16, 6, 0, 0, 0>, ap_fixed<9, 4, 0, 0, 0>, relu_config11>|  return value|
|ap_done       |  out|    1|  ap_ctrl_hs|  relu<ap_fixed<16, 6, 0, 0, 0>, ap_fixed<9, 4, 0, 0, 0>, relu_config11>|  return value|
|ap_continue   |   in|    1|  ap_ctrl_hs|  relu<ap_fixed<16, 6, 0, 0, 0>, ap_fixed<9, 4, 0, 0, 0>, relu_config11>|  return value|
|ap_ce         |   in|    1|  ap_ctrl_hs|  relu<ap_fixed<16, 6, 0, 0, 0>, ap_fixed<9, 4, 0, 0, 0>, relu_config11>|  return value|
|ap_idle       |  out|    1|  ap_ctrl_hs|  relu<ap_fixed<16, 6, 0, 0, 0>, ap_fixed<9, 4, 0, 0, 0>, relu_config11>|  return value|
|ap_ready      |  out|    1|  ap_ctrl_hs|  relu<ap_fixed<16, 6, 0, 0, 0>, ap_fixed<9, 4, 0, 0, 0>, relu_config11>|  return value|
|ap_return_0   |  out|    8|  ap_ctrl_hs|  relu<ap_fixed<16, 6, 0, 0, 0>, ap_fixed<9, 4, 0, 0, 0>, relu_config11>|  return value|
|ap_return_1   |  out|    8|  ap_ctrl_hs|  relu<ap_fixed<16, 6, 0, 0, 0>, ap_fixed<9, 4, 0, 0, 0>, relu_config11>|  return value|
|ap_return_2   |  out|    8|  ap_ctrl_hs|  relu<ap_fixed<16, 6, 0, 0, 0>, ap_fixed<9, 4, 0, 0, 0>, relu_config11>|  return value|
|ap_return_3   |  out|    8|  ap_ctrl_hs|  relu<ap_fixed<16, 6, 0, 0, 0>, ap_fixed<9, 4, 0, 0, 0>, relu_config11>|  return value|
|ap_return_4   |  out|    8|  ap_ctrl_hs|  relu<ap_fixed<16, 6, 0, 0, 0>, ap_fixed<9, 4, 0, 0, 0>, relu_config11>|  return value|
|ap_return_5   |  out|    8|  ap_ctrl_hs|  relu<ap_fixed<16, 6, 0, 0, 0>, ap_fixed<9, 4, 0, 0, 0>, relu_config11>|  return value|
|ap_return_6   |  out|    8|  ap_ctrl_hs|  relu<ap_fixed<16, 6, 0, 0, 0>, ap_fixed<9, 4, 0, 0, 0>, relu_config11>|  return value|
|ap_return_7   |  out|    8|  ap_ctrl_hs|  relu<ap_fixed<16, 6, 0, 0, 0>, ap_fixed<9, 4, 0, 0, 0>, relu_config11>|  return value|
|ap_return_8   |  out|    8|  ap_ctrl_hs|  relu<ap_fixed<16, 6, 0, 0, 0>, ap_fixed<9, 4, 0, 0, 0>, relu_config11>|  return value|
|ap_return_9   |  out|    8|  ap_ctrl_hs|  relu<ap_fixed<16, 6, 0, 0, 0>, ap_fixed<9, 4, 0, 0, 0>, relu_config11>|  return value|
|ap_return_10  |  out|    8|  ap_ctrl_hs|  relu<ap_fixed<16, 6, 0, 0, 0>, ap_fixed<9, 4, 0, 0, 0>, relu_config11>|  return value|
|ap_return_11  |  out|    8|  ap_ctrl_hs|  relu<ap_fixed<16, 6, 0, 0, 0>, ap_fixed<9, 4, 0, 0, 0>, relu_config11>|  return value|
|ap_return_12  |  out|    8|  ap_ctrl_hs|  relu<ap_fixed<16, 6, 0, 0, 0>, ap_fixed<9, 4, 0, 0, 0>, relu_config11>|  return value|
|ap_return_13  |  out|    8|  ap_ctrl_hs|  relu<ap_fixed<16, 6, 0, 0, 0>, ap_fixed<9, 4, 0, 0, 0>, relu_config11>|  return value|
|ap_return_14  |  out|    8|  ap_ctrl_hs|  relu<ap_fixed<16, 6, 0, 0, 0>, ap_fixed<9, 4, 0, 0, 0>, relu_config11>|  return value|
|ap_return_15  |  out|    8|  ap_ctrl_hs|  relu<ap_fixed<16, 6, 0, 0, 0>, ap_fixed<9, 4, 0, 0, 0>, relu_config11>|  return value|
|ap_return_16  |  out|    8|  ap_ctrl_hs|  relu<ap_fixed<16, 6, 0, 0, 0>, ap_fixed<9, 4, 0, 0, 0>, relu_config11>|  return value|
|ap_return_17  |  out|    8|  ap_ctrl_hs|  relu<ap_fixed<16, 6, 0, 0, 0>, ap_fixed<9, 4, 0, 0, 0>, relu_config11>|  return value|
|ap_return_18  |  out|    8|  ap_ctrl_hs|  relu<ap_fixed<16, 6, 0, 0, 0>, ap_fixed<9, 4, 0, 0, 0>, relu_config11>|  return value|
|ap_return_19  |  out|    8|  ap_ctrl_hs|  relu<ap_fixed<16, 6, 0, 0, 0>, ap_fixed<9, 4, 0, 0, 0>, relu_config11>|  return value|
|p_read        |   in|   14|     ap_none|                                                                  p_read|        scalar|
|p_read1       |   in|   14|     ap_none|                                                                 p_read1|        scalar|
|p_read2       |   in|   14|     ap_none|                                                                 p_read2|        scalar|
|p_read3       |   in|   14|     ap_none|                                                                 p_read3|        scalar|
|p_read4       |   in|   14|     ap_none|                                                                 p_read4|        scalar|
|p_read5       |   in|   14|     ap_none|                                                                 p_read5|        scalar|
|p_read6       |   in|   14|     ap_none|                                                                 p_read6|        scalar|
|p_read7       |   in|   14|     ap_none|                                                                 p_read7|        scalar|
|p_read8       |   in|   14|     ap_none|                                                                 p_read8|        scalar|
|p_read9       |   in|   14|     ap_none|                                                                 p_read9|        scalar|
|p_read10      |   in|   14|     ap_none|                                                                p_read10|        scalar|
|p_read11      |   in|   14|     ap_none|                                                                p_read11|        scalar|
|p_read12      |   in|   14|     ap_none|                                                                p_read12|        scalar|
|p_read13      |   in|   14|     ap_none|                                                                p_read13|        scalar|
|p_read14      |   in|   14|     ap_none|                                                                p_read14|        scalar|
|p_read15      |   in|   14|     ap_none|                                                                p_read15|        scalar|
|p_read16      |   in|   14|     ap_none|                                                                p_read16|        scalar|
|p_read17      |   in|   14|     ap_none|                                                                p_read17|        scalar|
|p_read18      |   in|   14|     ap_none|                                                                p_read18|        scalar|
|p_read19      |   in|   14|     ap_none|                                                                p_read19|        scalar|
+--------------+-----+-----+------------+------------------------------------------------------------------------+--------------+

