

================================================================
== Vitis HLS Report for 'fill_buffer_1'
================================================================
* Date:           Thu Aug 17 12:46:55 2023

* Version:        2022.2 (Build 3670227 on Oct 13 2022)
* Project:        btag_nn_prj
* Solution:       solution1 (Vivado IP Flow Target)
* Product family: virtexuplus
* Target device:  xcvu9p-flga2104-2L-e


================================================================
== Performance Estimates
================================================================
+ Timing: 
    * Summary: 
    +--------+---------+----------+------------+
    |  Clock |  Target | Estimated| Uncertainty|
    +--------+---------+----------+------------+
    |ap_clk  |  2.80 ns|      0 ns|     0.35 ns|
    +--------+---------+----------+------------+

+ Latency: 
    * Summary: 
    +---------+---------+----------+----------+-----+-----+---------+
    |  Latency (cycles) |  Latency (absolute) |  Interval | Pipeline|
    |   min   |   max   |    min   |    max   | min | max |   Type  |
    +---------+---------+----------+----------+-----+-----+---------+
    |        0|        0|      0 ns|      0 ns|    1|    1|      yes|
    +---------+---------+----------+----------+-----+-----+---------+

    + Detail: 
        * Instance: 
        N/A

        * Loop: 
        N/A

============================================================
+ Verbose Summary: Synthesis Manager
============================================================
InlineROM: 1
ExposeGlobal: 0
============================================================
+ Verbose Summary: CDFG Model
============================================================
IsTopModel: 0
ResetActiveHigh: 1
IsCombinational: 0
IsDatapathOnly: 0
HasWiredReturn: 1
HasMFsm: 2
HasVarLatency: 0
IsPipeline: 1
IsRtlPipelined: 0
IsInstanceOverlapped: 0
IsDontTouch: 0
HasImplIP: 0
IsGatedGlobalClock: 0

+ Individual pipeline summary: 
  * Pipeline-0: initiation interval (II) = 1, depth = 1


============================================================
+ Verbose Summary: Schedule
============================================================
* Number of FSM states : 1
* Pipeline : 1
  Pipeline-0 : II = 1, D = 1, States = { 1 }
* Dataflow Pipeline: 0

* FSM state transitions: 
1 --> 

* FSM state operations: 

State 1 <SV = 0> <Delay = 0.00>
ST_1 : Operation 2 [1/1] (0.00ns)   --->   "%p_read_580 = read i9 @_ssdm_op_Read.ap_auto.i9, i9 %p_read199"   --->   Operation 2 'read' 'p_read_580' <Predicate = true> <Delay = 0.00>
ST_1 : Operation 3 [1/1] (0.00ns)   --->   "%p_read_581 = read i9 @_ssdm_op_Read.ap_auto.i9, i9 %p_read197"   --->   Operation 3 'read' 'p_read_581' <Predicate = true> <Delay = 0.00>
ST_1 : Operation 4 [1/1] (0.00ns)   --->   "%p_read_582 = read i9 @_ssdm_op_Read.ap_auto.i9, i9 %p_read196"   --->   Operation 4 'read' 'p_read_582' <Predicate = true> <Delay = 0.00>
ST_1 : Operation 5 [1/1] (0.00ns)   --->   "%p_read_583 = read i9 @_ssdm_op_Read.ap_auto.i9, i9 %p_read195"   --->   Operation 5 'read' 'p_read_583' <Predicate = true> <Delay = 0.00>
ST_1 : Operation 6 [1/1] (0.00ns)   --->   "%p_read_584 = read i9 @_ssdm_op_Read.ap_auto.i9, i9 %p_read194"   --->   Operation 6 'read' 'p_read_584' <Predicate = true> <Delay = 0.00>
ST_1 : Operation 7 [1/1] (0.00ns)   --->   "%p_read_585 = read i9 @_ssdm_op_Read.ap_auto.i9, i9 %p_read193"   --->   Operation 7 'read' 'p_read_585' <Predicate = true> <Delay = 0.00>
ST_1 : Operation 8 [1/1] (0.00ns)   --->   "%p_read_586 = read i9 @_ssdm_op_Read.ap_auto.i9, i9 %p_read192"   --->   Operation 8 'read' 'p_read_586' <Predicate = true> <Delay = 0.00>
ST_1 : Operation 9 [1/1] (0.00ns)   --->   "%p_read_587 = read i9 @_ssdm_op_Read.ap_auto.i9, i9 %p_read191"   --->   Operation 9 'read' 'p_read_587' <Predicate = true> <Delay = 0.00>
ST_1 : Operation 10 [1/1] (0.00ns)   --->   "%p_read_588 = read i9 @_ssdm_op_Read.ap_auto.i9, i9 %p_read190"   --->   Operation 10 'read' 'p_read_588' <Predicate = true> <Delay = 0.00>
ST_1 : Operation 11 [1/1] (0.00ns)   --->   "%p_read_589 = read i9 @_ssdm_op_Read.ap_auto.i9, i9 %p_read188"   --->   Operation 11 'read' 'p_read_589' <Predicate = true> <Delay = 0.00>
ST_1 : Operation 12 [1/1] (0.00ns)   --->   "%p_read_590 = read i9 @_ssdm_op_Read.ap_auto.i9, i9 %p_read187"   --->   Operation 12 'read' 'p_read_590' <Predicate = true> <Delay = 0.00>
ST_1 : Operation 13 [1/1] (0.00ns)   --->   "%p_read_591 = read i9 @_ssdm_op_Read.ap_auto.i9, i9 %p_read186"   --->   Operation 13 'read' 'p_read_591' <Predicate = true> <Delay = 0.00>
ST_1 : Operation 14 [1/1] (0.00ns)   --->   "%p_read_592 = read i9 @_ssdm_op_Read.ap_auto.i9, i9 %p_read185"   --->   Operation 14 'read' 'p_read_592' <Predicate = true> <Delay = 0.00>
ST_1 : Operation 15 [1/1] (0.00ns)   --->   "%p_read_593 = read i9 @_ssdm_op_Read.ap_auto.i9, i9 %p_read184"   --->   Operation 15 'read' 'p_read_593' <Predicate = true> <Delay = 0.00>
ST_1 : Operation 16 [1/1] (0.00ns)   --->   "%p_read_594 = read i9 @_ssdm_op_Read.ap_auto.i9, i9 %p_read183"   --->   Operation 16 'read' 'p_read_594' <Predicate = true> <Delay = 0.00>
ST_1 : Operation 17 [1/1] (0.00ns)   --->   "%p_read_595 = read i9 @_ssdm_op_Read.ap_auto.i9, i9 %p_read182"   --->   Operation 17 'read' 'p_read_595' <Predicate = true> <Delay = 0.00>
ST_1 : Operation 18 [1/1] (0.00ns)   --->   "%p_read_596 = read i9 @_ssdm_op_Read.ap_auto.i9, i9 %p_read181"   --->   Operation 18 'read' 'p_read_596' <Predicate = true> <Delay = 0.00>
ST_1 : Operation 19 [1/1] (0.00ns)   --->   "%p_read_597 = read i9 @_ssdm_op_Read.ap_auto.i9, i9 %p_read180"   --->   Operation 19 'read' 'p_read_597' <Predicate = true> <Delay = 0.00>
ST_1 : Operation 20 [1/1] (0.00ns)   --->   "%p_read_598 = read i9 @_ssdm_op_Read.ap_auto.i9, i9 %p_read179"   --->   Operation 20 'read' 'p_read_598' <Predicate = true> <Delay = 0.00>
ST_1 : Operation 21 [1/1] (0.00ns)   --->   "%p_read_599 = read i9 @_ssdm_op_Read.ap_auto.i9, i9 %p_read177"   --->   Operation 21 'read' 'p_read_599' <Predicate = true> <Delay = 0.00>
ST_1 : Operation 22 [1/1] (0.00ns)   --->   "%p_read_600 = read i9 @_ssdm_op_Read.ap_auto.i9, i9 %p_read176"   --->   Operation 22 'read' 'p_read_600' <Predicate = true> <Delay = 0.00>
ST_1 : Operation 23 [1/1] (0.00ns)   --->   "%p_read_601 = read i9 @_ssdm_op_Read.ap_auto.i9, i9 %p_read175"   --->   Operation 23 'read' 'p_read_601' <Predicate = true> <Delay = 0.00>
ST_1 : Operation 24 [1/1] (0.00ns)   --->   "%p_read_602 = read i9 @_ssdm_op_Read.ap_auto.i9, i9 %p_read174"   --->   Operation 24 'read' 'p_read_602' <Predicate = true> <Delay = 0.00>
ST_1 : Operation 25 [1/1] (0.00ns)   --->   "%p_read_603 = read i9 @_ssdm_op_Read.ap_auto.i9, i9 %p_read173"   --->   Operation 25 'read' 'p_read_603' <Predicate = true> <Delay = 0.00>
ST_1 : Operation 26 [1/1] (0.00ns)   --->   "%p_read_604 = read i9 @_ssdm_op_Read.ap_auto.i9, i9 %p_read172"   --->   Operation 26 'read' 'p_read_604' <Predicate = true> <Delay = 0.00>
ST_1 : Operation 27 [1/1] (0.00ns)   --->   "%p_read_605 = read i9 @_ssdm_op_Read.ap_auto.i9, i9 %p_read171"   --->   Operation 27 'read' 'p_read_605' <Predicate = true> <Delay = 0.00>
ST_1 : Operation 28 [1/1] (0.00ns)   --->   "%p_read_606 = read i9 @_ssdm_op_Read.ap_auto.i9, i9 %p_read170"   --->   Operation 28 'read' 'p_read_606' <Predicate = true> <Delay = 0.00>
ST_1 : Operation 29 [1/1] (0.00ns)   --->   "%p_read_607 = read i9 @_ssdm_op_Read.ap_auto.i9, i9 %p_read168"   --->   Operation 29 'read' 'p_read_607' <Predicate = true> <Delay = 0.00>
ST_1 : Operation 30 [1/1] (0.00ns)   --->   "%p_read_608 = read i9 @_ssdm_op_Read.ap_auto.i9, i9 %p_read167"   --->   Operation 30 'read' 'p_read_608' <Predicate = true> <Delay = 0.00>
ST_1 : Operation 31 [1/1] (0.00ns)   --->   "%p_read_609 = read i9 @_ssdm_op_Read.ap_auto.i9, i9 %p_read166"   --->   Operation 31 'read' 'p_read_609' <Predicate = true> <Delay = 0.00>
ST_1 : Operation 32 [1/1] (0.00ns)   --->   "%p_read_610 = read i9 @_ssdm_op_Read.ap_auto.i9, i9 %p_read165"   --->   Operation 32 'read' 'p_read_610' <Predicate = true> <Delay = 0.00>
ST_1 : Operation 33 [1/1] (0.00ns)   --->   "%p_read_611 = read i9 @_ssdm_op_Read.ap_auto.i9, i9 %p_read164"   --->   Operation 33 'read' 'p_read_611' <Predicate = true> <Delay = 0.00>
ST_1 : Operation 34 [1/1] (0.00ns)   --->   "%p_read_612 = read i9 @_ssdm_op_Read.ap_auto.i9, i9 %p_read163"   --->   Operation 34 'read' 'p_read_612' <Predicate = true> <Delay = 0.00>
ST_1 : Operation 35 [1/1] (0.00ns)   --->   "%p_read_613 = read i9 @_ssdm_op_Read.ap_auto.i9, i9 %p_read162"   --->   Operation 35 'read' 'p_read_613' <Predicate = true> <Delay = 0.00>
ST_1 : Operation 36 [1/1] (0.00ns)   --->   "%p_read_614 = read i9 @_ssdm_op_Read.ap_auto.i9, i9 %p_read161"   --->   Operation 36 'read' 'p_read_614' <Predicate = true> <Delay = 0.00>
ST_1 : Operation 37 [1/1] (0.00ns)   --->   "%p_read_615 = read i9 @_ssdm_op_Read.ap_auto.i9, i9 %p_read160"   --->   Operation 37 'read' 'p_read_615' <Predicate = true> <Delay = 0.00>
ST_1 : Operation 38 [1/1] (0.00ns)   --->   "%p_read_616 = read i9 @_ssdm_op_Read.ap_auto.i9, i9 %p_read159"   --->   Operation 38 'read' 'p_read_616' <Predicate = true> <Delay = 0.00>
ST_1 : Operation 39 [1/1] (0.00ns)   --->   "%p_read_617 = read i9 @_ssdm_op_Read.ap_auto.i9, i9 %p_read157"   --->   Operation 39 'read' 'p_read_617' <Predicate = true> <Delay = 0.00>
ST_1 : Operation 40 [1/1] (0.00ns)   --->   "%p_read_618 = read i9 @_ssdm_op_Read.ap_auto.i9, i9 %p_read156"   --->   Operation 40 'read' 'p_read_618' <Predicate = true> <Delay = 0.00>
ST_1 : Operation 41 [1/1] (0.00ns)   --->   "%p_read_619 = read i9 @_ssdm_op_Read.ap_auto.i9, i9 %p_read155"   --->   Operation 41 'read' 'p_read_619' <Predicate = true> <Delay = 0.00>
ST_1 : Operation 42 [1/1] (0.00ns)   --->   "%p_read_620 = read i9 @_ssdm_op_Read.ap_auto.i9, i9 %p_read154"   --->   Operation 42 'read' 'p_read_620' <Predicate = true> <Delay = 0.00>
ST_1 : Operation 43 [1/1] (0.00ns)   --->   "%p_read_621 = read i9 @_ssdm_op_Read.ap_auto.i9, i9 %p_read153"   --->   Operation 43 'read' 'p_read_621' <Predicate = true> <Delay = 0.00>
ST_1 : Operation 44 [1/1] (0.00ns)   --->   "%p_read_622 = read i9 @_ssdm_op_Read.ap_auto.i9, i9 %p_read152"   --->   Operation 44 'read' 'p_read_622' <Predicate = true> <Delay = 0.00>
ST_1 : Operation 45 [1/1] (0.00ns)   --->   "%p_read_623 = read i9 @_ssdm_op_Read.ap_auto.i9, i9 %p_read151"   --->   Operation 45 'read' 'p_read_623' <Predicate = true> <Delay = 0.00>
ST_1 : Operation 46 [1/1] (0.00ns)   --->   "%p_read_624 = read i9 @_ssdm_op_Read.ap_auto.i9, i9 %p_read150"   --->   Operation 46 'read' 'p_read_624' <Predicate = true> <Delay = 0.00>
ST_1 : Operation 47 [1/1] (0.00ns)   --->   "%p_read_625 = read i9 @_ssdm_op_Read.ap_auto.i9, i9 %p_read148"   --->   Operation 47 'read' 'p_read_625' <Predicate = true> <Delay = 0.00>
ST_1 : Operation 48 [1/1] (0.00ns)   --->   "%p_read_626 = read i9 @_ssdm_op_Read.ap_auto.i9, i9 %p_read147"   --->   Operation 48 'read' 'p_read_626' <Predicate = true> <Delay = 0.00>
ST_1 : Operation 49 [1/1] (0.00ns)   --->   "%p_read_627 = read i9 @_ssdm_op_Read.ap_auto.i9, i9 %p_read146"   --->   Operation 49 'read' 'p_read_627' <Predicate = true> <Delay = 0.00>
ST_1 : Operation 50 [1/1] (0.00ns)   --->   "%p_read_628 = read i9 @_ssdm_op_Read.ap_auto.i9, i9 %p_read145"   --->   Operation 50 'read' 'p_read_628' <Predicate = true> <Delay = 0.00>
ST_1 : Operation 51 [1/1] (0.00ns)   --->   "%p_read_629 = read i9 @_ssdm_op_Read.ap_auto.i9, i9 %p_read144"   --->   Operation 51 'read' 'p_read_629' <Predicate = true> <Delay = 0.00>
ST_1 : Operation 52 [1/1] (0.00ns)   --->   "%p_read_630 = read i9 @_ssdm_op_Read.ap_auto.i9, i9 %p_read143"   --->   Operation 52 'read' 'p_read_630' <Predicate = true> <Delay = 0.00>
ST_1 : Operation 53 [1/1] (0.00ns)   --->   "%p_read_631 = read i9 @_ssdm_op_Read.ap_auto.i9, i9 %p_read142"   --->   Operation 53 'read' 'p_read_631' <Predicate = true> <Delay = 0.00>
ST_1 : Operation 54 [1/1] (0.00ns)   --->   "%p_read_632 = read i9 @_ssdm_op_Read.ap_auto.i9, i9 %p_read141"   --->   Operation 54 'read' 'p_read_632' <Predicate = true> <Delay = 0.00>
ST_1 : Operation 55 [1/1] (0.00ns)   --->   "%p_read_633 = read i9 @_ssdm_op_Read.ap_auto.i9, i9 %p_read140"   --->   Operation 55 'read' 'p_read_633' <Predicate = true> <Delay = 0.00>
ST_1 : Operation 56 [1/1] (0.00ns)   --->   "%p_read_634 = read i9 @_ssdm_op_Read.ap_auto.i9, i9 %p_read139"   --->   Operation 56 'read' 'p_read_634' <Predicate = true> <Delay = 0.00>
ST_1 : Operation 57 [1/1] (0.00ns)   --->   "%p_read_635 = read i9 @_ssdm_op_Read.ap_auto.i9, i9 %p_read137"   --->   Operation 57 'read' 'p_read_635' <Predicate = true> <Delay = 0.00>
ST_1 : Operation 58 [1/1] (0.00ns)   --->   "%p_read_636 = read i9 @_ssdm_op_Read.ap_auto.i9, i9 %p_read136"   --->   Operation 58 'read' 'p_read_636' <Predicate = true> <Delay = 0.00>
ST_1 : Operation 59 [1/1] (0.00ns)   --->   "%p_read_637 = read i9 @_ssdm_op_Read.ap_auto.i9, i9 %p_read135"   --->   Operation 59 'read' 'p_read_637' <Predicate = true> <Delay = 0.00>
ST_1 : Operation 60 [1/1] (0.00ns)   --->   "%p_read_638 = read i9 @_ssdm_op_Read.ap_auto.i9, i9 %p_read134"   --->   Operation 60 'read' 'p_read_638' <Predicate = true> <Delay = 0.00>
ST_1 : Operation 61 [1/1] (0.00ns)   --->   "%p_read_639 = read i9 @_ssdm_op_Read.ap_auto.i9, i9 %p_read133"   --->   Operation 61 'read' 'p_read_639' <Predicate = true> <Delay = 0.00>
ST_1 : Operation 62 [1/1] (0.00ns)   --->   "%p_read_640 = read i9 @_ssdm_op_Read.ap_auto.i9, i9 %p_read132"   --->   Operation 62 'read' 'p_read_640' <Predicate = true> <Delay = 0.00>
ST_1 : Operation 63 [1/1] (0.00ns)   --->   "%p_read_641 = read i9 @_ssdm_op_Read.ap_auto.i9, i9 %p_read131"   --->   Operation 63 'read' 'p_read_641' <Predicate = true> <Delay = 0.00>
ST_1 : Operation 64 [1/1] (0.00ns)   --->   "%p_read_642 = read i9 @_ssdm_op_Read.ap_auto.i9, i9 %p_read130"   --->   Operation 64 'read' 'p_read_642' <Predicate = true> <Delay = 0.00>
ST_1 : Operation 65 [1/1] (0.00ns)   --->   "%p_read_643 = read i9 @_ssdm_op_Read.ap_auto.i9, i9 %p_read128"   --->   Operation 65 'read' 'p_read_643' <Predicate = true> <Delay = 0.00>
ST_1 : Operation 66 [1/1] (0.00ns)   --->   "%p_read_644 = read i9 @_ssdm_op_Read.ap_auto.i9, i9 %p_read127"   --->   Operation 66 'read' 'p_read_644' <Predicate = true> <Delay = 0.00>
ST_1 : Operation 67 [1/1] (0.00ns)   --->   "%p_read_645 = read i9 @_ssdm_op_Read.ap_auto.i9, i9 %p_read126"   --->   Operation 67 'read' 'p_read_645' <Predicate = true> <Delay = 0.00>
ST_1 : Operation 68 [1/1] (0.00ns)   --->   "%p_read_646 = read i9 @_ssdm_op_Read.ap_auto.i9, i9 %p_read125"   --->   Operation 68 'read' 'p_read_646' <Predicate = true> <Delay = 0.00>
ST_1 : Operation 69 [1/1] (0.00ns)   --->   "%p_read_647 = read i9 @_ssdm_op_Read.ap_auto.i9, i9 %p_read124"   --->   Operation 69 'read' 'p_read_647' <Predicate = true> <Delay = 0.00>
ST_1 : Operation 70 [1/1] (0.00ns)   --->   "%p_read_648 = read i9 @_ssdm_op_Read.ap_auto.i9, i9 %p_read123"   --->   Operation 70 'read' 'p_read_648' <Predicate = true> <Delay = 0.00>
ST_1 : Operation 71 [1/1] (0.00ns)   --->   "%p_read_649 = read i9 @_ssdm_op_Read.ap_auto.i9, i9 %p_read122"   --->   Operation 71 'read' 'p_read_649' <Predicate = true> <Delay = 0.00>
ST_1 : Operation 72 [1/1] (0.00ns)   --->   "%p_read_650 = read i9 @_ssdm_op_Read.ap_auto.i9, i9 %p_read121"   --->   Operation 72 'read' 'p_read_650' <Predicate = true> <Delay = 0.00>
ST_1 : Operation 73 [1/1] (0.00ns)   --->   "%p_read_651 = read i9 @_ssdm_op_Read.ap_auto.i9, i9 %p_read120"   --->   Operation 73 'read' 'p_read_651' <Predicate = true> <Delay = 0.00>
ST_1 : Operation 74 [1/1] (0.00ns)   --->   "%p_read_652 = read i9 @_ssdm_op_Read.ap_auto.i9, i9 %p_read119"   --->   Operation 74 'read' 'p_read_652' <Predicate = true> <Delay = 0.00>
ST_1 : Operation 75 [1/1] (0.00ns)   --->   "%p_read_653 = read i9 @_ssdm_op_Read.ap_auto.i9, i9 %p_read117"   --->   Operation 75 'read' 'p_read_653' <Predicate = true> <Delay = 0.00>
ST_1 : Operation 76 [1/1] (0.00ns)   --->   "%p_read_654 = read i9 @_ssdm_op_Read.ap_auto.i9, i9 %p_read116"   --->   Operation 76 'read' 'p_read_654' <Predicate = true> <Delay = 0.00>
ST_1 : Operation 77 [1/1] (0.00ns)   --->   "%p_read_655 = read i9 @_ssdm_op_Read.ap_auto.i9, i9 %p_read115"   --->   Operation 77 'read' 'p_read_655' <Predicate = true> <Delay = 0.00>
ST_1 : Operation 78 [1/1] (0.00ns)   --->   "%p_read_656 = read i9 @_ssdm_op_Read.ap_auto.i9, i9 %p_read114"   --->   Operation 78 'read' 'p_read_656' <Predicate = true> <Delay = 0.00>
ST_1 : Operation 79 [1/1] (0.00ns)   --->   "%p_read_657 = read i9 @_ssdm_op_Read.ap_auto.i9, i9 %p_read113"   --->   Operation 79 'read' 'p_read_657' <Predicate = true> <Delay = 0.00>
ST_1 : Operation 80 [1/1] (0.00ns)   --->   "%p_read_658 = read i9 @_ssdm_op_Read.ap_auto.i9, i9 %p_read112"   --->   Operation 80 'read' 'p_read_658' <Predicate = true> <Delay = 0.00>
ST_1 : Operation 81 [1/1] (0.00ns)   --->   "%p_read_659 = read i9 @_ssdm_op_Read.ap_auto.i9, i9 %p_read111"   --->   Operation 81 'read' 'p_read_659' <Predicate = true> <Delay = 0.00>
ST_1 : Operation 82 [1/1] (0.00ns)   --->   "%p_read_660 = read i9 @_ssdm_op_Read.ap_auto.i9, i9 %p_read110"   --->   Operation 82 'read' 'p_read_660' <Predicate = true> <Delay = 0.00>
ST_1 : Operation 83 [1/1] (0.00ns)   --->   "%p_read_661 = read i9 @_ssdm_op_Read.ap_auto.i9, i9 %p_read108"   --->   Operation 83 'read' 'p_read_661' <Predicate = true> <Delay = 0.00>
ST_1 : Operation 84 [1/1] (0.00ns)   --->   "%p_read_662 = read i9 @_ssdm_op_Read.ap_auto.i9, i9 %p_read107"   --->   Operation 84 'read' 'p_read_662' <Predicate = true> <Delay = 0.00>
ST_1 : Operation 85 [1/1] (0.00ns)   --->   "%p_read_663 = read i9 @_ssdm_op_Read.ap_auto.i9, i9 %p_read106"   --->   Operation 85 'read' 'p_read_663' <Predicate = true> <Delay = 0.00>
ST_1 : Operation 86 [1/1] (0.00ns)   --->   "%p_read_664 = read i9 @_ssdm_op_Read.ap_auto.i9, i9 %p_read105"   --->   Operation 86 'read' 'p_read_664' <Predicate = true> <Delay = 0.00>
ST_1 : Operation 87 [1/1] (0.00ns)   --->   "%p_read_665 = read i9 @_ssdm_op_Read.ap_auto.i9, i9 %p_read104"   --->   Operation 87 'read' 'p_read_665' <Predicate = true> <Delay = 0.00>
ST_1 : Operation 88 [1/1] (0.00ns)   --->   "%p_read_666 = read i9 @_ssdm_op_Read.ap_auto.i9, i9 %p_read103"   --->   Operation 88 'read' 'p_read_666' <Predicate = true> <Delay = 0.00>
ST_1 : Operation 89 [1/1] (0.00ns)   --->   "%p_read_667 = read i9 @_ssdm_op_Read.ap_auto.i9, i9 %p_read102"   --->   Operation 89 'read' 'p_read_667' <Predicate = true> <Delay = 0.00>
ST_1 : Operation 90 [1/1] (0.00ns)   --->   "%p_read_668 = read i9 @_ssdm_op_Read.ap_auto.i9, i9 %p_read101"   --->   Operation 90 'read' 'p_read_668' <Predicate = true> <Delay = 0.00>
ST_1 : Operation 91 [1/1] (0.00ns)   --->   "%p_read100107 = read i9 @_ssdm_op_Read.ap_auto.i9, i9 %p_read100"   --->   Operation 91 'read' 'p_read100107' <Predicate = true> <Delay = 0.00>
ST_1 : Operation 92 [1/1] (0.00ns)   --->   "%p_read_669 = read i9 @_ssdm_op_Read.ap_auto.i9, i9 %p_read99"   --->   Operation 92 'read' 'p_read_669' <Predicate = true> <Delay = 0.00>
ST_1 : Operation 93 [1/1] (0.00ns)   --->   "%p_read_670 = read i9 @_ssdm_op_Read.ap_auto.i9, i9 %p_read97"   --->   Operation 93 'read' 'p_read_670' <Predicate = true> <Delay = 0.00>
ST_1 : Operation 94 [1/1] (0.00ns)   --->   "%p_read_671 = read i9 @_ssdm_op_Read.ap_auto.i9, i9 %p_read96"   --->   Operation 94 'read' 'p_read_671' <Predicate = true> <Delay = 0.00>
ST_1 : Operation 95 [1/1] (0.00ns)   --->   "%p_read_672 = read i9 @_ssdm_op_Read.ap_auto.i9, i9 %p_read95"   --->   Operation 95 'read' 'p_read_672' <Predicate = true> <Delay = 0.00>
ST_1 : Operation 96 [1/1] (0.00ns)   --->   "%p_read_673 = read i9 @_ssdm_op_Read.ap_auto.i9, i9 %p_read94"   --->   Operation 96 'read' 'p_read_673' <Predicate = true> <Delay = 0.00>
ST_1 : Operation 97 [1/1] (0.00ns)   --->   "%p_read_674 = read i9 @_ssdm_op_Read.ap_auto.i9, i9 %p_read93"   --->   Operation 97 'read' 'p_read_674' <Predicate = true> <Delay = 0.00>
ST_1 : Operation 98 [1/1] (0.00ns)   --->   "%p_read_675 = read i9 @_ssdm_op_Read.ap_auto.i9, i9 %p_read92"   --->   Operation 98 'read' 'p_read_675' <Predicate = true> <Delay = 0.00>
ST_1 : Operation 99 [1/1] (0.00ns)   --->   "%p_read9199 = read i9 @_ssdm_op_Read.ap_auto.i9, i9 %p_read91"   --->   Operation 99 'read' 'p_read9199' <Predicate = true> <Delay = 0.00>
ST_1 : Operation 100 [1/1] (0.00ns)   --->   "%p_read9098 = read i9 @_ssdm_op_Read.ap_auto.i9, i9 %p_read90"   --->   Operation 100 'read' 'p_read9098' <Predicate = true> <Delay = 0.00>
ST_1 : Operation 101 [1/1] (0.00ns)   --->   "%p_read_676 = read i9 @_ssdm_op_Read.ap_auto.i9, i9 %p_read88"   --->   Operation 101 'read' 'p_read_676' <Predicate = true> <Delay = 0.00>
ST_1 : Operation 102 [1/1] (0.00ns)   --->   "%p_read_677 = read i9 @_ssdm_op_Read.ap_auto.i9, i9 %p_read87"   --->   Operation 102 'read' 'p_read_677' <Predicate = true> <Delay = 0.00>
ST_1 : Operation 103 [1/1] (0.00ns)   --->   "%p_read_678 = read i9 @_ssdm_op_Read.ap_auto.i9, i9 %p_read86"   --->   Operation 103 'read' 'p_read_678' <Predicate = true> <Delay = 0.00>
ST_1 : Operation 104 [1/1] (0.00ns)   --->   "%p_read8594 = read i9 @_ssdm_op_Read.ap_auto.i9, i9 %p_read85"   --->   Operation 104 'read' 'p_read8594' <Predicate = true> <Delay = 0.00>
ST_1 : Operation 105 [1/1] (0.00ns)   --->   "%p_read8493 = read i9 @_ssdm_op_Read.ap_auto.i9, i9 %p_read84"   --->   Operation 105 'read' 'p_read8493' <Predicate = true> <Delay = 0.00>
ST_1 : Operation 106 [1/1] (0.00ns)   --->   "%p_read8392 = read i9 @_ssdm_op_Read.ap_auto.i9, i9 %p_read83"   --->   Operation 106 'read' 'p_read8392' <Predicate = true> <Delay = 0.00>
ST_1 : Operation 107 [1/1] (0.00ns)   --->   "%p_read8291 = read i9 @_ssdm_op_Read.ap_auto.i9, i9 %p_read82"   --->   Operation 107 'read' 'p_read8291' <Predicate = true> <Delay = 0.00>
ST_1 : Operation 108 [1/1] (0.00ns)   --->   "%p_read8190 = read i9 @_ssdm_op_Read.ap_auto.i9, i9 %p_read81"   --->   Operation 108 'read' 'p_read8190' <Predicate = true> <Delay = 0.00>
ST_1 : Operation 109 [1/1] (0.00ns)   --->   "%p_read8089 = read i9 @_ssdm_op_Read.ap_auto.i9, i9 %p_read80"   --->   Operation 109 'read' 'p_read8089' <Predicate = true> <Delay = 0.00>
ST_1 : Operation 110 [1/1] (0.00ns)   --->   "%p_read_679 = read i9 @_ssdm_op_Read.ap_auto.i9, i9 %p_read79"   --->   Operation 110 'read' 'p_read_679' <Predicate = true> <Delay = 0.00>
ST_1 : Operation 111 [1/1] (0.00ns)   --->   "%p_read_680 = read i9 @_ssdm_op_Read.ap_auto.i9, i9 %p_read77"   --->   Operation 111 'read' 'p_read_680' <Predicate = true> <Delay = 0.00>
ST_1 : Operation 112 [1/1] (0.00ns)   --->   "%p_read_681 = read i9 @_ssdm_op_Read.ap_auto.i9, i9 %p_read76"   --->   Operation 112 'read' 'p_read_681' <Predicate = true> <Delay = 0.00>
ST_1 : Operation 113 [1/1] (0.00ns)   --->   "%p_read7585 = read i9 @_ssdm_op_Read.ap_auto.i9, i9 %p_read75"   --->   Operation 113 'read' 'p_read7585' <Predicate = true> <Delay = 0.00>
ST_1 : Operation 114 [1/1] (0.00ns)   --->   "%p_read7484 = read i9 @_ssdm_op_Read.ap_auto.i9, i9 %p_read74"   --->   Operation 114 'read' 'p_read7484' <Predicate = true> <Delay = 0.00>
ST_1 : Operation 115 [1/1] (0.00ns)   --->   "%p_read7383 = read i9 @_ssdm_op_Read.ap_auto.i9, i9 %p_read73"   --->   Operation 115 'read' 'p_read7383' <Predicate = true> <Delay = 0.00>
ST_1 : Operation 116 [1/1] (0.00ns)   --->   "%p_read7282 = read i9 @_ssdm_op_Read.ap_auto.i9, i9 %p_read72"   --->   Operation 116 'read' 'p_read7282' <Predicate = true> <Delay = 0.00>
ST_1 : Operation 117 [1/1] (0.00ns)   --->   "%p_read7181 = read i9 @_ssdm_op_Read.ap_auto.i9, i9 %p_read71"   --->   Operation 117 'read' 'p_read7181' <Predicate = true> <Delay = 0.00>
ST_1 : Operation 118 [1/1] (0.00ns)   --->   "%p_read7080 = read i9 @_ssdm_op_Read.ap_auto.i9, i9 %p_read70"   --->   Operation 118 'read' 'p_read7080' <Predicate = true> <Delay = 0.00>
ST_1 : Operation 119 [1/1] (0.00ns)   --->   "%p_read_682 = read i9 @_ssdm_op_Read.ap_auto.i9, i9 %p_read68"   --->   Operation 119 'read' 'p_read_682' <Predicate = true> <Delay = 0.00>
ST_1 : Operation 120 [1/1] (0.00ns)   --->   "%p_read_683 = read i9 @_ssdm_op_Read.ap_auto.i9, i9 %p_read67"   --->   Operation 120 'read' 'p_read_683' <Predicate = true> <Delay = 0.00>
ST_1 : Operation 121 [1/1] (0.00ns)   --->   "%p_read6677 = read i9 @_ssdm_op_Read.ap_auto.i9, i9 %p_read66"   --->   Operation 121 'read' 'p_read6677' <Predicate = true> <Delay = 0.00>
ST_1 : Operation 122 [1/1] (0.00ns)   --->   "%p_read6576 = read i9 @_ssdm_op_Read.ap_auto.i9, i9 %p_read65"   --->   Operation 122 'read' 'p_read6576' <Predicate = true> <Delay = 0.00>
ST_1 : Operation 123 [1/1] (0.00ns)   --->   "%p_read6475 = read i9 @_ssdm_op_Read.ap_auto.i9, i9 %p_read64"   --->   Operation 123 'read' 'p_read6475' <Predicate = true> <Delay = 0.00>
ST_1 : Operation 124 [1/1] (0.00ns)   --->   "%p_read6374 = read i9 @_ssdm_op_Read.ap_auto.i9, i9 %p_read63"   --->   Operation 124 'read' 'p_read6374' <Predicate = true> <Delay = 0.00>
ST_1 : Operation 125 [1/1] (0.00ns)   --->   "%p_read6273 = read i9 @_ssdm_op_Read.ap_auto.i9, i9 %p_read62"   --->   Operation 125 'read' 'p_read6273' <Predicate = true> <Delay = 0.00>
ST_1 : Operation 126 [1/1] (0.00ns)   --->   "%p_read6172 = read i9 @_ssdm_op_Read.ap_auto.i9, i9 %p_read61"   --->   Operation 126 'read' 'p_read6172' <Predicate = true> <Delay = 0.00>
ST_1 : Operation 127 [1/1] (0.00ns)   --->   "%p_read6071 = read i9 @_ssdm_op_Read.ap_auto.i9, i9 %p_read60"   --->   Operation 127 'read' 'p_read6071' <Predicate = true> <Delay = 0.00>
ST_1 : Operation 128 [1/1] (0.00ns)   --->   "%p_read_684 = read i9 @_ssdm_op_Read.ap_auto.i9, i9 %p_read59"   --->   Operation 128 'read' 'p_read_684' <Predicate = true> <Delay = 0.00>
ST_1 : Operation 129 [1/1] (0.00ns)   --->   "%p_read_685 = read i9 @_ssdm_op_Read.ap_auto.i9, i9 %p_read57"   --->   Operation 129 'read' 'p_read_685' <Predicate = true> <Delay = 0.00>
ST_1 : Operation 130 [1/1] (0.00ns)   --->   "%p_read5668 = read i9 @_ssdm_op_Read.ap_auto.i9, i9 %p_read56"   --->   Operation 130 'read' 'p_read5668' <Predicate = true> <Delay = 0.00>
ST_1 : Operation 131 [1/1] (0.00ns)   --->   "%p_read5567 = read i9 @_ssdm_op_Read.ap_auto.i9, i9 %p_read55"   --->   Operation 131 'read' 'p_read5567' <Predicate = true> <Delay = 0.00>
ST_1 : Operation 132 [1/1] (0.00ns)   --->   "%p_read5466 = read i9 @_ssdm_op_Read.ap_auto.i9, i9 %p_read54"   --->   Operation 132 'read' 'p_read5466' <Predicate = true> <Delay = 0.00>
ST_1 : Operation 133 [1/1] (0.00ns)   --->   "%p_read5365 = read i9 @_ssdm_op_Read.ap_auto.i9, i9 %p_read53"   --->   Operation 133 'read' 'p_read5365' <Predicate = true> <Delay = 0.00>
ST_1 : Operation 134 [1/1] (0.00ns)   --->   "%p_read5264 = read i9 @_ssdm_op_Read.ap_auto.i9, i9 %p_read52"   --->   Operation 134 'read' 'p_read5264' <Predicate = true> <Delay = 0.00>
ST_1 : Operation 135 [1/1] (0.00ns)   --->   "%p_read5163 = read i9 @_ssdm_op_Read.ap_auto.i9, i9 %p_read51"   --->   Operation 135 'read' 'p_read5163' <Predicate = true> <Delay = 0.00>
ST_1 : Operation 136 [1/1] (0.00ns)   --->   "%p_read5062 = read i9 @_ssdm_op_Read.ap_auto.i9, i9 %p_read50"   --->   Operation 136 'read' 'p_read5062' <Predicate = true> <Delay = 0.00>
ST_1 : Operation 137 [1/1] (0.00ns)   --->   "%p_read_686 = read i9 @_ssdm_op_Read.ap_auto.i9, i9 %p_read48"   --->   Operation 137 'read' 'p_read_686' <Predicate = true> <Delay = 0.00>
ST_1 : Operation 138 [1/1] (0.00ns)   --->   "%p_read_687 = read i9 @_ssdm_op_Read.ap_auto.i9, i9 %p_read47"   --->   Operation 138 'read' 'p_read_687' <Predicate = true> <Delay = 0.00>
ST_1 : Operation 139 [1/1] (0.00ns)   --->   "%p_read4659 = read i9 @_ssdm_op_Read.ap_auto.i9, i9 %p_read46"   --->   Operation 139 'read' 'p_read4659' <Predicate = true> <Delay = 0.00>
ST_1 : Operation 140 [1/1] (0.00ns)   --->   "%p_read4558 = read i9 @_ssdm_op_Read.ap_auto.i9, i9 %p_read45"   --->   Operation 140 'read' 'p_read4558' <Predicate = true> <Delay = 0.00>
ST_1 : Operation 141 [1/1] (0.00ns)   --->   "%p_read4457 = read i9 @_ssdm_op_Read.ap_auto.i9, i9 %p_read44"   --->   Operation 141 'read' 'p_read4457' <Predicate = true> <Delay = 0.00>
ST_1 : Operation 142 [1/1] (0.00ns)   --->   "%p_read4356 = read i9 @_ssdm_op_Read.ap_auto.i9, i9 %p_read43"   --->   Operation 142 'read' 'p_read4356' <Predicate = true> <Delay = 0.00>
ST_1 : Operation 143 [1/1] (0.00ns)   --->   "%p_read4255 = read i9 @_ssdm_op_Read.ap_auto.i9, i9 %p_read42"   --->   Operation 143 'read' 'p_read4255' <Predicate = true> <Delay = 0.00>
ST_1 : Operation 144 [1/1] (0.00ns)   --->   "%p_read4154 = read i9 @_ssdm_op_Read.ap_auto.i9, i9 %p_read41"   --->   Operation 144 'read' 'p_read4154' <Predicate = true> <Delay = 0.00>
ST_1 : Operation 145 [1/1] (0.00ns)   --->   "%p_read4053 = read i9 @_ssdm_op_Read.ap_auto.i9, i9 %p_read40"   --->   Operation 145 'read' 'p_read4053' <Predicate = true> <Delay = 0.00>
ST_1 : Operation 146 [1/1] (0.00ns)   --->   "%p_read_688 = read i9 @_ssdm_op_Read.ap_auto.i9, i9 %p_read39"   --->   Operation 146 'read' 'p_read_688' <Predicate = true> <Delay = 0.00>
ST_1 : Operation 147 [1/1] (0.00ns)   --->   "%p_read_689 = read i9 @_ssdm_op_Read.ap_auto.i9, i9 %p_read37"   --->   Operation 147 'read' 'p_read_689' <Predicate = true> <Delay = 0.00>
ST_1 : Operation 148 [1/1] (0.00ns)   --->   "%p_read3650 = read i9 @_ssdm_op_Read.ap_auto.i9, i9 %p_read36"   --->   Operation 148 'read' 'p_read3650' <Predicate = true> <Delay = 0.00>
ST_1 : Operation 149 [1/1] (0.00ns)   --->   "%p_read3549 = read i9 @_ssdm_op_Read.ap_auto.i9, i9 %p_read35"   --->   Operation 149 'read' 'p_read3549' <Predicate = true> <Delay = 0.00>
ST_1 : Operation 150 [1/1] (0.00ns)   --->   "%p_read3448 = read i9 @_ssdm_op_Read.ap_auto.i9, i9 %p_read34"   --->   Operation 150 'read' 'p_read3448' <Predicate = true> <Delay = 0.00>
ST_1 : Operation 151 [1/1] (0.00ns)   --->   "%p_read3347 = read i9 @_ssdm_op_Read.ap_auto.i9, i9 %p_read33"   --->   Operation 151 'read' 'p_read3347' <Predicate = true> <Delay = 0.00>
ST_1 : Operation 152 [1/1] (0.00ns)   --->   "%p_read3246 = read i9 @_ssdm_op_Read.ap_auto.i9, i9 %p_read32"   --->   Operation 152 'read' 'p_read3246' <Predicate = true> <Delay = 0.00>
ST_1 : Operation 153 [1/1] (0.00ns)   --->   "%p_read3145 = read i9 @_ssdm_op_Read.ap_auto.i9, i9 %p_read31"   --->   Operation 153 'read' 'p_read3145' <Predicate = true> <Delay = 0.00>
ST_1 : Operation 154 [1/1] (0.00ns)   --->   "%p_read3044 = read i9 @_ssdm_op_Read.ap_auto.i9, i9 %p_read30"   --->   Operation 154 'read' 'p_read3044' <Predicate = true> <Delay = 0.00>
ST_1 : Operation 155 [1/1] (0.00ns)   --->   "%p_read_690 = read i9 @_ssdm_op_Read.ap_auto.i9, i9 %p_read28"   --->   Operation 155 'read' 'p_read_690' <Predicate = true> <Delay = 0.00>
ST_1 : Operation 156 [1/1] (0.00ns)   --->   "%p_read_691 = read i9 @_ssdm_op_Read.ap_auto.i9, i9 %p_read27"   --->   Operation 156 'read' 'p_read_691' <Predicate = true> <Delay = 0.00>
ST_1 : Operation 157 [1/1] (0.00ns)   --->   "%p_read2641 = read i9 @_ssdm_op_Read.ap_auto.i9, i9 %p_read26"   --->   Operation 157 'read' 'p_read2641' <Predicate = true> <Delay = 0.00>
ST_1 : Operation 158 [1/1] (0.00ns)   --->   "%p_read2540 = read i9 @_ssdm_op_Read.ap_auto.i9, i9 %p_read25"   --->   Operation 158 'read' 'p_read2540' <Predicate = true> <Delay = 0.00>
ST_1 : Operation 159 [1/1] (0.00ns)   --->   "%p_read2439 = read i9 @_ssdm_op_Read.ap_auto.i9, i9 %p_read24"   --->   Operation 159 'read' 'p_read2439' <Predicate = true> <Delay = 0.00>
ST_1 : Operation 160 [1/1] (0.00ns)   --->   "%p_read2338 = read i9 @_ssdm_op_Read.ap_auto.i9, i9 %p_read23"   --->   Operation 160 'read' 'p_read2338' <Predicate = true> <Delay = 0.00>
ST_1 : Operation 161 [1/1] (0.00ns)   --->   "%p_read2237 = read i9 @_ssdm_op_Read.ap_auto.i9, i9 %p_read22"   --->   Operation 161 'read' 'p_read2237' <Predicate = true> <Delay = 0.00>
ST_1 : Operation 162 [1/1] (0.00ns)   --->   "%p_read2136 = read i9 @_ssdm_op_Read.ap_auto.i9, i9 %p_read21"   --->   Operation 162 'read' 'p_read2136' <Predicate = true> <Delay = 0.00>
ST_1 : Operation 163 [1/1] (0.00ns)   --->   "%p_read2035 = read i9 @_ssdm_op_Read.ap_auto.i9, i9 %p_read20"   --->   Operation 163 'read' 'p_read2035' <Predicate = true> <Delay = 0.00>
ST_1 : Operation 164 [1/1] (0.00ns)   --->   "%p_read_692 = read i9 @_ssdm_op_Read.ap_auto.i9, i9 %p_read19"   --->   Operation 164 'read' 'p_read_692' <Predicate = true> <Delay = 0.00>
ST_1 : Operation 165 [1/1] (0.00ns)   --->   "%p_read_693 = read i9 @_ssdm_op_Read.ap_auto.i9, i9 %p_read17"   --->   Operation 165 'read' 'p_read_693' <Predicate = true> <Delay = 0.00>
ST_1 : Operation 166 [1/1] (0.00ns)   --->   "%p_read1632 = read i9 @_ssdm_op_Read.ap_auto.i9, i9 %p_read16"   --->   Operation 166 'read' 'p_read1632' <Predicate = true> <Delay = 0.00>
ST_1 : Operation 167 [1/1] (0.00ns)   --->   "%p_read1531 = read i9 @_ssdm_op_Read.ap_auto.i9, i9 %p_read15"   --->   Operation 167 'read' 'p_read1531' <Predicate = true> <Delay = 0.00>
ST_1 : Operation 168 [1/1] (0.00ns)   --->   "%p_read1430 = read i9 @_ssdm_op_Read.ap_auto.i9, i9 %p_read14"   --->   Operation 168 'read' 'p_read1430' <Predicate = true> <Delay = 0.00>
ST_1 : Operation 169 [1/1] (0.00ns)   --->   "%p_read1329 = read i9 @_ssdm_op_Read.ap_auto.i9, i9 %p_read13"   --->   Operation 169 'read' 'p_read1329' <Predicate = true> <Delay = 0.00>
ST_1 : Operation 170 [1/1] (0.00ns)   --->   "%p_read1228 = read i9 @_ssdm_op_Read.ap_auto.i9, i9 %p_read12"   --->   Operation 170 'read' 'p_read1228' <Predicate = true> <Delay = 0.00>
ST_1 : Operation 171 [1/1] (0.00ns)   --->   "%p_read1127 = read i9 @_ssdm_op_Read.ap_auto.i9, i9 %p_read11"   --->   Operation 171 'read' 'p_read1127' <Predicate = true> <Delay = 0.00>
ST_1 : Operation 172 [1/1] (0.00ns)   --->   "%p_read1026 = read i9 @_ssdm_op_Read.ap_auto.i9, i9 %p_read10"   --->   Operation 172 'read' 'p_read1026' <Predicate = true> <Delay = 0.00>
ST_1 : Operation 173 [1/1] (0.00ns)   --->   "%p_read825 = read i9 @_ssdm_op_Read.ap_auto.i9, i9 %p_read8"   --->   Operation 173 'read' 'p_read825' <Predicate = true> <Delay = 0.00>
ST_1 : Operation 174 [1/1] (0.00ns)   --->   "%p_read724 = read i9 @_ssdm_op_Read.ap_auto.i9, i9 %p_read7"   --->   Operation 174 'read' 'p_read724' <Predicate = true> <Delay = 0.00>
ST_1 : Operation 175 [1/1] (0.00ns)   --->   "%p_read623 = read i9 @_ssdm_op_Read.ap_auto.i9, i9 %p_read6"   --->   Operation 175 'read' 'p_read623' <Predicate = true> <Delay = 0.00>
ST_1 : Operation 176 [1/1] (0.00ns)   --->   "%p_read522 = read i9 @_ssdm_op_Read.ap_auto.i9, i9 %p_read5"   --->   Operation 176 'read' 'p_read522' <Predicate = true> <Delay = 0.00>
ST_1 : Operation 177 [1/1] (0.00ns)   --->   "%p_read421 = read i9 @_ssdm_op_Read.ap_auto.i9, i9 %p_read4"   --->   Operation 177 'read' 'p_read421' <Predicate = true> <Delay = 0.00>
ST_1 : Operation 178 [1/1] (0.00ns)   --->   "%p_read320 = read i9 @_ssdm_op_Read.ap_auto.i9, i9 %p_read3"   --->   Operation 178 'read' 'p_read320' <Predicate = true> <Delay = 0.00>
ST_1 : Operation 179 [1/1] (0.00ns)   --->   "%p_read219 = read i9 @_ssdm_op_Read.ap_auto.i9, i9 %p_read2"   --->   Operation 179 'read' 'p_read219' <Predicate = true> <Delay = 0.00>
ST_1 : Operation 180 [1/1] (0.00ns)   --->   "%p_read118 = read i9 @_ssdm_op_Read.ap_auto.i9, i9 %p_read1"   --->   Operation 180 'read' 'p_read118' <Predicate = true> <Delay = 0.00>
ST_1 : Operation 181 [1/1] (0.00ns)   --->   "%p_read_694 = read i9 @_ssdm_op_Read.ap_auto.i9, i9 %p_read"   --->   Operation 181 'read' 'p_read_694' <Predicate = true> <Delay = 0.00>
ST_1 : Operation 182 [1/1] (0.00ns)   --->   "%newret = insertvalue i1620 <undef>, i9 %p_read_694"   --->   Operation 182 'insertvalue' 'newret' <Predicate = true> <Delay = 0.00>
ST_1 : Operation 183 [1/1] (0.00ns)   --->   "%newret2 = insertvalue i1620 %newret, i9 %p_read118"   --->   Operation 183 'insertvalue' 'newret2' <Predicate = true> <Delay = 0.00>
ST_1 : Operation 184 [1/1] (0.00ns)   --->   "%newret4 = insertvalue i1620 %newret2, i9 %p_read219"   --->   Operation 184 'insertvalue' 'newret4' <Predicate = true> <Delay = 0.00>
ST_1 : Operation 185 [1/1] (0.00ns)   --->   "%newret6 = insertvalue i1620 %newret4, i9 %p_read320"   --->   Operation 185 'insertvalue' 'newret6' <Predicate = true> <Delay = 0.00>
ST_1 : Operation 186 [1/1] (0.00ns)   --->   "%newret8 = insertvalue i1620 %newret6, i9 %p_read421"   --->   Operation 186 'insertvalue' 'newret8' <Predicate = true> <Delay = 0.00>
ST_1 : Operation 187 [1/1] (0.00ns)   --->   "%newret1 = insertvalue i1620 %newret8, i9 %p_read522"   --->   Operation 187 'insertvalue' 'newret1' <Predicate = true> <Delay = 0.00>
ST_1 : Operation 188 [1/1] (0.00ns)   --->   "%newret3 = insertvalue i1620 %newret1, i9 %p_read623"   --->   Operation 188 'insertvalue' 'newret3' <Predicate = true> <Delay = 0.00>
ST_1 : Operation 189 [1/1] (0.00ns)   --->   "%newret5 = insertvalue i1620 %newret3, i9 %p_read724"   --->   Operation 189 'insertvalue' 'newret5' <Predicate = true> <Delay = 0.00>
ST_1 : Operation 190 [1/1] (0.00ns)   --->   "%newret7 = insertvalue i1620 %newret5, i9 %p_read825"   --->   Operation 190 'insertvalue' 'newret7' <Predicate = true> <Delay = 0.00>
ST_1 : Operation 191 [1/1] (0.00ns)   --->   "%newret9 = insertvalue i1620 %newret7, i9 %p_read1026"   --->   Operation 191 'insertvalue' 'newret9' <Predicate = true> <Delay = 0.00>
ST_1 : Operation 192 [1/1] (0.00ns)   --->   "%newret10 = insertvalue i1620 %newret9, i9 %p_read1127"   --->   Operation 192 'insertvalue' 'newret10' <Predicate = true> <Delay = 0.00>
ST_1 : Operation 193 [1/1] (0.00ns)   --->   "%newret11 = insertvalue i1620 %newret10, i9 %p_read1228"   --->   Operation 193 'insertvalue' 'newret11' <Predicate = true> <Delay = 0.00>
ST_1 : Operation 194 [1/1] (0.00ns)   --->   "%newret12 = insertvalue i1620 %newret11, i9 %p_read1329"   --->   Operation 194 'insertvalue' 'newret12' <Predicate = true> <Delay = 0.00>
ST_1 : Operation 195 [1/1] (0.00ns)   --->   "%newret13 = insertvalue i1620 %newret12, i9 %p_read1430"   --->   Operation 195 'insertvalue' 'newret13' <Predicate = true> <Delay = 0.00>
ST_1 : Operation 196 [1/1] (0.00ns)   --->   "%newret14 = insertvalue i1620 %newret13, i9 %p_read1531"   --->   Operation 196 'insertvalue' 'newret14' <Predicate = true> <Delay = 0.00>
ST_1 : Operation 197 [1/1] (0.00ns)   --->   "%newret15 = insertvalue i1620 %newret14, i9 %p_read1632"   --->   Operation 197 'insertvalue' 'newret15' <Predicate = true> <Delay = 0.00>
ST_1 : Operation 198 [1/1] (0.00ns)   --->   "%newret16 = insertvalue i1620 %newret15, i9 %p_read_693"   --->   Operation 198 'insertvalue' 'newret16' <Predicate = true> <Delay = 0.00>
ST_1 : Operation 199 [1/1] (0.00ns)   --->   "%newret17 = insertvalue i1620 %newret16, i9 %p_read_692"   --->   Operation 199 'insertvalue' 'newret17' <Predicate = true> <Delay = 0.00>
ST_1 : Operation 200 [1/1] (0.00ns)   --->   "%newret18 = insertvalue i1620 %newret17, i9 %p_read2035"   --->   Operation 200 'insertvalue' 'newret18' <Predicate = true> <Delay = 0.00>
ST_1 : Operation 201 [1/1] (0.00ns)   --->   "%newret19 = insertvalue i1620 %newret18, i9 %p_read2136"   --->   Operation 201 'insertvalue' 'newret19' <Predicate = true> <Delay = 0.00>
ST_1 : Operation 202 [1/1] (0.00ns)   --->   "%newret20 = insertvalue i1620 %newret19, i9 %p_read2237"   --->   Operation 202 'insertvalue' 'newret20' <Predicate = true> <Delay = 0.00>
ST_1 : Operation 203 [1/1] (0.00ns)   --->   "%newret21 = insertvalue i1620 %newret20, i9 %p_read2338"   --->   Operation 203 'insertvalue' 'newret21' <Predicate = true> <Delay = 0.00>
ST_1 : Operation 204 [1/1] (0.00ns)   --->   "%newret22 = insertvalue i1620 %newret21, i9 %p_read2439"   --->   Operation 204 'insertvalue' 'newret22' <Predicate = true> <Delay = 0.00>
ST_1 : Operation 205 [1/1] (0.00ns)   --->   "%newret23 = insertvalue i1620 %newret22, i9 %p_read2540"   --->   Operation 205 'insertvalue' 'newret23' <Predicate = true> <Delay = 0.00>
ST_1 : Operation 206 [1/1] (0.00ns)   --->   "%newret24 = insertvalue i1620 %newret23, i9 %p_read2641"   --->   Operation 206 'insertvalue' 'newret24' <Predicate = true> <Delay = 0.00>
ST_1 : Operation 207 [1/1] (0.00ns)   --->   "%newret25 = insertvalue i1620 %newret24, i9 %p_read_691"   --->   Operation 207 'insertvalue' 'newret25' <Predicate = true> <Delay = 0.00>
ST_1 : Operation 208 [1/1] (0.00ns)   --->   "%newret26 = insertvalue i1620 %newret25, i9 %p_read_690"   --->   Operation 208 'insertvalue' 'newret26' <Predicate = true> <Delay = 0.00>
ST_1 : Operation 209 [1/1] (0.00ns)   --->   "%newret27 = insertvalue i1620 %newret26, i9 %p_read3044"   --->   Operation 209 'insertvalue' 'newret27' <Predicate = true> <Delay = 0.00>
ST_1 : Operation 210 [1/1] (0.00ns)   --->   "%newret28 = insertvalue i1620 %newret27, i9 %p_read3145"   --->   Operation 210 'insertvalue' 'newret28' <Predicate = true> <Delay = 0.00>
ST_1 : Operation 211 [1/1] (0.00ns)   --->   "%newret29 = insertvalue i1620 %newret28, i9 %p_read3246"   --->   Operation 211 'insertvalue' 'newret29' <Predicate = true> <Delay = 0.00>
ST_1 : Operation 212 [1/1] (0.00ns)   --->   "%newret30 = insertvalue i1620 %newret29, i9 %p_read3347"   --->   Operation 212 'insertvalue' 'newret30' <Predicate = true> <Delay = 0.00>
ST_1 : Operation 213 [1/1] (0.00ns)   --->   "%newret31 = insertvalue i1620 %newret30, i9 %p_read3448"   --->   Operation 213 'insertvalue' 'newret31' <Predicate = true> <Delay = 0.00>
ST_1 : Operation 214 [1/1] (0.00ns)   --->   "%newret32 = insertvalue i1620 %newret31, i9 %p_read3549"   --->   Operation 214 'insertvalue' 'newret32' <Predicate = true> <Delay = 0.00>
ST_1 : Operation 215 [1/1] (0.00ns)   --->   "%newret33 = insertvalue i1620 %newret32, i9 %p_read3650"   --->   Operation 215 'insertvalue' 'newret33' <Predicate = true> <Delay = 0.00>
ST_1 : Operation 216 [1/1] (0.00ns)   --->   "%newret34 = insertvalue i1620 %newret33, i9 %p_read_689"   --->   Operation 216 'insertvalue' 'newret34' <Predicate = true> <Delay = 0.00>
ST_1 : Operation 217 [1/1] (0.00ns)   --->   "%newret35 = insertvalue i1620 %newret34, i9 %p_read_688"   --->   Operation 217 'insertvalue' 'newret35' <Predicate = true> <Delay = 0.00>
ST_1 : Operation 218 [1/1] (0.00ns)   --->   "%newret36 = insertvalue i1620 %newret35, i9 %p_read4053"   --->   Operation 218 'insertvalue' 'newret36' <Predicate = true> <Delay = 0.00>
ST_1 : Operation 219 [1/1] (0.00ns)   --->   "%newret37 = insertvalue i1620 %newret36, i9 %p_read4154"   --->   Operation 219 'insertvalue' 'newret37' <Predicate = true> <Delay = 0.00>
ST_1 : Operation 220 [1/1] (0.00ns)   --->   "%newret38 = insertvalue i1620 %newret37, i9 %p_read4255"   --->   Operation 220 'insertvalue' 'newret38' <Predicate = true> <Delay = 0.00>
ST_1 : Operation 221 [1/1] (0.00ns)   --->   "%newret39 = insertvalue i1620 %newret38, i9 %p_read4356"   --->   Operation 221 'insertvalue' 'newret39' <Predicate = true> <Delay = 0.00>
ST_1 : Operation 222 [1/1] (0.00ns)   --->   "%newret40 = insertvalue i1620 %newret39, i9 %p_read4457"   --->   Operation 222 'insertvalue' 'newret40' <Predicate = true> <Delay = 0.00>
ST_1 : Operation 223 [1/1] (0.00ns)   --->   "%newret41 = insertvalue i1620 %newret40, i9 %p_read4558"   --->   Operation 223 'insertvalue' 'newret41' <Predicate = true> <Delay = 0.00>
ST_1 : Operation 224 [1/1] (0.00ns)   --->   "%newret42 = insertvalue i1620 %newret41, i9 %p_read4659"   --->   Operation 224 'insertvalue' 'newret42' <Predicate = true> <Delay = 0.00>
ST_1 : Operation 225 [1/1] (0.00ns)   --->   "%newret43 = insertvalue i1620 %newret42, i9 %p_read_687"   --->   Operation 225 'insertvalue' 'newret43' <Predicate = true> <Delay = 0.00>
ST_1 : Operation 226 [1/1] (0.00ns)   --->   "%newret44 = insertvalue i1620 %newret43, i9 %p_read_686"   --->   Operation 226 'insertvalue' 'newret44' <Predicate = true> <Delay = 0.00>
ST_1 : Operation 227 [1/1] (0.00ns)   --->   "%newret45 = insertvalue i1620 %newret44, i9 %p_read5062"   --->   Operation 227 'insertvalue' 'newret45' <Predicate = true> <Delay = 0.00>
ST_1 : Operation 228 [1/1] (0.00ns)   --->   "%newret46 = insertvalue i1620 %newret45, i9 %p_read5163"   --->   Operation 228 'insertvalue' 'newret46' <Predicate = true> <Delay = 0.00>
ST_1 : Operation 229 [1/1] (0.00ns)   --->   "%newret47 = insertvalue i1620 %newret46, i9 %p_read5264"   --->   Operation 229 'insertvalue' 'newret47' <Predicate = true> <Delay = 0.00>
ST_1 : Operation 230 [1/1] (0.00ns)   --->   "%newret48 = insertvalue i1620 %newret47, i9 %p_read5365"   --->   Operation 230 'insertvalue' 'newret48' <Predicate = true> <Delay = 0.00>
ST_1 : Operation 231 [1/1] (0.00ns)   --->   "%newret49 = insertvalue i1620 %newret48, i9 %p_read5466"   --->   Operation 231 'insertvalue' 'newret49' <Predicate = true> <Delay = 0.00>
ST_1 : Operation 232 [1/1] (0.00ns)   --->   "%newret50 = insertvalue i1620 %newret49, i9 %p_read5567"   --->   Operation 232 'insertvalue' 'newret50' <Predicate = true> <Delay = 0.00>
ST_1 : Operation 233 [1/1] (0.00ns)   --->   "%newret51 = insertvalue i1620 %newret50, i9 %p_read5668"   --->   Operation 233 'insertvalue' 'newret51' <Predicate = true> <Delay = 0.00>
ST_1 : Operation 234 [1/1] (0.00ns)   --->   "%newret52 = insertvalue i1620 %newret51, i9 %p_read_685"   --->   Operation 234 'insertvalue' 'newret52' <Predicate = true> <Delay = 0.00>
ST_1 : Operation 235 [1/1] (0.00ns)   --->   "%newret53 = insertvalue i1620 %newret52, i9 %p_read_684"   --->   Operation 235 'insertvalue' 'newret53' <Predicate = true> <Delay = 0.00>
ST_1 : Operation 236 [1/1] (0.00ns)   --->   "%newret54 = insertvalue i1620 %newret53, i9 %p_read6071"   --->   Operation 236 'insertvalue' 'newret54' <Predicate = true> <Delay = 0.00>
ST_1 : Operation 237 [1/1] (0.00ns)   --->   "%newret55 = insertvalue i1620 %newret54, i9 %p_read6172"   --->   Operation 237 'insertvalue' 'newret55' <Predicate = true> <Delay = 0.00>
ST_1 : Operation 238 [1/1] (0.00ns)   --->   "%newret56 = insertvalue i1620 %newret55, i9 %p_read6273"   --->   Operation 238 'insertvalue' 'newret56' <Predicate = true> <Delay = 0.00>
ST_1 : Operation 239 [1/1] (0.00ns)   --->   "%newret57 = insertvalue i1620 %newret56, i9 %p_read6374"   --->   Operation 239 'insertvalue' 'newret57' <Predicate = true> <Delay = 0.00>
ST_1 : Operation 240 [1/1] (0.00ns)   --->   "%newret58 = insertvalue i1620 %newret57, i9 %p_read6475"   --->   Operation 240 'insertvalue' 'newret58' <Predicate = true> <Delay = 0.00>
ST_1 : Operation 241 [1/1] (0.00ns)   --->   "%newret59 = insertvalue i1620 %newret58, i9 %p_read6576"   --->   Operation 241 'insertvalue' 'newret59' <Predicate = true> <Delay = 0.00>
ST_1 : Operation 242 [1/1] (0.00ns)   --->   "%newret60 = insertvalue i1620 %newret59, i9 %p_read6677"   --->   Operation 242 'insertvalue' 'newret60' <Predicate = true> <Delay = 0.00>
ST_1 : Operation 243 [1/1] (0.00ns)   --->   "%newret61 = insertvalue i1620 %newret60, i9 %p_read_683"   --->   Operation 243 'insertvalue' 'newret61' <Predicate = true> <Delay = 0.00>
ST_1 : Operation 244 [1/1] (0.00ns)   --->   "%newret62 = insertvalue i1620 %newret61, i9 %p_read_682"   --->   Operation 244 'insertvalue' 'newret62' <Predicate = true> <Delay = 0.00>
ST_1 : Operation 245 [1/1] (0.00ns)   --->   "%newret63 = insertvalue i1620 %newret62, i9 %p_read7080"   --->   Operation 245 'insertvalue' 'newret63' <Predicate = true> <Delay = 0.00>
ST_1 : Operation 246 [1/1] (0.00ns)   --->   "%newret64 = insertvalue i1620 %newret63, i9 %p_read7181"   --->   Operation 246 'insertvalue' 'newret64' <Predicate = true> <Delay = 0.00>
ST_1 : Operation 247 [1/1] (0.00ns)   --->   "%newret65 = insertvalue i1620 %newret64, i9 %p_read7282"   --->   Operation 247 'insertvalue' 'newret65' <Predicate = true> <Delay = 0.00>
ST_1 : Operation 248 [1/1] (0.00ns)   --->   "%newret66 = insertvalue i1620 %newret65, i9 %p_read7383"   --->   Operation 248 'insertvalue' 'newret66' <Predicate = true> <Delay = 0.00>
ST_1 : Operation 249 [1/1] (0.00ns)   --->   "%newret67 = insertvalue i1620 %newret66, i9 %p_read7484"   --->   Operation 249 'insertvalue' 'newret67' <Predicate = true> <Delay = 0.00>
ST_1 : Operation 250 [1/1] (0.00ns)   --->   "%newret68 = insertvalue i1620 %newret67, i9 %p_read7585"   --->   Operation 250 'insertvalue' 'newret68' <Predicate = true> <Delay = 0.00>
ST_1 : Operation 251 [1/1] (0.00ns)   --->   "%newret69 = insertvalue i1620 %newret68, i9 %p_read_681"   --->   Operation 251 'insertvalue' 'newret69' <Predicate = true> <Delay = 0.00>
ST_1 : Operation 252 [1/1] (0.00ns)   --->   "%newret70 = insertvalue i1620 %newret69, i9 %p_read_680"   --->   Operation 252 'insertvalue' 'newret70' <Predicate = true> <Delay = 0.00>
ST_1 : Operation 253 [1/1] (0.00ns)   --->   "%newret71 = insertvalue i1620 %newret70, i9 %p_read_679"   --->   Operation 253 'insertvalue' 'newret71' <Predicate = true> <Delay = 0.00>
ST_1 : Operation 254 [1/1] (0.00ns)   --->   "%newret72 = insertvalue i1620 %newret71, i9 %p_read8089"   --->   Operation 254 'insertvalue' 'newret72' <Predicate = true> <Delay = 0.00>
ST_1 : Operation 255 [1/1] (0.00ns)   --->   "%newret73 = insertvalue i1620 %newret72, i9 %p_read8190"   --->   Operation 255 'insertvalue' 'newret73' <Predicate = true> <Delay = 0.00>
ST_1 : Operation 256 [1/1] (0.00ns)   --->   "%newret74 = insertvalue i1620 %newret73, i9 %p_read8291"   --->   Operation 256 'insertvalue' 'newret74' <Predicate = true> <Delay = 0.00>
ST_1 : Operation 257 [1/1] (0.00ns)   --->   "%newret75 = insertvalue i1620 %newret74, i9 %p_read8392"   --->   Operation 257 'insertvalue' 'newret75' <Predicate = true> <Delay = 0.00>
ST_1 : Operation 258 [1/1] (0.00ns)   --->   "%newret76 = insertvalue i1620 %newret75, i9 %p_read8493"   --->   Operation 258 'insertvalue' 'newret76' <Predicate = true> <Delay = 0.00>
ST_1 : Operation 259 [1/1] (0.00ns)   --->   "%newret77 = insertvalue i1620 %newret76, i9 %p_read8594"   --->   Operation 259 'insertvalue' 'newret77' <Predicate = true> <Delay = 0.00>
ST_1 : Operation 260 [1/1] (0.00ns)   --->   "%newret78 = insertvalue i1620 %newret77, i9 %p_read_678"   --->   Operation 260 'insertvalue' 'newret78' <Predicate = true> <Delay = 0.00>
ST_1 : Operation 261 [1/1] (0.00ns)   --->   "%newret79 = insertvalue i1620 %newret78, i9 %p_read_677"   --->   Operation 261 'insertvalue' 'newret79' <Predicate = true> <Delay = 0.00>
ST_1 : Operation 262 [1/1] (0.00ns)   --->   "%newret80 = insertvalue i1620 %newret79, i9 %p_read_676"   --->   Operation 262 'insertvalue' 'newret80' <Predicate = true> <Delay = 0.00>
ST_1 : Operation 263 [1/1] (0.00ns)   --->   "%newret81 = insertvalue i1620 %newret80, i9 %p_read9098"   --->   Operation 263 'insertvalue' 'newret81' <Predicate = true> <Delay = 0.00>
ST_1 : Operation 264 [1/1] (0.00ns)   --->   "%newret82 = insertvalue i1620 %newret81, i9 %p_read9199"   --->   Operation 264 'insertvalue' 'newret82' <Predicate = true> <Delay = 0.00>
ST_1 : Operation 265 [1/1] (0.00ns)   --->   "%newret83 = insertvalue i1620 %newret82, i9 %p_read_675"   --->   Operation 265 'insertvalue' 'newret83' <Predicate = true> <Delay = 0.00>
ST_1 : Operation 266 [1/1] (0.00ns)   --->   "%newret84 = insertvalue i1620 %newret83, i9 %p_read_674"   --->   Operation 266 'insertvalue' 'newret84' <Predicate = true> <Delay = 0.00>
ST_1 : Operation 267 [1/1] (0.00ns)   --->   "%newret85 = insertvalue i1620 %newret84, i9 %p_read_673"   --->   Operation 267 'insertvalue' 'newret85' <Predicate = true> <Delay = 0.00>
ST_1 : Operation 268 [1/1] (0.00ns)   --->   "%newret86 = insertvalue i1620 %newret85, i9 %p_read_672"   --->   Operation 268 'insertvalue' 'newret86' <Predicate = true> <Delay = 0.00>
ST_1 : Operation 269 [1/1] (0.00ns)   --->   "%newret87 = insertvalue i1620 %newret86, i9 %p_read_671"   --->   Operation 269 'insertvalue' 'newret87' <Predicate = true> <Delay = 0.00>
ST_1 : Operation 270 [1/1] (0.00ns)   --->   "%newret88 = insertvalue i1620 %newret87, i9 %p_read_670"   --->   Operation 270 'insertvalue' 'newret88' <Predicate = true> <Delay = 0.00>
ST_1 : Operation 271 [1/1] (0.00ns)   --->   "%newret89 = insertvalue i1620 %newret88, i9 %p_read_669"   --->   Operation 271 'insertvalue' 'newret89' <Predicate = true> <Delay = 0.00>
ST_1 : Operation 272 [1/1] (0.00ns)   --->   "%newret90 = insertvalue i1620 %newret89, i9 %p_read100107"   --->   Operation 272 'insertvalue' 'newret90' <Predicate = true> <Delay = 0.00>
ST_1 : Operation 273 [1/1] (0.00ns)   --->   "%newret91 = insertvalue i1620 %newret90, i9 %p_read_668"   --->   Operation 273 'insertvalue' 'newret91' <Predicate = true> <Delay = 0.00>
ST_1 : Operation 274 [1/1] (0.00ns)   --->   "%newret92 = insertvalue i1620 %newret91, i9 %p_read_667"   --->   Operation 274 'insertvalue' 'newret92' <Predicate = true> <Delay = 0.00>
ST_1 : Operation 275 [1/1] (0.00ns)   --->   "%newret93 = insertvalue i1620 %newret92, i9 %p_read_666"   --->   Operation 275 'insertvalue' 'newret93' <Predicate = true> <Delay = 0.00>
ST_1 : Operation 276 [1/1] (0.00ns)   --->   "%newret94 = insertvalue i1620 %newret93, i9 %p_read_665"   --->   Operation 276 'insertvalue' 'newret94' <Predicate = true> <Delay = 0.00>
ST_1 : Operation 277 [1/1] (0.00ns)   --->   "%newret95 = insertvalue i1620 %newret94, i9 %p_read_664"   --->   Operation 277 'insertvalue' 'newret95' <Predicate = true> <Delay = 0.00>
ST_1 : Operation 278 [1/1] (0.00ns)   --->   "%newret96 = insertvalue i1620 %newret95, i9 %p_read_663"   --->   Operation 278 'insertvalue' 'newret96' <Predicate = true> <Delay = 0.00>
ST_1 : Operation 279 [1/1] (0.00ns)   --->   "%newret97 = insertvalue i1620 %newret96, i9 %p_read_662"   --->   Operation 279 'insertvalue' 'newret97' <Predicate = true> <Delay = 0.00>
ST_1 : Operation 280 [1/1] (0.00ns)   --->   "%newret98 = insertvalue i1620 %newret97, i9 %p_read_661"   --->   Operation 280 'insertvalue' 'newret98' <Predicate = true> <Delay = 0.00>
ST_1 : Operation 281 [1/1] (0.00ns)   --->   "%newret99 = insertvalue i1620 %newret98, i9 %p_read_660"   --->   Operation 281 'insertvalue' 'newret99' <Predicate = true> <Delay = 0.00>
ST_1 : Operation 282 [1/1] (0.00ns)   --->   "%newret100 = insertvalue i1620 %newret99, i9 %p_read_659"   --->   Operation 282 'insertvalue' 'newret100' <Predicate = true> <Delay = 0.00>
ST_1 : Operation 283 [1/1] (0.00ns)   --->   "%newret101 = insertvalue i1620 %newret100, i9 %p_read_658"   --->   Operation 283 'insertvalue' 'newret101' <Predicate = true> <Delay = 0.00>
ST_1 : Operation 284 [1/1] (0.00ns)   --->   "%newret102 = insertvalue i1620 %newret101, i9 %p_read_657"   --->   Operation 284 'insertvalue' 'newret102' <Predicate = true> <Delay = 0.00>
ST_1 : Operation 285 [1/1] (0.00ns)   --->   "%newret103 = insertvalue i1620 %newret102, i9 %p_read_656"   --->   Operation 285 'insertvalue' 'newret103' <Predicate = true> <Delay = 0.00>
ST_1 : Operation 286 [1/1] (0.00ns)   --->   "%newret104 = insertvalue i1620 %newret103, i9 %p_read_655"   --->   Operation 286 'insertvalue' 'newret104' <Predicate = true> <Delay = 0.00>
ST_1 : Operation 287 [1/1] (0.00ns)   --->   "%newret105 = insertvalue i1620 %newret104, i9 %p_read_654"   --->   Operation 287 'insertvalue' 'newret105' <Predicate = true> <Delay = 0.00>
ST_1 : Operation 288 [1/1] (0.00ns)   --->   "%newret106 = insertvalue i1620 %newret105, i9 %p_read_653"   --->   Operation 288 'insertvalue' 'newret106' <Predicate = true> <Delay = 0.00>
ST_1 : Operation 289 [1/1] (0.00ns)   --->   "%newret107 = insertvalue i1620 %newret106, i9 %p_read_652"   --->   Operation 289 'insertvalue' 'newret107' <Predicate = true> <Delay = 0.00>
ST_1 : Operation 290 [1/1] (0.00ns)   --->   "%newret108 = insertvalue i1620 %newret107, i9 %p_read_651"   --->   Operation 290 'insertvalue' 'newret108' <Predicate = true> <Delay = 0.00>
ST_1 : Operation 291 [1/1] (0.00ns)   --->   "%newret109 = insertvalue i1620 %newret108, i9 %p_read_650"   --->   Operation 291 'insertvalue' 'newret109' <Predicate = true> <Delay = 0.00>
ST_1 : Operation 292 [1/1] (0.00ns)   --->   "%newret110 = insertvalue i1620 %newret109, i9 %p_read_649"   --->   Operation 292 'insertvalue' 'newret110' <Predicate = true> <Delay = 0.00>
ST_1 : Operation 293 [1/1] (0.00ns)   --->   "%newret111 = insertvalue i1620 %newret110, i9 %p_read_648"   --->   Operation 293 'insertvalue' 'newret111' <Predicate = true> <Delay = 0.00>
ST_1 : Operation 294 [1/1] (0.00ns)   --->   "%newret112 = insertvalue i1620 %newret111, i9 %p_read_647"   --->   Operation 294 'insertvalue' 'newret112' <Predicate = true> <Delay = 0.00>
ST_1 : Operation 295 [1/1] (0.00ns)   --->   "%newret113 = insertvalue i1620 %newret112, i9 %p_read_646"   --->   Operation 295 'insertvalue' 'newret113' <Predicate = true> <Delay = 0.00>
ST_1 : Operation 296 [1/1] (0.00ns)   --->   "%newret114 = insertvalue i1620 %newret113, i9 %p_read_645"   --->   Operation 296 'insertvalue' 'newret114' <Predicate = true> <Delay = 0.00>
ST_1 : Operation 297 [1/1] (0.00ns)   --->   "%newret115 = insertvalue i1620 %newret114, i9 %p_read_644"   --->   Operation 297 'insertvalue' 'newret115' <Predicate = true> <Delay = 0.00>
ST_1 : Operation 298 [1/1] (0.00ns)   --->   "%newret116 = insertvalue i1620 %newret115, i9 %p_read_643"   --->   Operation 298 'insertvalue' 'newret116' <Predicate = true> <Delay = 0.00>
ST_1 : Operation 299 [1/1] (0.00ns)   --->   "%newret117 = insertvalue i1620 %newret116, i9 %p_read_642"   --->   Operation 299 'insertvalue' 'newret117' <Predicate = true> <Delay = 0.00>
ST_1 : Operation 300 [1/1] (0.00ns)   --->   "%newret118 = insertvalue i1620 %newret117, i9 %p_read_641"   --->   Operation 300 'insertvalue' 'newret118' <Predicate = true> <Delay = 0.00>
ST_1 : Operation 301 [1/1] (0.00ns)   --->   "%newret119 = insertvalue i1620 %newret118, i9 %p_read_640"   --->   Operation 301 'insertvalue' 'newret119' <Predicate = true> <Delay = 0.00>
ST_1 : Operation 302 [1/1] (0.00ns)   --->   "%newret120 = insertvalue i1620 %newret119, i9 %p_read_639"   --->   Operation 302 'insertvalue' 'newret120' <Predicate = true> <Delay = 0.00>
ST_1 : Operation 303 [1/1] (0.00ns)   --->   "%newret121 = insertvalue i1620 %newret120, i9 %p_read_638"   --->   Operation 303 'insertvalue' 'newret121' <Predicate = true> <Delay = 0.00>
ST_1 : Operation 304 [1/1] (0.00ns)   --->   "%newret122 = insertvalue i1620 %newret121, i9 %p_read_637"   --->   Operation 304 'insertvalue' 'newret122' <Predicate = true> <Delay = 0.00>
ST_1 : Operation 305 [1/1] (0.00ns)   --->   "%newret123 = insertvalue i1620 %newret122, i9 %p_read_636"   --->   Operation 305 'insertvalue' 'newret123' <Predicate = true> <Delay = 0.00>
ST_1 : Operation 306 [1/1] (0.00ns)   --->   "%newret124 = insertvalue i1620 %newret123, i9 %p_read_635"   --->   Operation 306 'insertvalue' 'newret124' <Predicate = true> <Delay = 0.00>
ST_1 : Operation 307 [1/1] (0.00ns)   --->   "%newret125 = insertvalue i1620 %newret124, i9 %p_read_634"   --->   Operation 307 'insertvalue' 'newret125' <Predicate = true> <Delay = 0.00>
ST_1 : Operation 308 [1/1] (0.00ns)   --->   "%newret126 = insertvalue i1620 %newret125, i9 %p_read_633"   --->   Operation 308 'insertvalue' 'newret126' <Predicate = true> <Delay = 0.00>
ST_1 : Operation 309 [1/1] (0.00ns)   --->   "%newret127 = insertvalue i1620 %newret126, i9 %p_read_632"   --->   Operation 309 'insertvalue' 'newret127' <Predicate = true> <Delay = 0.00>
ST_1 : Operation 310 [1/1] (0.00ns)   --->   "%newret128 = insertvalue i1620 %newret127, i9 %p_read_631"   --->   Operation 310 'insertvalue' 'newret128' <Predicate = true> <Delay = 0.00>
ST_1 : Operation 311 [1/1] (0.00ns)   --->   "%newret129 = insertvalue i1620 %newret128, i9 %p_read_630"   --->   Operation 311 'insertvalue' 'newret129' <Predicate = true> <Delay = 0.00>
ST_1 : Operation 312 [1/1] (0.00ns)   --->   "%newret130 = insertvalue i1620 %newret129, i9 %p_read_629"   --->   Operation 312 'insertvalue' 'newret130' <Predicate = true> <Delay = 0.00>
ST_1 : Operation 313 [1/1] (0.00ns)   --->   "%newret131 = insertvalue i1620 %newret130, i9 %p_read_628"   --->   Operation 313 'insertvalue' 'newret131' <Predicate = true> <Delay = 0.00>
ST_1 : Operation 314 [1/1] (0.00ns)   --->   "%newret132 = insertvalue i1620 %newret131, i9 %p_read_627"   --->   Operation 314 'insertvalue' 'newret132' <Predicate = true> <Delay = 0.00>
ST_1 : Operation 315 [1/1] (0.00ns)   --->   "%newret133 = insertvalue i1620 %newret132, i9 %p_read_626"   --->   Operation 315 'insertvalue' 'newret133' <Predicate = true> <Delay = 0.00>
ST_1 : Operation 316 [1/1] (0.00ns)   --->   "%newret134 = insertvalue i1620 %newret133, i9 %p_read_625"   --->   Operation 316 'insertvalue' 'newret134' <Predicate = true> <Delay = 0.00>
ST_1 : Operation 317 [1/1] (0.00ns)   --->   "%newret135 = insertvalue i1620 %newret134, i9 %p_read_624"   --->   Operation 317 'insertvalue' 'newret135' <Predicate = true> <Delay = 0.00>
ST_1 : Operation 318 [1/1] (0.00ns)   --->   "%newret136 = insertvalue i1620 %newret135, i9 %p_read_623"   --->   Operation 318 'insertvalue' 'newret136' <Predicate = true> <Delay = 0.00>
ST_1 : Operation 319 [1/1] (0.00ns)   --->   "%newret137 = insertvalue i1620 %newret136, i9 %p_read_622"   --->   Operation 319 'insertvalue' 'newret137' <Predicate = true> <Delay = 0.00>
ST_1 : Operation 320 [1/1] (0.00ns)   --->   "%newret138 = insertvalue i1620 %newret137, i9 %p_read_621"   --->   Operation 320 'insertvalue' 'newret138' <Predicate = true> <Delay = 0.00>
ST_1 : Operation 321 [1/1] (0.00ns)   --->   "%newret139 = insertvalue i1620 %newret138, i9 %p_read_620"   --->   Operation 321 'insertvalue' 'newret139' <Predicate = true> <Delay = 0.00>
ST_1 : Operation 322 [1/1] (0.00ns)   --->   "%newret140 = insertvalue i1620 %newret139, i9 %p_read_619"   --->   Operation 322 'insertvalue' 'newret140' <Predicate = true> <Delay = 0.00>
ST_1 : Operation 323 [1/1] (0.00ns)   --->   "%newret141 = insertvalue i1620 %newret140, i9 %p_read_618"   --->   Operation 323 'insertvalue' 'newret141' <Predicate = true> <Delay = 0.00>
ST_1 : Operation 324 [1/1] (0.00ns)   --->   "%newret142 = insertvalue i1620 %newret141, i9 %p_read_617"   --->   Operation 324 'insertvalue' 'newret142' <Predicate = true> <Delay = 0.00>
ST_1 : Operation 325 [1/1] (0.00ns)   --->   "%newret143 = insertvalue i1620 %newret142, i9 %p_read_616"   --->   Operation 325 'insertvalue' 'newret143' <Predicate = true> <Delay = 0.00>
ST_1 : Operation 326 [1/1] (0.00ns)   --->   "%newret144 = insertvalue i1620 %newret143, i9 %p_read_615"   --->   Operation 326 'insertvalue' 'newret144' <Predicate = true> <Delay = 0.00>
ST_1 : Operation 327 [1/1] (0.00ns)   --->   "%newret145 = insertvalue i1620 %newret144, i9 %p_read_614"   --->   Operation 327 'insertvalue' 'newret145' <Predicate = true> <Delay = 0.00>
ST_1 : Operation 328 [1/1] (0.00ns)   --->   "%newret146 = insertvalue i1620 %newret145, i9 %p_read_613"   --->   Operation 328 'insertvalue' 'newret146' <Predicate = true> <Delay = 0.00>
ST_1 : Operation 329 [1/1] (0.00ns)   --->   "%newret147 = insertvalue i1620 %newret146, i9 %p_read_612"   --->   Operation 329 'insertvalue' 'newret147' <Predicate = true> <Delay = 0.00>
ST_1 : Operation 330 [1/1] (0.00ns)   --->   "%newret148 = insertvalue i1620 %newret147, i9 %p_read_611"   --->   Operation 330 'insertvalue' 'newret148' <Predicate = true> <Delay = 0.00>
ST_1 : Operation 331 [1/1] (0.00ns)   --->   "%newret149 = insertvalue i1620 %newret148, i9 %p_read_610"   --->   Operation 331 'insertvalue' 'newret149' <Predicate = true> <Delay = 0.00>
ST_1 : Operation 332 [1/1] (0.00ns)   --->   "%newret150 = insertvalue i1620 %newret149, i9 %p_read_609"   --->   Operation 332 'insertvalue' 'newret150' <Predicate = true> <Delay = 0.00>
ST_1 : Operation 333 [1/1] (0.00ns)   --->   "%newret151 = insertvalue i1620 %newret150, i9 %p_read_608"   --->   Operation 333 'insertvalue' 'newret151' <Predicate = true> <Delay = 0.00>
ST_1 : Operation 334 [1/1] (0.00ns)   --->   "%newret152 = insertvalue i1620 %newret151, i9 %p_read_607"   --->   Operation 334 'insertvalue' 'newret152' <Predicate = true> <Delay = 0.00>
ST_1 : Operation 335 [1/1] (0.00ns)   --->   "%newret153 = insertvalue i1620 %newret152, i9 %p_read_606"   --->   Operation 335 'insertvalue' 'newret153' <Predicate = true> <Delay = 0.00>
ST_1 : Operation 336 [1/1] (0.00ns)   --->   "%newret154 = insertvalue i1620 %newret153, i9 %p_read_605"   --->   Operation 336 'insertvalue' 'newret154' <Predicate = true> <Delay = 0.00>
ST_1 : Operation 337 [1/1] (0.00ns)   --->   "%newret155 = insertvalue i1620 %newret154, i9 %p_read_604"   --->   Operation 337 'insertvalue' 'newret155' <Predicate = true> <Delay = 0.00>
ST_1 : Operation 338 [1/1] (0.00ns)   --->   "%newret156 = insertvalue i1620 %newret155, i9 %p_read_603"   --->   Operation 338 'insertvalue' 'newret156' <Predicate = true> <Delay = 0.00>
ST_1 : Operation 339 [1/1] (0.00ns)   --->   "%newret157 = insertvalue i1620 %newret156, i9 %p_read_602"   --->   Operation 339 'insertvalue' 'newret157' <Predicate = true> <Delay = 0.00>
ST_1 : Operation 340 [1/1] (0.00ns)   --->   "%newret158 = insertvalue i1620 %newret157, i9 %p_read_601"   --->   Operation 340 'insertvalue' 'newret158' <Predicate = true> <Delay = 0.00>
ST_1 : Operation 341 [1/1] (0.00ns)   --->   "%newret159 = insertvalue i1620 %newret158, i9 %p_read_600"   --->   Operation 341 'insertvalue' 'newret159' <Predicate = true> <Delay = 0.00>
ST_1 : Operation 342 [1/1] (0.00ns)   --->   "%newret160 = insertvalue i1620 %newret159, i9 %p_read_599"   --->   Operation 342 'insertvalue' 'newret160' <Predicate = true> <Delay = 0.00>
ST_1 : Operation 343 [1/1] (0.00ns)   --->   "%newret161 = insertvalue i1620 %newret160, i9 %p_read_598"   --->   Operation 343 'insertvalue' 'newret161' <Predicate = true> <Delay = 0.00>
ST_1 : Operation 344 [1/1] (0.00ns)   --->   "%newret162 = insertvalue i1620 %newret161, i9 %p_read_597"   --->   Operation 344 'insertvalue' 'newret162' <Predicate = true> <Delay = 0.00>
ST_1 : Operation 345 [1/1] (0.00ns)   --->   "%newret163 = insertvalue i1620 %newret162, i9 %p_read_596"   --->   Operation 345 'insertvalue' 'newret163' <Predicate = true> <Delay = 0.00>
ST_1 : Operation 346 [1/1] (0.00ns)   --->   "%newret164 = insertvalue i1620 %newret163, i9 %p_read_595"   --->   Operation 346 'insertvalue' 'newret164' <Predicate = true> <Delay = 0.00>
ST_1 : Operation 347 [1/1] (0.00ns)   --->   "%newret165 = insertvalue i1620 %newret164, i9 %p_read_594"   --->   Operation 347 'insertvalue' 'newret165' <Predicate = true> <Delay = 0.00>
ST_1 : Operation 348 [1/1] (0.00ns)   --->   "%newret166 = insertvalue i1620 %newret165, i9 %p_read_593"   --->   Operation 348 'insertvalue' 'newret166' <Predicate = true> <Delay = 0.00>
ST_1 : Operation 349 [1/1] (0.00ns)   --->   "%newret167 = insertvalue i1620 %newret166, i9 %p_read_592"   --->   Operation 349 'insertvalue' 'newret167' <Predicate = true> <Delay = 0.00>
ST_1 : Operation 350 [1/1] (0.00ns)   --->   "%newret168 = insertvalue i1620 %newret167, i9 %p_read_591"   --->   Operation 350 'insertvalue' 'newret168' <Predicate = true> <Delay = 0.00>
ST_1 : Operation 351 [1/1] (0.00ns)   --->   "%newret169 = insertvalue i1620 %newret168, i9 %p_read_590"   --->   Operation 351 'insertvalue' 'newret169' <Predicate = true> <Delay = 0.00>
ST_1 : Operation 352 [1/1] (0.00ns)   --->   "%newret170 = insertvalue i1620 %newret169, i9 %p_read_589"   --->   Operation 352 'insertvalue' 'newret170' <Predicate = true> <Delay = 0.00>
ST_1 : Operation 353 [1/1] (0.00ns)   --->   "%newret171 = insertvalue i1620 %newret170, i9 %p_read_588"   --->   Operation 353 'insertvalue' 'newret171' <Predicate = true> <Delay = 0.00>
ST_1 : Operation 354 [1/1] (0.00ns)   --->   "%newret172 = insertvalue i1620 %newret171, i9 %p_read_587"   --->   Operation 354 'insertvalue' 'newret172' <Predicate = true> <Delay = 0.00>
ST_1 : Operation 355 [1/1] (0.00ns)   --->   "%newret173 = insertvalue i1620 %newret172, i9 %p_read_586"   --->   Operation 355 'insertvalue' 'newret173' <Predicate = true> <Delay = 0.00>
ST_1 : Operation 356 [1/1] (0.00ns)   --->   "%newret174 = insertvalue i1620 %newret173, i9 %p_read_585"   --->   Operation 356 'insertvalue' 'newret174' <Predicate = true> <Delay = 0.00>
ST_1 : Operation 357 [1/1] (0.00ns)   --->   "%newret175 = insertvalue i1620 %newret174, i9 %p_read_584"   --->   Operation 357 'insertvalue' 'newret175' <Predicate = true> <Delay = 0.00>
ST_1 : Operation 358 [1/1] (0.00ns)   --->   "%newret176 = insertvalue i1620 %newret175, i9 %p_read_583"   --->   Operation 358 'insertvalue' 'newret176' <Predicate = true> <Delay = 0.00>
ST_1 : Operation 359 [1/1] (0.00ns)   --->   "%newret177 = insertvalue i1620 %newret176, i9 %p_read_582"   --->   Operation 359 'insertvalue' 'newret177' <Predicate = true> <Delay = 0.00>
ST_1 : Operation 360 [1/1] (0.00ns)   --->   "%newret178 = insertvalue i1620 %newret177, i9 %p_read_581"   --->   Operation 360 'insertvalue' 'newret178' <Predicate = true> <Delay = 0.00>
ST_1 : Operation 361 [1/1] (0.00ns)   --->   "%newret179 = insertvalue i1620 %newret178, i9 %p_read_580"   --->   Operation 361 'insertvalue' 'newret179' <Predicate = true> <Delay = 0.00>
ST_1 : Operation 362 [1/1] (0.00ns)   --->   "%ret_ln0 = ret i1620 %newret179"   --->   Operation 362 'ret' 'ret_ln0' <Predicate = true> <Delay = 0.00>


============================================================
+ Verbose Summary: Timing violations
============================================================
Target clock period: 2.8ns, clock uncertainty: 0.35ns.

 <State 1>: 0ns
The critical path consists of the following:


============================================================
+ Verbose Summary: Binding
============================================================
N/A
* FSMD analyzer results:
  - Output states:
 - Input state : 
  - Chain level:
	State 1


============================================================
+ Verbose Summary: Datapath Resource usage 
============================================================
N/A
